Archive member included because of file (symbol)

.\CortexM0p\ARM_GCC_493\Debug\AnalogCoProcessor_Design.a(cyfitter_cfg.o)
                              .\CortexM0p\ARM_GCC_493\Debug\Cm0plusStart.o (cyfitter_cfg)
.\CortexM0p\ARM_GCC_493\Debug\AnalogCoProcessor_Design.a(EzI2C.o)
                              .\CortexM0p\ARM_GCC_493\Debug\main.o (EzI2C_Start)
.\CortexM0p\ARM_GCC_493\Debug\AnalogCoProcessor_Design.a(EzI2C_EZI2C.o)
                              .\CortexM0p\ARM_GCC_493\Debug\AnalogCoProcessor_Design.a(EzI2C.o) (EzI2C_EzI2CInit)
.\CortexM0p\ARM_GCC_493\Debug\AnalogCoProcessor_Design.a(EzI2C_EZI2C_INT.o)
                              .\CortexM0p\ARM_GCC_493\Debug\AnalogCoProcessor_Design.a(EzI2C_EZI2C.o) (EzI2C_EZI2C_STRETCH_ISR)
.\CortexM0p\ARM_GCC_493\Debug\AnalogCoProcessor_Design.a(ADC.o)
                              .\CortexM0p\ARM_GCC_493\Debug\main.o (ADC_StartConvert)
.\CortexM0p\ARM_GCC_493\Debug\AnalogCoProcessor_Design.a(ADC_INIT.o)
                              .\CortexM0p\ARM_GCC_493\Debug\AnalogCoProcessor_Design.a(ADC.o) (ADC_InputsPlacement)
.\CortexM0p\ARM_GCC_493\Debug\AnalogCoProcessor_Design.a(ADC_INT.o)
                              .\CortexM0p\ARM_GCC_493\Debug\AnalogCoProcessor_Design.a(ADC.o) (ADC_ISR)
.\CortexM0p\ARM_GCC_493\Debug\AnalogCoProcessor_Design.a(RefBuffer.o)
                              .\CortexM0p\ARM_GCC_493\Debug\main.o (RefBuffer_Start)
.\CortexM0p\ARM_GCC_493\Debug\AnalogCoProcessor_Design.a(PVref.o)
                              .\CortexM0p\ARM_GCC_493\Debug\main.o (PVref_Enable)
.\CortexM0p\ARM_GCC_493\Debug\AnalogCoProcessor_Design.a(PIRAmplifierStage1.o)
                              .\CortexM0p\ARM_GCC_493\Debug\main.o (PIRAmplifierStage1_Start)
.\CortexM0p\ARM_GCC_493\Debug\AnalogCoProcessor_Design.a(PIRAmplifierStage2.o)
                              .\CortexM0p\ARM_GCC_493\Debug\main.o (PIRAmplifierStage2_SetGain)
.\CortexM0p\ARM_GCC_493\Debug\AnalogCoProcessor_Design.a(isr_Timebase5s.o)
                              .\CortexM0p\ARM_GCC_493\Debug\main.o (isr_Timebase5s_Start)
.\CortexM0p\ARM_GCC_493\Debug\AnalogCoProcessor_Design.a(Timebase5s.o)
                              .\CortexM0p\ARM_GCC_493\Debug\main.o (Timebase5s_Stop)
.\CortexM0p\ARM_GCC_493\Debug\AnalogCoProcessor_Design.a(ADC_intSarClock.o)
                              .\CortexM0p\ARM_GCC_493\Debug\AnalogCoProcessor_Design.a(ADC.o) (ADC_intSarClock_SetFractionalDividerRegister)
.\CortexM0p\ARM_GCC_493\Debug\AnalogCoProcessor_Design.a(ADC_IRQ.o)
                              .\CortexM0p\ARM_GCC_493\Debug\AnalogCoProcessor_Design.a(ADC.o) (ADC_IRQ_StartEx)
.\CortexM0p\ARM_GCC_493\Debug\AnalogCoProcessor_Design.a(CyLib.o)
                              .\CortexM0p\ARM_GCC_493\Debug\AnalogCoProcessor_Design.a(EzI2C.o) (CyIntEnable)
.\CortexM0p\ARM_GCC_493\Debug\AnalogCoProcessor_Design.a(CyLFClk.o)
                              .\CortexM0p\ARM_GCC_493\Debug\AnalogCoProcessor_Design.a(CyLib.o) (CySysClkWcoEnabled)
.\CortexM0p\ARM_GCC_493\Debug\AnalogCoProcessor_Design.a(Thermistor.o)
                              .\CortexM0p\ARM_GCC_493\Debug\main.o (Thermistor_GetResistance)
.\CortexM0p\ARM_GCC_493\Debug\AnalogCoProcessor_Design.a(Opamp_1.o)
                              .\CortexM0p\ARM_GCC_493\Debug\main.o (Opamp_1_Start)
.\CortexM0p\ARM_GCC_493\Debug\AnalogCoProcessor_Design.a(CSD_Control.o)
                              .\CortexM0p\ARM_GCC_493\Debug\main.o (CSD_Start)
.\CortexM0p\ARM_GCC_493\Debug\AnalogCoProcessor_Design.a(CSD_Processing.o)
                              .\CortexM0p\ARM_GCC_493\Debug\AnalogCoProcessor_Design.a(CSD_Control.o) (CSD_DpInitialize)
.\CortexM0p\ARM_GCC_493\Debug\AnalogCoProcessor_Design.a(CSD_Structure.o)
                              .\CortexM0p\ARM_GCC_493\Debug\AnalogCoProcessor_Design.a(CSD_Control.o) (CSD_DsInitialize)
.\CortexM0p\ARM_GCC_493\Debug\AnalogCoProcessor_Design.a(CSD_Tuner.o)
                              .\CortexM0p\ARM_GCC_493\Debug\AnalogCoProcessor_Design.a(CSD_Control.o) (CSD_TuInitialize)
.\CortexM0p\ARM_GCC_493\Debug\AnalogCoProcessor_Design.a(CSD_Filter.o)
                              .\CortexM0p\ARM_GCC_493\Debug\AnalogCoProcessor_Design.a(CSD_Control.o) (CSD_InitializeAllBaselines)
.\CortexM0p\ARM_GCC_493\Debug\AnalogCoProcessor_Design.a(CSD_Sensing.o)
                              .\CortexM0p\ARM_GCC_493\Debug\main.o (CSD_IsBusy)
.\CortexM0p\ARM_GCC_493\Debug\AnalogCoProcessor_Design.a(CSD_SensingCSD_LL.o)
                              .\CortexM0p\ARM_GCC_493\Debug\AnalogCoProcessor_Design.a(CSD_Sensing.o) (CSD_CSDConnectSns)
.\CortexM0p\ARM_GCC_493\Debug\AnalogCoProcessor_Design.a(CSD_ISR.o)
                              .\CortexM0p\ARM_GCC_493\Debug\AnalogCoProcessor_Design.a(CSD_Sensing.o) (CSD_ISR_StartEx)
.\CortexM0p\ARM_GCC_493\Debug\AnalogCoProcessor_Design.a(CyBootAsmGnu.o)
[...]
Memory Configuration

Name             Origin             Length             Attributes
rom              0x00000000         0x00008000         xr
ram              0x20000000         0x00001000         xrw
*default*        0x00000000         0xffffffff

Linker script and memory map

LOAD c:/program files (x86)/cypress/psoc creator/4.0/psoc creator/import/gnu/arm/4.9.3/bin/../lib/gcc/arm-none-eabi/4.9.3/armv6-m/crti.o
LOAD c:/program files (x86)/cypress/psoc creator/4.0/psoc creator/import/gnu/arm/4.9.3/bin/../lib/gcc/arm-none-eabi/4.9.3/armv6-m/crtbegin.o
LOAD c:/program files (x86)/cypress/psoc creator/4.0/psoc creator/import/gnu/arm/4.9.3/bin/../lib/gcc/arm-none-eabi/4.9.3/../../../../arm-none-eabi/lib/armv6-m/crt0.o
START GROUP
LOAD .\CortexM0p\ARM_GCC_493\Debug\main.o
LOAD .\CortexM0p\ARM_GCC_493\Debug\cymetadata.o
LOAD .\CortexM0p\ARM_GCC_493\Debug\Cm0plusStart.o
LOAD .\CortexM0p\ARM_GCC_493\Debug\AnalogCoProcessor_Design.a
LOAD C:\Program Files (x86)\Cypress\PSoC Creator\4.0\PSoC Creator\psoc\content\cycomponentlibrary\CyComponentLibrary.cylib\CapSense_P4_v3_0\PSoC4\Library\Capsense_P4Library_GCCp.a
END GROUP
START GROUP
LOAD c:/program files (x86)/cypress/psoc creator/4.0/psoc creator/import/gnu/arm/4.9.3/bin/../lib/gcc/arm-none-eabi/4.9.3/armv6-m\libgcc.a
LOAD c:/program files (x86)/cypress/psoc creator/4.0/psoc creator/import/gnu/arm/4.9.3/bin/../lib/gcc/arm-none-eabi/4.9.3/../../../../arm-none-eabi/lib/armv6-m\libg_nano.a
LOAD c:/program files (x86)/cypress/psoc creator/4.0/psoc creator/import/gnu/arm/4.9.3/bin/../lib/gcc/arm-none-eabi/4.9.3/../../../../arm-none-eabi/lib/armv6-m\libc_nano.a
END GROUP
START GROUP
LOAD c:/program files (x86)/cypress/psoc creator/4.0/psoc creator/import/gnu/arm/4.9.3/bin/../lib/gcc/arm-none-eabi/4.9.3/armv6-m\libgcc.a
LOAD c:/program files (x86)/cypress/psoc creator/4.0/psoc creator/import/gnu/arm/4.9.3/bin/../lib/gcc/arm-none-eabi/4.9.3/../../../../arm-none-eabi/lib/armv6-m\libc_nano.a
END GROUP
LOAD c:/program files (x86)/cypress/psoc creator/4.0/psoc creator/import/gnu/arm/4.9.3/bin/../lib/gcc/arm-none-eabi/4.9.3/armv6-m/crtend.o
LOAD c:/program files (x86)/cypress/psoc creator/4.0/psoc creator/import/gnu/arm/4.9.3/bin/../lib/gcc/arm-none-eabi/4.9.3/armv6-m/crtn.o
START GROUP
LOAD c:/program files (x86)/cypress/psoc creator/4.0/psoc creator/import/gnu/arm/4.9.3/bin/../lib/gcc/arm-none-eabi/4.9.3/armv6-m\libgcc.a
LOAD c:/program files (x86)/cypress/psoc creator/4.0/psoc creator/import/gnu/arm/4.9.3/bin/../lib/gcc/arm-none-eabi/4.9.3/../../../../arm-none-eabi/lib/armv6-m\libc.a
LOAD c:/program files (x86)/cypress/psoc creator/4.0/psoc creator/import/gnu/arm/4.9.3/bin/../lib/gcc/arm-none-eabi/4.9.3/../../../../arm-none-eabi/lib/armv6-m\libnosys.a
END GROUP
                0x00000000                CY_APPL_ORIGIN = 0x0
                0x00000080                CY_FLASH_ROW_SIZE = 0x80
                0x00000001                CY_APPL_NUM = 0x1
                0x00000001                CY_APPL_MAX = 0x1
                0x00000040                CY_METADATA_SIZE = 0x40
                0x00000000                CY_APPL_LOADABLE = 0x0
                0x00000000                CY_CHECKSUM_EXCLUDE_SIZE = ALIGN (0x0, CY_FLASH_ROW_SIZE)
                0x00000000                CY_APP_FOR_STACK_AND_COPIER = 0x0
                0x20000228                PROVIDE (__cy_heap_start, _end)
                0x00000001                PROVIDE (__cy_region_num, ((__cy_regions_end - __cy_regions) / 0x10))
                0x20001000                PROVIDE (__cy_stack, (ORIGIN (ram) + 0x1000))
                0x20000800                PROVIDE (__cy_heap_end, (__cy_stack - 0x800))

.cybootloader   0x00000000        0x0
 *(.cybootloader)
                0x00000000                appl1_start = CY_APPL_ORIGIN?CY_APPL_ORIGIN:ALIGN (CY_FLASH_ROW_SIZE)
                0x00003f80                appl2_start = (appl1_start + ALIGN ((((0x8000 - appl1_start) - (0x2 * CY_FLASH_ROW_SIZE)) / 0x2), CY_FLASH_ROW_SIZE))
                0x00000000                appl_start = (CY_APPL_NUM == 0x1)?appl1_start:appl2_start
                0x00000001                cy_project_type_bootloader = (appl_start == 0x0)?0x1:0x0
                0x00000000                cy_project_type_app_for_stack_and_copier = (CY_APP_FOR_STACK_AND_COPIER == 0x1)?0x1:0x0

.text           0x00000000     0x3092
 CREATE_OBJECT_SYMBOLS
                0x00000000                PROVIDE (__cy_interrupt_vector, RomVectors)
 *(.romvectors)
 .romvectors    0x00000000       0x10 .\CortexM0p\ARM_GCC_493\Debug\Cm0plusStart.o
                0x00000000                RomVectors
                0x00000001                ASSERT ((. != __cy_interrupt_vector), No interrupt vector)
                0x00000001                ASSERT (CY_APPL_ORIGIN?(SIZEOF (.cybootloader) <= CY_APPL_ORIGIN):0x1, Wrong image location)
                0x00000010                PROVIDE (__cy_reset, Reset)
 *(.text.Reset)
 .text.Reset    0x00000010        0xc .\CortexM0p\ARM_GCC_493\Debug\Cm0plusStart.o
                0x00000010                Reset
                0x00000001                ASSERT ((. != __cy_reset), No reset code)
 *(.psocinit)
 .psocinit      0x0000001c      0x150 .\CortexM0p\ARM_GCC_493\Debug\AnalogCoProcessor_Design.a(cyfitter_cfg.o)
                0x000000dc                cyfitter_cfg
                0x0000016c                . = MAX (., 0x100)
 *(.text .text.* .gnu.linkonce.t.*)
 .text          0x0000016c       0x60 c:/program files (x86)/cypress/psoc creator/4.0/psoc creator/import/gnu/arm/4.9.3/bin/../lib/gcc/arm-none-eabi/4.9.3/armv6-m/crtbegin.o
 .text.TIMEBASE_ISR
                0x000001cc       0x14 .\CortexM0p\ARM_GCC_493\Debug\main.o
                0x000001cc                TIMEBASE_ISR
 .text.InitResources
                0x000001e0       0x48 .\CortexM0p\ARM_GCC_493\Debug\main.o
                0x000001e0                InitResources
 .text.main     0x00000228      0x240 .\CortexM0p\ARM_GCC_493\Debug\main.o
                0x00000228                main
 .text.IntDefaultHandler
                0x00000468       0x10 .\CortexM0p\ARM_GCC_493\Debug\Cm0plusStart.o
                0x00000468                IntDefaultHandler
 .text.Start_c  0x00000478       0x48 .\CortexM0p\ARM_GCC_493\Debug\Cm0plusStart.o
                0x00000478                Start_c
 .text.initialize_psoc
                0x000004c0       0x48 .\CortexM0p\ARM_GCC_493\Debug\Cm0plusStart.o
                0x000004c0                initialize_psoc
 .text.SetAnalogRoutingPumps
                0x00000508       0x20 .\CortexM0p\ARM_GCC_493\Debug\AnalogCoProcessor_Design.a(cyfitter_cfg.o)
                0x00000508                SetAnalogRoutingPumps
 .text.AnalogSetDefault
                0x00000528       0xf8 .\CortexM0p\ARM_GCC_493\Debug\AnalogCoProcessor_Design.a(cyfitter_cfg.o)
 .text.EzI2C_ScbEnableIntr
                0x00000620        0xc .\CortexM0p\ARM_GCC_493\Debug\AnalogCoProcessor_Design.a(EzI2C.o)
 .text.EzI2C_Init
                0x0000062c        0x8 .\CortexM0p\ARM_GCC_493\Debug\AnalogCoProcessor_Design.a(EzI2C.o)
                0x0000062c                EzI2C_Init
 .text.EzI2C_Enable
                0x00000634       0x18 .\CortexM0p\ARM_GCC_493\Debug\AnalogCoProcessor_Design.a(EzI2C.o)
                0x00000634                EzI2C_Enable
 .text.EzI2C_Start
                0x0000064c       0x20 .\CortexM0p\ARM_GCC_493\Debug\AnalogCoProcessor_Design.a(EzI2C.o)
                0x0000064c                EzI2C_Start
 .text.EzI2C_EzI2CInit
                0x0000066c       0xc0 .\CortexM0p\ARM_GCC_493\Debug\AnalogCoProcessor_Design.a(EzI2C_EZI2C.o)
                0x0000066c                EzI2C_EzI2CInit
 .text.EzI2C_EzI2CGetActivity
                0x0000072c       0x24 .\CortexM0p\ARM_GCC_493\Debug\AnalogCoProcessor_Design.a(EzI2C_EZI2C.o)
                0x0000072c                EzI2C_EzI2CGetActivity
 .text.EzI2C_EzI2CSetBuffer1
                0x00000750       0x30 .\CortexM0p\ARM_GCC_493\Debug\AnalogCoProcessor_Design.a(EzI2C_EZI2C.o)
                0x00000750                EzI2C_EzI2CSetBuffer1
 .text.EzI2C_EZI2C_STRETCH_ISR
                0x00000780      0x324 .\CortexM0p\ARM_GCC_493\Debug\AnalogCoProcessor_Design.a(EzI2C_EZI2C_INT.o)
                0x00000780                EzI2C_EZI2C_STRETCH_ISR
 .text.ADC_InitConfig
                0x00000aa4       0xfc .\CortexM0p\ARM_GCC_493\Debug\AnalogCoProcessor_Design.a(ADC.o)
                0x00000aa4                ADC_InitConfig
 .text.ADC_StartConvert
                0x00000ba0       0x28 .\CortexM0p\ARM_GCC_493\Debug\AnalogCoProcessor_Design.a(ADC.o)
                0x00000ba0                ADC_StartConvert
 .text.ADC_IsEndConversion
                0x00000bc8       0x38 .\CortexM0p\ARM_GCC_493\Debug\AnalogCoProcessor_Design.a(ADC.o)
                0x00000bc8                ADC_IsEndConversion
 .text.ADC_GetResult16
                0x00000c00       0x54 .\CortexM0p\ARM_GCC_493\Debug\AnalogCoProcessor_Design.a(ADC.o)
                0x00000c00                ADC_GetResult16
 .text.ADC_Init
                0x00000c54      0x118 .\CortexM0p\ARM_GCC_493\Debug\AnalogCoProcessor_Design.a(ADC.o)
                0x00000c54                ADC_Init
 .text.ADC_Enable
                0x00000d6c       0x30 .\CortexM0p\ARM_GCC_493\Debug\AnalogCoProcessor_Design.a(ADC.o)
                0x00000d6c                ADC_Enable
 .text.ADC_Start
                0x00000d9c       0x24 .\CortexM0p\ARM_GCC_493\Debug\AnalogCoProcessor_Design.a(ADC.o)
                0x00000d9c                ADC_Start
 .text.ADC_ISR  0x00000dc0        0xc .\CortexM0p\ARM_GCC_493\Debug\AnalogCoProcessor_Design.a(ADC_INT.o)
                0x00000dc0                ADC_ISR
 .text.RefBuffer_Init
                0x00000dcc       0x2c .\CortexM0p\ARM_GCC_493\Debug\AnalogCoProcessor_Design.a(RefBuffer.o)
                0x00000dcc                RefBuffer_Init
 .text.RefBuffer_Enable
                0x00000df8       0x1c .\CortexM0p\ARM_GCC_493\Debug\AnalogCoProcessor_Design.a(RefBuffer.o)
                0x00000df8                RefBuffer_Enable
 .text.RefBuffer_Start
                0x00000e14       0x20 .\CortexM0p\ARM_GCC_493\Debug\AnalogCoProcessor_Design.a(RefBuffer.o)
                0x00000e14                RefBuffer_Start
 .text.PVref_Init
                0x00000e34       0x1c .\CortexM0p\ARM_GCC_493\Debug\AnalogCoProcessor_Design.a(PVref.o)
                0x00000e34                PVref_Init
 .text.PVref_Enable
                0x00000e50       0x10 .\CortexM0p\ARM_GCC_493\Debug\AnalogCoProcessor_Design.a(PVref.o)
                0x00000e50                PVref_Enable
 .text.PVref_Start
                0x00000e60       0x20 .\CortexM0p\ARM_GCC_493\Debug\AnalogCoProcessor_Design.a(PVref.o)
                0x00000e60                PVref_Start
 .text.PIRAmplifierStage1_Init
                0x00000e80       0x2c .\CortexM0p\ARM_GCC_493\Debug\AnalogCoProcessor_Design.a(PIRAmplifierStage1.o)
                0x00000e80                PIRAmplifierStage1_Init
 .text.PIRAmplifierStage1_Enable
                0x00000eac       0x1c .\CortexM0p\ARM_GCC_493\Debug\AnalogCoProcessor_Design.a(PIRAmplifierStage1.o)
                0x00000eac                PIRAmplifierStage1_Enable
 .text.PIRAmplifierStage1_Start
                0x00000ec8       0x20 .\CortexM0p\ARM_GCC_493\Debug\AnalogCoProcessor_Design.a(PIRAmplifierStage1.o)
                0x00000ec8                PIRAmplifierStage1_Start
 .text.PIRAmplifierStage2_Enable
                0x00000ee8       0x1c .\CortexM0p\ARM_GCC_493\Debug\AnalogCoProcessor_Design.a(PIRAmplifierStage2.o)
                0x00000ee8                PIRAmplifierStage2_Enable
 .text.PIRAmplifierStage2_SetGain
                0x00000f04       0x7c .\CortexM0p\ARM_GCC_493\Debug\AnalogCoProcessor_Design.a(PIRAmplifierStage2.o)
                0x00000f04                PIRAmplifierStage2_SetGain
 .text.PIRAmplifierStage2_Init
                0x00000f80       0x4c .\CortexM0p\ARM_GCC_493\Debug\AnalogCoProcessor_Design.a(PIRAmplifierStage2.o)
                0x00000f80                PIRAmplifierStage2_Init
 .text.PIRAmplifierStage2_Start
                0x00000fcc       0x20 .\CortexM0p\ARM_GCC_493\Debug\AnalogCoProcessor_Design.a(PIRAmplifierStage2.o)
                0x00000fcc                PIRAmplifierStage2_Start
 .text.isr_Timebase5s_Interrupt
                0x00000fec        0x4 .\CortexM0p\ARM_GCC_493\Debug\AnalogCoProcessor_Design.a(isr_Timebase5s.o)
                0x00000fec                isr_Timebase5s_Interrupt
 .text.isr_Timebase5s_SetVector
                0x00000ff0        0xc .\CortexM0p\ARM_GCC_493\Debug\AnalogCoProcessor_Design.a(isr_Timebase5s.o)
                0x00000ff0                isr_Timebase5s_SetVector
 .text.isr_Timebase5s_SetPriority
                0x00000ffc       0x24 .\CortexM0p\ARM_GCC_493\Debug\AnalogCoProcessor_Design.a(isr_Timebase5s.o)
                0x00000ffc                isr_Timebase5s_SetPriority
 .text.isr_Timebase5s_Enable
                0x00001020       0x10 .\CortexM0p\ARM_GCC_493\Debug\AnalogCoProcessor_Design.a(isr_Timebase5s.o)
                0x00001020                isr_Timebase5s_Enable
 .text.isr_Timebase5s_Disable
                0x00001030       0x10 .\CortexM0p\ARM_GCC_493\Debug\AnalogCoProcessor_Design.a(isr_Timebase5s.o)
                0x00001030                isr_Timebase5s_Disable
 .text.isr_Timebase5s_Start
                0x00001040       0x1c .\CortexM0p\ARM_GCC_493\Debug\AnalogCoProcessor_Design.a(isr_Timebase5s.o)
                0x00001040                isr_Timebase5s_Start
 .text.isr_Timebase5s_StartEx
                0x0000105c       0x1c .\CortexM0p\ARM_GCC_493\Debug\AnalogCoProcessor_Design.a(isr_Timebase5s.o)
                0x0000105c                isr_Timebase5s_StartEx
 .text.Timebase5s_Stop
                0x00001078       0x1c .\CortexM0p\ARM_GCC_493\Debug\AnalogCoProcessor_Design.a(Timebase5s.o)
                0x00001078                Timebase5s_Stop
 .text.Timebase5s_WriteCounter
                0x00001094       0x10 .\CortexM0p\ARM_GCC_493\Debug\AnalogCoProcessor_Design.a(Timebase5s.o)
                0x00001094                Timebase5s_WriteCounter
 .text.Timebase5s_WritePeriod
                0x000010a4       0x10 .\CortexM0p\ARM_GCC_493\Debug\AnalogCoProcessor_Design.a(Timebase5s.o)
                0x000010a4                Timebase5s_WritePeriod
 .text.Timebase5s_WriteCompare
                0x000010b4       0x10 .\CortexM0p\ARM_GCC_493\Debug\AnalogCoProcessor_Design.a(Timebase5s.o)
                0x000010b4                Timebase5s_WriteCompare
 .text.Timebase5s_TriggerCommand
                0x000010c4       0x1c .\CortexM0p\ARM_GCC_493\Debug\AnalogCoProcessor_Design.a(Timebase5s.o)
                0x000010c4                Timebase5s_TriggerCommand
 .text.Timebase5s_Enable
                0x000010e0       0x24 .\CortexM0p\ARM_GCC_493\Debug\AnalogCoProcessor_Design.a(Timebase5s.o)
                0x000010e0                Timebase5s_Enable
 .text.Timebase5s_SetInterruptMode
                0x00001104        0xc .\CortexM0p\ARM_GCC_493\Debug\AnalogCoProcessor_Design.a(Timebase5s.o)
                0x00001104                Timebase5s_SetInterruptMode
 .text.Timebase5s_Init
                0x00001110       0x3c .\CortexM0p\ARM_GCC_493\Debug\AnalogCoProcessor_Design.a(Timebase5s.o)
                0x00001110                Timebase5s_Init
 .text.Timebase5s_Start
                0x0000114c       0x20 .\CortexM0p\ARM_GCC_493\Debug\AnalogCoProcessor_Design.a(Timebase5s.o)
                0x0000114c                Timebase5s_Start
 .text.ADC_intSarClock_SetFractionalDividerRegister
                0x0000116c       0x20 .\CortexM0p\ARM_GCC_493\Debug\AnalogCoProcessor_Design.a(ADC_intSarClock.o)
                0x0000116c                ADC_intSarClock_SetFractionalDividerRegister
 .text.CySysClkImoDisableWcoLock
                0x0000118c       0x14 .\CortexM0p\ARM_GCC_493\Debug\AnalogCoProcessor_Design.a(CyLib.o)
                0x0000118c                CySysClkImoDisableWcoLock
 .text.CySysClkImoGetWcoLock
                0x000011a0       0x14 .\CortexM0p\ARM_GCC_493\Debug\AnalogCoProcessor_Design.a(CyLib.o)
                0x000011a0                CySysClkImoGetWcoLock
 .text.CyIntEnable
                0x000011b4       0x14 .\CortexM0p\ARM_GCC_493\Debug\AnalogCoProcessor_Design.a(CyLib.o)
                0x000011b4                CyIntEnable
 .text.CyIntDisable
                0x000011c8       0x14 .\CortexM0p\ARM_GCC_493\Debug\AnalogCoProcessor_Design.a(CyLib.o)
                0x000011c8                CyIntDisable
 .text.CyIntClearPending
                0x000011dc       0x14 .\CortexM0p\ARM_GCC_493\Debug\AnalogCoProcessor_Design.a(CyLib.o)
                0x000011dc                CyIntClearPending
 .text.CyHalt   0x000011f0        0x4 .\CortexM0p\ARM_GCC_493\Debug\AnalogCoProcessor_Design.a(CyLib.o)
                0x000011f0                CyHalt
 .text.CyIntSetVector
                0x000011f4       0x24 .\CortexM0p\ARM_GCC_493\Debug\AnalogCoProcessor_Design.a(CyLib.o)
                0x000011f4                CyIntSetVector
 .text.CyIntSetPriority
                0x00001218       0x4c .\CortexM0p\ARM_GCC_493\Debug\AnalogCoProcessor_Design.a(CyLib.o)
                0x00001218                CyIntSetPriority
 .text.CyDelay  0x00001264       0x30 .\CortexM0p\ARM_GCC_493\Debug\AnalogCoProcessor_Design.a(CyLib.o)
                0x00001264                CyDelay
 .text.CySysClkImoEnableWcoLock
                0x00001294       0xcc .\CortexM0p\ARM_GCC_493\Debug\AnalogCoProcessor_Design.a(CyLib.o)
                0x00001294                CySysClkImoEnableWcoLock
 .text.CySysClkWriteImoFreq
                0x00001360       0xd8 .\CortexM0p\ARM_GCC_493\Debug\AnalogCoProcessor_Design.a(CyLib.o)
                0x00001360                CySysClkWriteImoFreq
 .text.CyDelayUs
                0x00001438       0x14 .\CortexM0p\ARM_GCC_493\Debug\AnalogCoProcessor_Design.a(CyLib.o)
                0x00001438                CyDelayUs
 .text.CySysClkGetTimerSource
                0x0000144c       0x10 .\CortexM0p\ARM_GCC_493\Debug\AnalogCoProcessor_Design.a(CyLFClk.o)
 .text.CySysClkWcoEnabled
                0x0000145c       0x14 .\CortexM0p\ARM_GCC_493\Debug\AnalogCoProcessor_Design.a(CyLFClk.o)
                0x0000145c                CySysClkWcoEnabled
 .text.CySysWdtDisable
                0x00001470       0x10 .\CortexM0p\ARM_GCC_493\Debug\AnalogCoProcessor_Design.a(CyLFClk.o)
                0x00001470                CySysWdtDisable
 .text.CySysClkSetTimerSource
                0x00001480       0x68 .\CortexM0p\ARM_GCC_493\Debug\AnalogCoProcessor_Design.a(CyLFClk.o)
                0x00001480                CySysClkSetTimerSource
 .text.Thermistor_GetResistance
                0x000014e8       0x2c .\CortexM0p\ARM_GCC_493\Debug\AnalogCoProcessor_Design.a(Thermistor.o)
                0x000014e8                Thermistor_GetResistance
 .text.Thermistor_GetTemperature
                0x00001514       0x98 .\CortexM0p\ARM_GCC_493\Debug\AnalogCoProcessor_Design.a(Thermistor.o)
                0x00001514                Thermistor_GetTemperature
 .text.Opamp_1_Init
                0x000015ac       0x2c .\CortexM0p\ARM_GCC_493\Debug\AnalogCoProcessor_Design.a(Opamp_1.o)
                0x000015ac                Opamp_1_Init
 .text.Opamp_1_Enable
                0x000015d8       0x1c .\CortexM0p\ARM_GCC_493\Debug\AnalogCoProcessor_Design.a(Opamp_1.o)
                0x000015d8                Opamp_1_Enable
 .text.Opamp_1_Start
                0x000015f4       0x20 .\CortexM0p\ARM_GCC_493\Debug\AnalogCoProcessor_Design.a(Opamp_1.o)
                0x000015f4                Opamp_1_Start
 .text.CSD_Initialize
                0x00001614       0x28 .\CortexM0p\ARM_GCC_493\Debug\AnalogCoProcessor_Design.a(CSD_Control.o)
                0x00001614                CSD_Initialize
 .text.CSD_Start
                0x0000163c       0x50 .\CortexM0p\ARM_GCC_493\Debug\AnalogCoProcessor_Design.a(CSD_Control.o)
                0x0000163c                CSD_Start
 .text.CSD_DpInitialize
                0x0000168c       0x5c .\CortexM0p\ARM_GCC_493\Debug\AnalogCoProcessor_Design.a(CSD_Processing.o)
                0x0000168c                CSD_DpInitialize
 .text.CSD_DsInitialize
                0x000016e8       0x68 .\CortexM0p\ARM_GCC_493\Debug\AnalogCoProcessor_Design.a(CSD_Structure.o)
                0x000016e8                CSD_DsInitialize
 .text.CSD_TuInitialize
                0x00001750       0x14 .\CortexM0p\ARM_GCC_493\Debug\AnalogCoProcessor_Design.a(CSD_Tuner.o)
                0x00001750                CSD_TuInitialize
 .text.CSD_FtInitializeBaselineChannel
                0x00001764       0x1c .\CortexM0p\ARM_GCC_493\Debug\AnalogCoProcessor_Design.a(CSD_Filter.o)
                0x00001764                CSD_FtInitializeBaselineChannel
 .text.CSD_InitializeSensorBaseline
                0x00001780       0x3c .\CortexM0p\ARM_GCC_493\Debug\AnalogCoProcessor_Design.a(CSD_Filter.o)
                0x00001780                CSD_InitializeSensorBaseline
 .text.CSD_InitializeWidgetBaseline
                0x000017bc       0x28 .\CortexM0p\ARM_GCC_493\Debug\AnalogCoProcessor_Design.a(CSD_Filter.o)
                0x000017bc                CSD_InitializeWidgetBaseline
 .text.CSD_InitializeAllBaselines
                0x000017e4       0x18 .\CortexM0p\ARM_GCC_493\Debug\AnalogCoProcessor_Design.a(CSD_Filter.o)
                0x000017e4                CSD_InitializeAllBaselines
 .text.CSD_InitializeIIRInternal
                0x000017fc       0x1c .\CortexM0p\ARM_GCC_493\Debug\AnalogCoProcessor_Design.a(CSD_Filter.o)
                0x000017fc                CSD_InitializeIIRInternal
 .text.CSD_FtInitialize
                0x00001818       0x54 .\CortexM0p\ARM_GCC_493\Debug\AnalogCoProcessor_Design.a(CSD_Filter.o)
                0x00001818                CSD_FtInitialize
 .text.CSD_IsBusy
                0x0000186c       0x10 .\CortexM0p\ARM_GCC_493\Debug\AnalogCoProcessor_Design.a(CSD_Sensing.o)
                0x0000186c                CSD_IsBusy
 .text.CSD_SetupWidget
                0x0000187c       0x44 .\CortexM0p\ARM_GCC_493\Debug\AnalogCoProcessor_Design.a(CSD_Sensing.o)
                0x0000187c                CSD_SetupWidget
 .text.CSD_Scan
                0x000018c0       0x1c .\CortexM0p\ARM_GCC_493\Debug\AnalogCoProcessor_Design.a(CSD_Sensing.o)
                0x000018c0                CSD_Scan
 .text.CSD_ScanAllWidgets
                0x000018dc       0x3c .\CortexM0p\ARM_GCC_493\Debug\AnalogCoProcessor_Design.a(CSD_Sensing.o)
                0x000018dc                CSD_ScanAllWidgets
 .text.CSD_SsPostAllWidgetsScan
                0x00001918        0x4 .\CortexM0p\ARM_GCC_493\Debug\AnalogCoProcessor_Design.a(CSD_Sensing.o)
                0x00001918                CSD_SsPostAllWidgetsScan
 .text.CSD_SsSetModClkClockDivider
                0x0000191c       0x30 .\CortexM0p\ARM_GCC_493\Debug\AnalogCoProcessor_Design.a(CSD_Sensing.o)
                0x0000191c                CSD_SsSetModClkClockDivider
 .text.CSD_CalibrateWidget
                0x0000194c       0x14 .\CortexM0p\ARM_GCC_493\Debug\AnalogCoProcessor_Design.a(CSD_Sensing.o)
                0x0000194c                CSD_CalibrateWidget
 .text.CSD_CalibrateAllWidgets
                0x00001960       0x1c .\CortexM0p\ARM_GCC_493\Debug\AnalogCoProcessor_Design.a(CSD_Sensing.o)
                0x00001960                CSD_CalibrateAllWidgets
 .text.CSD_SsSetWidgetSenseClkSrc
                0x0000197c        0x8 .\CortexM0p\ARM_GCC_493\Debug\AnalogCoProcessor_Design.a(CSD_Sensing.o)
                0x0000197c                CSD_SsSetWidgetSenseClkSrc
 .text.CSD_SsInitializeSourceSenseClk
                0x00001984       0x24 .\CortexM0p\ARM_GCC_493\Debug\AnalogCoProcessor_Design.a(CSD_Sensing.o)
                0x00001984                CSD_SsInitializeSourceSenseClk
 .text.CSD_SsInitialize
                0x000019a8       0x10 .\CortexM0p\ARM_GCC_493\Debug\AnalogCoProcessor_Design.a(CSD_Sensing.o)
                0x000019a8                CSD_SsInitialize
 .text.CSD_SsCSDSetFilterDelay
                0x000019b8       0x50 .\CortexM0p\ARM_GCC_493\Debug\AnalogCoProcessor_Design.a(CSD_SensingCSD_LL.o)
 .text.CSD_SsCSDConfigIDACs
                0x00001a08       0x1c .\CortexM0p\ARM_GCC_493\Debug\AnalogCoProcessor_Design.a(CSD_SensingCSD_LL.o)
 .text.CSD_SsCSDSetModeSnsClockDivider
                0x00001a24       0x10 .\CortexM0p\ARM_GCC_493\Debug\AnalogCoProcessor_Design.a(CSD_SensingCSD_LL.o)
 .text.CSD_SsCSDCalibrateCheck
                0x00001a34       0x44 .\CortexM0p\ARM_GCC_493\Debug\AnalogCoProcessor_Design.a(CSD_SensingCSD_LL.o)
 .text.CSD_SsCSDSetSingleIdacMode
                0x00001a78       0x2c .\CortexM0p\ARM_GCC_493\Debug\AnalogCoProcessor_Design.a(CSD_SensingCSD_LL.o)
 .text.CSD_SsCSDRestoreIdacMode
                0x00001aa4       0x30 .\CortexM0p\ARM_GCC_493\Debug\AnalogCoProcessor_Design.a(CSD_SensingCSD_LL.o)
 .text.CSD_SsCSDSetUpIdacs
                0x00001ad4       0x44 .\CortexM0p\ARM_GCC_493\Debug\AnalogCoProcessor_Design.a(CSD_SensingCSD_LL.o)
                0x00001ad4                CSD_SsCSDSetUpIdacs
 .text.CSD_SsCSDGetNumberOfConversions
                0x00001b18       0x4c .\CortexM0p\ARM_GCC_493\Debug\AnalogCoProcessor_Design.a(CSD_SensingCSD_LL.o)
                0x00001b18                CSD_SsCSDGetNumberOfConversions
 .text.CSD_SsCSDConfigClock
                0x00001b64       0x24 .\CortexM0p\ARM_GCC_493\Debug\AnalogCoProcessor_Design.a(CSD_SensingCSD_LL.o)
                0x00001b64                CSD_SsCSDConfigClock
 .text.CSD_SsCSDCalculateScanDuration
                0x00001b88       0x1c .\CortexM0p\ARM_GCC_493\Debug\AnalogCoProcessor_Design.a(CSD_SensingCSD_LL.o)
                0x00001b88                CSD_SsCSDCalculateScanDuration
 .text.CSD_SsCSDStartSample
                0x00001ba4       0xfc .\CortexM0p\ARM_GCC_493\Debug\AnalogCoProcessor_Design.a(CSD_SensingCSD_LL.o)
                0x00001ba4                CSD_SsCSDStartSample
 .text.CSD_CSDScanExt
                0x00001ca0       0x1c .\CortexM0p\ARM_GCC_493\Debug\AnalogCoProcessor_Design.a(CSD_SensingCSD_LL.o)
                0x00001ca0                CSD_CSDScanExt
 .text.CSD_CSDConnectSns
                0x00001cbc       0x34 .\CortexM0p\ARM_GCC_493\Debug\AnalogCoProcessor_Design.a(CSD_SensingCSD_LL.o)
                0x00001cbc                CSD_CSDConnectSns
 .text.CSD_CSDScan
                0x00001cf0       0x78 .\CortexM0p\ARM_GCC_493\Debug\AnalogCoProcessor_Design.a(CSD_SensingCSD_LL.o)
                0x00001cf0                CSD_CSDScan
 .text.CSD_SsCSDConnectSensorExt
                0x00001d68       0x28 .\CortexM0p\ARM_GCC_493\Debug\AnalogCoProcessor_Design.a(CSD_SensingCSD_LL.o)
                0x00001d68                CSD_SsCSDConnectSensorExt
 .text.CSD_CSDDisconnectSns
                0x00001d90       0x40 .\CortexM0p\ARM_GCC_493\Debug\AnalogCoProcessor_Design.a(CSD_SensingCSD_LL.o)
                0x00001d90                CSD_CSDDisconnectSns
 .text.CSD_SsCSDClearCSDSensors
                0x00001dd0       0x4c .\CortexM0p\ARM_GCC_493\Debug\AnalogCoProcessor_Design.a(CSD_SensingCSD_LL.o)
 .text.CSD_SsCSDInitialize
                0x00001e1c      0x118 .\CortexM0p\ARM_GCC_493\Debug\AnalogCoProcessor_Design.a(CSD_SensingCSD_LL.o)
                0x00001e1c                CSD_SsCSDInitialize
 .text.CSD_SsCSDElectrodeCheck
                0x00001f34       0x1c .\CortexM0p\ARM_GCC_493\Debug\AnalogCoProcessor_Design.a(CSD_SensingCSD_LL.o)
                0x00001f34                CSD_SsCSDElectrodeCheck
 .text.CSD_CSDSetupWidget
                0x00001f50       0x58 .\CortexM0p\ARM_GCC_493\Debug\AnalogCoProcessor_Design.a(CSD_SensingCSD_LL.o)
                0x00001f50                CSD_CSDSetupWidget
 .text.CSD_CSDSetupWidgetExt
                0x00001fa8       0x64 .\CortexM0p\ARM_GCC_493\Debug\AnalogCoProcessor_Design.a(CSD_SensingCSD_LL.o)
                0x00001fa8                CSD_CSDSetupWidgetExt
 .text.CSD_SsCSDCalibrateOneSensor
                0x0000200c       0xe0 .\CortexM0p\ARM_GCC_493\Debug\AnalogCoProcessor_Design.a(CSD_SensingCSD_LL.o)
 .text.CSD_CSDCalibrateWidget
                0x000020ec      0x108 .\CortexM0p\ARM_GCC_493\Debug\AnalogCoProcessor_Design.a(CSD_SensingCSD_LL.o)
                0x000020ec                CSD_CSDCalibrateWidget
 .text.CSD_ISR_SetVector
                0x000021f4        0xc .\CortexM0p\ARM_GCC_493\Debug\AnalogCoProcessor_Design.a(CSD_ISR.o)
                0x000021f4                CSD_ISR_SetVector
 .text.CSD_ISR_SetPriority
                0x00002200       0x24 .\CortexM0p\ARM_GCC_493\Debug\AnalogCoProcessor_Design.a(CSD_ISR.o)
                0x00002200                CSD_ISR_SetPriority
 .text.CSD_ISR_Enable
                0x00002224       0x10 .\CortexM0p\ARM_GCC_493\Debug\AnalogCoProcessor_Design.a(CSD_ISR.o)
                0x00002224                CSD_ISR_Enable
 .text.CSD_ISR_Disable
                0x00002234       0x10 .\CortexM0p\ARM_GCC_493\Debug\AnalogCoProcessor_Design.a(CSD_ISR.o)
                0x00002234                CSD_ISR_Disable
 .text.CSD_ISR_StartEx
                0x00002244       0x1c .\CortexM0p\ARM_GCC_493\Debug\AnalogCoProcessor_Design.a(CSD_ISR.o)
                0x00002244                CSD_ISR_StartEx
 .text          0x00002260       0x20 .\CortexM0p\ARM_GCC_493\Debug\AnalogCoProcessor_Design.a(CyBootAsmGnu.o)
                0x00002260                CyDelayCycles
                0x00002272                CyEnterCriticalSection
                0x0000227a                CyExitCriticalSection
 .text.CySysFlashSetWaitCycles
                0x00002280       0x54 .\CortexM0p\ARM_GCC_493\Debug\AnalogCoProcessor_Design.a(CyFlash.o)
                0x00002280                CySysFlashSetWaitCycles
 .text.CySysPmSleep
                0x000022d4       0x1c .\CortexM0p\ARM_GCC_493\Debug\AnalogCoProcessor_Design.a(cyPm.o)
                0x000022d4                CySysPmSleep
 .text.CSD_CSDPostSingleScan
                0x000022f0       0x78 .\CortexM0p\ARM_GCC_493\Debug\AnalogCoProcessor_Design.a(CSD_INT.o)
                0x000022f0                CSD_CSDPostSingleScan
 .text.CSD_CSDPostMultiScan
                0x00002368      0x11c .\CortexM0p\ARM_GCC_493\Debug\AnalogCoProcessor_Design.a(CSD_INT.o)
                0x00002368                CSD_CSDPostMultiScan
 .text          0x00002484      0x120 c:/program files (x86)/cypress/psoc creator/4.0/psoc creator/import/gnu/arm/4.9.3/bin/../lib/gcc/arm-none-eabi/4.9.3/armv6-m\libgcc.a(_udivsi3.o)
                0x00002484                __aeabi_uidiv
                0x00002484                __udivsi3
                0x00002590                __aeabi_uidivmod
 .text          0x000025a4      0x1e0 c:/program files (x86)/cypress/psoc creator/4.0/psoc creator/import/gnu/arm/4.9.3/bin/../lib/gcc/arm-none-eabi/4.9.3/armv6-m\libgcc.a(_divsi3.o)
                0x000025a4                __divsi3
                0x000025a4                __aeabi_idiv
                0x00002770                __aeabi_idivmod
 .text          0x00002784        0x4 c:/program files (x86)/cypress/psoc creator/4.0/psoc creator/import/gnu/arm/4.9.3/bin/../lib/gcc/arm-none-eabi/4.9.3/armv6-m\libgcc.a(_dvmd_tls.o)
                0x00002784                __aeabi_idiv0
                0x00002784                __aeabi_ldiv0
 .text          0x00002788       0x30 c:/program files (x86)/cypress/psoc creator/4.0/psoc creator/import/gnu/arm/4.9.3/bin/../lib/gcc/arm-none-eabi/4.9.3/armv6-m\libgcc.a(_fixunssfsi.o)
                0x00002788                __fixunssfsi
                0x00002788                __aeabi_f2uiz
 .text          0x000027b8      0x270 c:/program files (x86)/cypress/psoc creator/4.0/psoc creator/import/gnu/arm/4.9.3/bin/../lib/gcc/arm-none-eabi/4.9.3/armv6-m\libgcc.a(divsf3.o)
                0x000027b8                __aeabi_fdiv
 .text          0x00002a28      0x2fc c:/program files (x86)/cypress/psoc creator/4.0/psoc creator/import/gnu/arm/4.9.3/bin/../lib/gcc/arm-none-eabi/4.9.3/armv6-m\libgcc.a(subsf3.o)
                0x00002a28                __aeabi_fsub
 .text          0x00002d24       0x40 c:/program files (x86)/cypress/psoc creator/4.0/psoc creator/import/gnu/arm/4.9.3/bin/../lib/gcc/arm-none-eabi/4.9.3/armv6-m\libgcc.a(fixsfsi.o)
                0x00002d24                __aeabi_f2iz
 .text          0x00002d64       0x90 c:/program files (x86)/cypress/psoc creator/4.0/psoc creator/import/gnu/arm/4.9.3/bin/../lib/gcc/arm-none-eabi/4.9.3/armv6-m\libgcc.a(floatsisf.o)
                0x00002d64                __aeabi_i2f
 .text          0x00002df4       0x74 c:/program files (x86)/cypress/psoc creator/4.0/psoc creator/import/gnu/arm/4.9.3/bin/../lib/gcc/arm-none-eabi/4.9.3/armv6-m\libgcc.a(_arm_cmpsf2.o)
                0x00002df4                __aeabi_cfrcmple
                0x00002dfc                __aeabi_cfcmpeq
                0x00002dfc                __aeabi_cfcmple
                0x00002e0c                __aeabi_fcmpeq
                0x00002e18                __aeabi_fcmplt
                0x00002e2c                __aeabi_fcmple
                0x00002e40                __aeabi_fcmpgt
                0x00002e54                __aeabi_fcmpge
 .text          0x00002e68       0x3c c:/program files (x86)/cypress/psoc creator/4.0/psoc creator/import/gnu/arm/4.9.3/bin/../lib/gcc/arm-none-eabi/4.9.3/armv6-m\libgcc.a(_clzsi2.o)
                0x00002e68                __clzsi2
 .text          0x00002ea4       0x54 c:/program files (x86)/cypress/psoc creator/4.0/psoc creator/import/gnu/arm/4.9.3/bin/../lib/gcc/arm-none-eabi/4.9.3/armv6-m\libgcc.a(eqsf2.o)
                0x00002ea4                __eqsf2
                0x00002ea4                __nesf2
 .text          0x00002ef8       0x94 c:/program files (x86)/cypress/psoc creator/4.0/psoc creator/import/gnu/arm/4.9.3/bin/../lib/gcc/arm-none-eabi/4.9.3/armv6-m\libgcc.a(gesf2.o)
                0x00002ef8                __gesf2
                0x00002ef8                __gtsf2
 .text          0x00002f8c       0x8c c:/program files (x86)/cypress/psoc creator/4.0/psoc creator/import/gnu/arm/4.9.3/bin/../lib/gcc/arm-none-eabi/4.9.3/armv6-m\libgcc.a(lesf2.o)
                0x00002f8c                __ltsf2
                0x00002f8c                __lesf2
 .text.__errno  0x00003018        0xc c:/program files (x86)/cypress/psoc creator/4.0/psoc creator/import/gnu/arm/4.9.3/bin/../lib/gcc/arm-none-eabi/4.9.3/../../../../arm-none-eabi/lib/armv6-m\libg_nano.a(lib_a-errno.o)
                0x00003018                __errno
 .text.__libc_init_array
                0x00003024       0x4c c:/program files (x86)/cypress/psoc creator/4.0/psoc creator/import/gnu/arm/4.9.3/bin/../lib/gcc/arm-none-eabi/4.9.3/../../../../arm-none-eabi/lib/armv6-m\libg_nano.a(lib_a-init.o)
                0x00003024                __libc_init_array
 .text.memcpy   0x00003070       0x12 c:/program files (x86)/cypress/psoc creator/4.0/psoc creator/import/gnu/arm/4.9.3/bin/../lib/gcc/arm-none-eabi/4.9.3/../../../../arm-none-eabi/lib/armv6-m\libg_nano.a(lib_a-memcpy.o)
                0x00003070                memcpy
 .text.memset   0x00003082       0x10 c:/program files (x86)/cypress/psoc creator/4.0/psoc creator/import/gnu/arm/4.9.3/bin/../lib/gcc/arm-none-eabi/4.9.3/../../../../arm-none-eabi/lib/armv6-m\libg_nano.a(lib_a-memset.o)
                0x00003082                memset
 *(.plt)
 *(.gnu.warning)
 *(.glue_7t)
 .glue_7t       0x00000000        0x0 linker stubs
 *(.glue_7)
 .glue_7        0x00000000        0x0 linker stubs
 *(.vfp11_veneer)
 .vfp11_veneer  0x00000000        0x0 linker stubs
 *(.bootloader)
 *(.ARM.extab* .gnu.linkonce.armextab.*)
 *(.gcc_except_table)

.v4_bx          0x00003094        0x0
 .v4_bx         0x00000000        0x0 linker stubs

.iplt           0x00003094        0x0
 .iplt          0x00000000        0x0 c:/program files (x86)/cypress/psoc creator/4.0/psoc creator/import/gnu/arm/4.9.3/bin/../lib/gcc/arm-none-eabi/4.9.3/armv6-m/crtbegin.o

.eh_frame_hdr
 *(.eh_frame_hdr)

.eh_frame       0x00003094        0x4
 *(.eh_frame)
 .eh_frame      0x00003094        0x0 c:/program files (x86)/cypress/psoc creator/4.0/psoc creator/import/gnu/arm/4.9.3/bin/../lib/gcc/arm-none-eabi/4.9.3/armv6-m/crtbegin.o
 .eh_frame      0x00003094        0x4 c:/program files (x86)/cypress/psoc creator/4.0/psoc creator/import/gnu/arm/4.9.3/bin/../lib/gcc/arm-none-eabi/4.9.3/armv6-m/crtend.o
                0x00003098                PROVIDE (__exidx_start, .)

.ARM.exidx
 *(.ARM.exidx* .gnu.linkonce.armexidx.*)
                0x00003098                __exidx_end = .

.rodata         0x00003098     0x1bb0
 *(.rodata .rodata.* .gnu.linkonce.r.*)
 .rodata.cst2   0x00003098        0x2 .\CortexM0p\ARM_GCC_493\Debug\main.o
                                  0x4 (size before relaxing)
 *fill*         0x0000309a        0x2 
 .rodata        0x0000309c       0x10 .\CortexM0p\ARM_GCC_493\Debug\AnalogCoProcessor_Design.a(ADC.o)
 .rodata        0x000030ac       0x48 .\CortexM0p\ARM_GCC_493\Debug\AnalogCoProcessor_Design.a(ADC_INIT.o)
                0x000030ac                ADC_InputsPlacement
                0x000030bc                ADC_allConfigs
 .rodata        0x000030f4       0x48 .\CortexM0p\ARM_GCC_493\Debug\AnalogCoProcessor_Design.a(PIRAmplifierStage2.o)
                0x000030f4                PIRAmplifierStage2_compTab
 .rodata        0x0000313c       0x18 .\CortexM0p\ARM_GCC_493\Debug\AnalogCoProcessor_Design.a(CyLib.o)
                0x0000313c                cyImoFreqMhz2DpllOffset
 .rodata        0x00003154     0x19cc .\CortexM0p\ARM_GCC_493\Debug\AnalogCoProcessor_Design.a(Thermistor.o)
 .rodata        0x00004b20       0x68 .\CortexM0p\ARM_GCC_493\Debug\AnalogCoProcessor_Design.a(CSD_Structure.o)
                0x00004b24                CSD_dsFlash
                0x00004b50                CSD_ioList
 .rodata        0x00004b88        0x1 .\CortexM0p\ARM_GCC_493\Debug\AnalogCoProcessor_Design.a(CSD_Sensing.o)
                0x00004b88                CSD_scanFreqIndex
 *fill*         0x00004b89        0x3 
 .rodata        0x00004b8c       0x80 c:/program files (x86)/cypress/psoc creator/4.0/psoc creator/import/gnu/arm/4.9.3/bin/../lib/gcc/arm-none-eabi/4.9.3/armv6-m\libgcc.a(divsf3.o)
 .rodata.str1.1
                0x00004c0c        0x2 c:/program files (x86)/cypress/psoc creator/4.0/psoc creator/import/gnu/arm/4.9.3/bin/../lib/gcc/arm-none-eabi/4.9.3/../../../../arm-none-eabi/lib/armv6-m\libg_nano.a(lib_a-impure.o)
                0x00004c10                . = ALIGN (0x4)
 *fill*         0x00004c0e        0x2 
 *(.init)
 .init          0x00004c10        0x4 c:/program files (x86)/cypress/psoc creator/4.0/psoc creator/import/gnu/arm/4.9.3/bin/../lib/gcc/arm-none-eabi/4.9.3/armv6-m/crti.o
                0x00004c10                _init
 .init          0x00004c14        0x8 c:/program files (x86)/cypress/psoc creator/4.0/psoc creator/import/gnu/arm/4.9.3/bin/../lib/gcc/arm-none-eabi/4.9.3/armv6-m/crtn.o
                0x00004c1c                . = ALIGN (0x4)
                0x00004c1c                __preinit_array_start = .
 *(.preinit_array)
                0x00004c1c                __preinit_array_end = .
                0x00004c1c                . = ALIGN (0x4)
                0x00004c1c                __init_array_start = .
 *(SORT(.init_array.*))
 *(.init_array)
 .init_array    0x00004c1c        0x4 c:/program files (x86)/cypress/psoc creator/4.0/psoc creator/import/gnu/arm/4.9.3/bin/../lib/gcc/arm-none-eabi/4.9.3/armv6-m/crtbegin.o
 .init_array    0x00004c20        0x4 .\CortexM0p\ARM_GCC_493\Debug\Cm0plusStart.o
                0x00004c24                __init_array_end = .
                0x00004c24                . = ALIGN (0x4)
 *(.fini)
 .fini          0x00004c24        0x4 c:/program files (x86)/cypress/psoc creator/4.0/psoc creator/import/gnu/arm/4.9.3/bin/../lib/gcc/arm-none-eabi/4.9.3/armv6-m/crti.o
                0x00004c24                _fini
 .fini          0x00004c28        0x8 c:/program files (x86)/cypress/psoc creator/4.0/psoc creator/import/gnu/arm/4.9.3/bin/../lib/gcc/arm-none-eabi/4.9.3/armv6-m/crtn.o
                0x00004c30                . = ALIGN (0x4)
                0x00004c30                __fini_array_start = .
 *(.fini_array)
 .fini_array    0x00004c30        0x4 c:/program files (x86)/cypress/psoc creator/4.0/psoc creator/import/gnu/arm/4.9.3/bin/../lib/gcc/arm-none-eabi/4.9.3/armv6-m/crtbegin.o
 *(SORT(.fini_array.*))
                0x00004c34                __fini_array_end = .
                0x00004c34                . = ALIGN (0x4)
 *crtbegin.o(.ctors)
 *(EXCLUDE_FILE(*crtend.o) .ctors)
 *(SORT(.ctors.*))
 *crtend.o(.ctors)
                0x00004c34                . = ALIGN (0x4)
 *crtbegin.o(.dtors)
 *(EXCLUDE_FILE(*crtend.o) .dtors)
 *(SORT(.dtors.*))
 *crtend.o(.dtors)
                0x00004c34                . = ALIGN (0x4)
                0x00004c34                __cy_regions = .
                0x00004c34        0x4 LONG 0x4c48 __cy_region_init_ram
                0x00004c38        0x4 LONG 0x200000b0 __cy_region_start_data
                0x00004c3c        0x4 LONG 0x90 __cy_region_init_size_ram
                0x00004c40        0x4 LONG 0xe8 __cy_region_zero_size_ram
                0x00004c44                __cy_regions_end = .
                0x00004c48                . = ALIGN (0x8)
 *fill*         0x00004c44        0x4 
                0x00004c48                _etext = .

.cy_checksum_exclude
                0x00004c48        0x0
 *(.cy_checksum_exclude)

.ramvectors     0x20000000       0xa4
                0x20000000                __cy_region_start_ram = .
 *(.ramvectors)
 .ramvectors    0x20000000       0xa4 .\CortexM0p\ARM_GCC_493\Debug\Cm0plusStart.o
                0x20000000                CyRamVectors

.noinit         0x200000a8        0x4
 *(.noinit)
 .noinit        0x200000a8        0x4 .\CortexM0p\ARM_GCC_493\Debug\Cm0plusStart.o

.data           0x200000b0       0x90 load address 0x00004c48
                0x200000b0                __cy_region_start_data = .
 *(.jcr)
 .jcr           0x200000b0        0x0 c:/program files (x86)/cypress/psoc creator/4.0/psoc creator/import/gnu/arm/4.9.3/bin/../lib/gcc/arm-none-eabi/4.9.3/armv6-m/crtbegin.o
 .jcr           0x200000b0        0x4 c:/program files (x86)/cypress/psoc creator/4.0/psoc creator/import/gnu/arm/4.9.3/bin/../lib/gcc/arm-none-eabi/4.9.3/armv6-m/crtend.o
 *(.got.plt)
 *(.got)
 *(.shdata)
 *(.data .data.* .gnu.linkonce.d.*)
 .data          0x200000b4       0x10 .\CortexM0p\ARM_GCC_493\Debug\main.o
                0x200000b4                i2cBuffer
 .data          0x200000c4       0x14 .\CortexM0p\ARM_GCC_493\Debug\AnalogCoProcessor_Design.a(CyLib.o)
                0x200000c4                CySysClkPumpConfig
                0x200000c8                cydelay32kMs
                0x200000cc                cydelayFreqKhz
                0x200000d0                cydelayFreqMhz
                0x200000d4                cydelayFreqHz
 .data          0x200000d8        0x4 .\CortexM0p\ARM_GCC_493\Debug\AnalogCoProcessor_Design.a(CSD_SensingCSD_LL.o)
                0x200000d8                CSD_configCsd
 .data.impure_data
                0x200000dc       0x60 c:/program files (x86)/cypress/psoc creator/4.0/psoc creator/import/gnu/arm/4.9.3/bin/../lib/gcc/arm-none-eabi/4.9.3/../../../../arm-none-eabi/lib/armv6-m\libg_nano.a(lib_a-impure.o)
 .data._impure_ptr
                0x2000013c        0x4 c:/program files (x86)/cypress/psoc creator/4.0/psoc creator/import/gnu/arm/4.9.3/bin/../lib/gcc/arm-none-eabi/4.9.3/../../../../arm-none-eabi/lib/armv6-m\libg_nano.a(lib_a-impure.o)
                0x2000013c                _impure_ptr
                0x20000140                . = ALIGN (0x8)
 *(.ram)
                0x20000140                _edata = .

.igot.plt       0x20000140        0x0 load address 0x00004cd8
 .igot.plt      0x00000000        0x0 c:/program files (x86)/cypress/psoc creator/4.0/psoc creator/import/gnu/arm/4.9.3/bin/../lib/gcc/arm-none-eabi/4.9.3/armv6-m/crtbegin.o

.bss            0x20000140       0xe8 load address 0x00004cd8
                0x20000140                PROVIDE (__bss_start__, .)
 *(.shbss)
 *(.bss .bss.* .gnu.linkonce.b.*)
 .bss           0x20000140       0x1c c:/program files (x86)/cypress/psoc creator/4.0/psoc creator/import/gnu/arm/4.9.3/bin/../lib/gcc/arm-none-eabi/4.9.3/armv6-m/crtbegin.o
 .bss           0x2000015c        0x8 .\CortexM0p\ARM_GCC_493\Debug\AnalogCoProcessor_Design.a(EzI2C.o)
                0x2000015c                EzI2C_initVar
                0x20000160                EzI2C_customIntrHandler
 .bss           0x20000164        0x2 .\CortexM0p\ARM_GCC_493\Debug\AnalogCoProcessor_Design.a(EzI2C_EZI2C_INT.o)
 *fill*         0x20000166        0x2 
 .bss           0x20000168        0x8 .\CortexM0p\ARM_GCC_493\Debug\AnalogCoProcessor_Design.a(ADC.o)
                0x2000016c                ADC_initVar
                0x2000016d                ADC_selected
 .bss           0x20000170        0x8 .\CortexM0p\ARM_GCC_493\Debug\AnalogCoProcessor_Design.a(RefBuffer.o)
                0x20000174                RefBuffer_initVar
 .bss           0x20000178        0x1 .\CortexM0p\ARM_GCC_493\Debug\AnalogCoProcessor_Design.a(PVref.o)
                0x20000178                PVref_initVar
 *fill*         0x20000179        0x3 
 .bss           0x2000017c        0x8 .\CortexM0p\ARM_GCC_493\Debug\AnalogCoProcessor_Design.a(PIRAmplifierStage1.o)
                0x20000180                PIRAmplifierStage1_initVar
 .bss           0x20000184        0x8 .\CortexM0p\ARM_GCC_493\Debug\AnalogCoProcessor_Design.a(PIRAmplifierStage2.o)
                0x20000184                PIRAmplifierStage2_internalGainPower
                0x20000188                PIRAmplifierStage2_initVar
 .bss           0x2000018c        0x1 .\CortexM0p\ARM_GCC_493\Debug\AnalogCoProcessor_Design.a(Timebase5s.o)
                0x2000018c                Timebase5s_initVar
 *fill*         0x2000018d        0x3 
 .bss           0x20000190        0x8 .\CortexM0p\ARM_GCC_493\Debug\AnalogCoProcessor_Design.a(Opamp_1.o)
                0x20000194                Opamp_1_initVar
 .bss           0x20000198        0x1 .\CortexM0p\ARM_GCC_493\Debug\AnalogCoProcessor_Design.a(CSD_Control.o)
 *fill*         0x20000199        0x3 
 .bss           0x2000019c        0x8 .\CortexM0p\ARM_GCC_493\Debug\AnalogCoProcessor_Design.a(CSD_Structure.o)
 .bss           0x200001a4        0x4 .\CortexM0p\ARM_GCC_493\Debug\AnalogCoProcessor_Design.a(CSD_Tuner.o)
 .bss           0x200001a8        0x3 .\CortexM0p\ARM_GCC_493\Debug\AnalogCoProcessor_Design.a(CSD_Sensing.o)
                0x200001a8                CSD_requestScanAllWidget
                0x200001a9                CSD_sensorIndex
                0x200001aa                CSD_widgetIndex
 *fill*         0x200001ab        0x1 
 .bss           0x200001ac        0x8 .\CortexM0p\ARM_GCC_493\Debug\AnalogCoProcessor_Design.a(CSD_SensingCSD_LL.o)
 *(COMMON)
 COMMON         0x200001b4       0x11 .\CortexM0p\ARM_GCC_493\Debug\AnalogCoProcessor_Design.a(EzI2C_EZI2C.o)
                0x200001b4                EzI2C_curStatus
                0x200001b8                EzI2C_dataBuffer1
                0x200001bc                EzI2C_offsetBuf1
                0x200001be                EzI2C_bufSizeBuf1
                0x200001c0                EzI2C_indexBuf1
                0x200001c2                EzI2C_protectBuf1
                0x200001c4                EzI2C_fsmState
 *fill*         0x200001c5        0x3 
 COMMON         0x200001c8       0x18 .\CortexM0p\ARM_GCC_493\Debug\AnalogCoProcessor_Design.a(ADC.o)
                0x200001c8                ADC_countsPer10Volt
                0x200001d8                ADC_offset
 COMMON         0x200001e0       0x44 .\CortexM0p\ARM_GCC_493\Debug\AnalogCoProcessor_Design.a(CSD_Structure.o)
                0x200001e0                CSD_dsRam
 COMMON         0x20000224        0x4 .\CortexM0p\ARM_GCC_493\Debug\AnalogCoProcessor_Design.a(CSD_Sensing.o)
                0x20000224                CSD_curRamSnsPtr
                0x20000228                . = ALIGN (0x8)
 *(.ram.b)
                0x20000228                _end = .
                0x20000228                __end = .
                0x20000228                PROVIDE (end, .)
                0x20000228                PROVIDE (__bss_end__, .)
                0x00004c48                __cy_region_init_ram = LOADADDR (.data)
                0x00000090                __cy_region_init_size_ram = (_edata - ADDR (.data))
                0x000000e8                __cy_region_zero_size_ram = (_end - _edata)

.heap           0x20000228       0x80 load address 0x00004cd8
                0x20000228                . = _end
                0x200002a8                . = (. + 0x80)
 *fill*         0x20000228       0x80 
                0x200002a8                __cy_heap_limit = .

.stack          0x20000800      0x800
                0x20000800                __cy_stack_limit = .
                0x20001000                . = (. + 0x800)
 *fill*         0x20000800      0x800 
                0x00000001                ASSERT ((__cy_stack_limit >= __cy_heap_limit), region RAM overflowed with stack)
                0x00000000                cy_checksum_exclude_size = (CY_APPL_LOADABLE == 0x1)?SIZEOF (.cy_checksum_exclude):0x0
                0x00000001                ASSERT ((cy_checksum_exclude_size <= CY_CHECKSUM_EXCLUDE_SIZE), CY_BOOT: Section .cy_checksum_exclude size exceedes specified limit.)
                0x00007fc0                cyloadermeta_start = (cy_project_type_bootloader || cy_project_type_app_for_stack_and_copier)?(0x8000 - CY_METADATA_SIZE):0xf0000000

.cyloadermeta
 *(.cyloadermeta)
                0x00007fc0                cyloadablemeta_start = cy_project_type_app_for_stack_and_copier?((0x8000 - CY_FLASH_ROW_SIZE) - CY_METADATA_SIZE):((0x8000 - (CY_FLASH_ROW_SIZE * (CY_APPL_NUM - 0x1))) - CY_METADATA_SIZE)

.cyloadablemeta
 *(.cyloadablemeta)

.cyflashprotect
                0x90400000       0x20
 *(.cyflashprotect)
 .cyflashprotect
                0x90400000       0x20 .\CortexM0p\ARM_GCC_493\Debug\cymetadata.o
                0x90400000                cy_meta_flashprotect

.cymeta         0x90500000        0xc
 *(.cymeta)
 .cymeta        0x90500000        0xc .\CortexM0p\ARM_GCC_493\Debug\cymetadata.o
                0x90500000                cy_metadata

.cychipprotect  0x90600000        0x4
 *(.cychipprotect)
 .cychipprotect
                0x90600000        0x4 .\CortexM0p\ARM_GCC_493\Debug\cymetadata.o
                0x90600000                cy_meta_chipprotect

.rel.dyn        0x00004cd8        0x0 load address 0x90600004
 .rel.iplt      0x00000000        0x0 c:/program files (x86)/cypress/psoc creator/4.0/psoc creator/import/gnu/arm/4.9.3/bin/../lib/gcc/arm-none-eabi/4.9.3/armv6-m/crtbegin.o

.stab
 *(.stab)

.stabstr
 *(.stabstr)

.debug
 *(.debug)

.line
 *(.line)

.debug_srcinfo
 *(.debug_srcinfo)

.debug_sfnames
 *(.debug_sfnames)

.debug_aranges  0x00000000      0xf08
 *(.debug_aranges)
 .debug_aranges
                0x00000000       0x40 .\CortexM0p\ARM_GCC_493\Debug\main.o
 .debug_aranges
                0x00000040       0x18 .\CortexM0p\ARM_GCC_493\Debug\cymetadata.o
 .debug_aranges
                0x00000058       0x48 .\CortexM0p\ARM_GCC_493\Debug\Cm0plusStart.o
 .debug_aranges
                0x000000a0       0x38 .\CortexM0p\ARM_GCC_493\Debug\AnalogCoProcessor_Design.a(cyfitter_cfg.o)
 .debug_aranges
                0x000000d8       0x60 .\CortexM0p\ARM_GCC_493\Debug\AnalogCoProcessor_Design.a(EzI2C.o)
 .debug_aranges
                0x00000138       0x50 .\CortexM0p\ARM_GCC_493\Debug\AnalogCoProcessor_Design.a(EzI2C_EZI2C.o)
 .debug_aranges
                0x00000188       0x20 .\CortexM0p\ARM_GCC_493\Debug\AnalogCoProcessor_Design.a(EzI2C_EZI2C_INT.o)
 .debug_aranges
                0x000001a8       0xe8 .\CortexM0p\ARM_GCC_493\Debug\AnalogCoProcessor_Design.a(ADC.o)
 .debug_aranges
                0x00000290       0x18 .\CortexM0p\ARM_GCC_493\Debug\AnalogCoProcessor_Design.a(ADC_INIT.o)
 .debug_aranges
                0x000002a8       0x20 .\CortexM0p\ARM_GCC_493\Debug\AnalogCoProcessor_Design.a(ADC_INT.o)
 .debug_aranges
                0x000002c8       0x48 .\CortexM0p\ARM_GCC_493\Debug\AnalogCoProcessor_Design.a(RefBuffer.o)
 .debug_aranges
                0x00000310       0x48 .\CortexM0p\ARM_GCC_493\Debug\AnalogCoProcessor_Design.a(PVref.o)
 .debug_aranges
                0x00000358       0x48 .\CortexM0p\ARM_GCC_493\Debug\AnalogCoProcessor_Design.a(PIRAmplifierStage1.o)
 .debug_aranges
                0x000003a0       0x50 .\CortexM0p\ARM_GCC_493\Debug\AnalogCoProcessor_Design.a(PIRAmplifierStage2.o)
 .debug_aranges
                0x000003f0       0x80 .\CortexM0p\ARM_GCC_493\Debug\AnalogCoProcessor_Design.a(isr_Timebase5s.o)
 .debug_aranges
                0x00000470      0x158 .\CortexM0p\ARM_GCC_493\Debug\AnalogCoProcessor_Design.a(Timebase5s.o)
 .debug_aranges
                0x000005c8       0x40 .\CortexM0p\ARM_GCC_493\Debug\AnalogCoProcessor_Design.a(ADC_intSarClock.o)
 .debug_aranges
                0x00000608       0x80 .\CortexM0p\ARM_GCC_493\Debug\AnalogCoProcessor_Design.a(ADC_IRQ.o)
 .debug_aranges
                0x00000688      0x1f8 .\CortexM0p\ARM_GCC_493\Debug\AnalogCoProcessor_Design.a(CyLib.o)
 .debug_aranges
                0x00000880      0x1a8 .\CortexM0p\ARM_GCC_493\Debug\AnalogCoProcessor_Design.a(CyLFClk.o)
 .debug_aranges
                0x00000a28       0x28 .\CortexM0p\ARM_GCC_493\Debug\AnalogCoProcessor_Design.a(Thermistor.o)
 .debug_aranges
                0x00000a50       0x48 .\CortexM0p\ARM_GCC_493\Debug\AnalogCoProcessor_Design.a(Opamp_1.o)
 .debug_aranges
                0x00000a98       0x68 .\CortexM0p\ARM_GCC_493\Debug\AnalogCoProcessor_Design.a(CSD_Control.o)
 .debug_aranges
                0x00000b00       0x48 .\CortexM0p\ARM_GCC_493\Debug\AnalogCoProcessor_Design.a(CSD_Processing.o)
 .debug_aranges
                0x00000b48       0x50 .\CortexM0p\ARM_GCC_493\Debug\AnalogCoProcessor_Design.a(CSD_Structure.o)
 .debug_aranges
                0x00000b98       0x28 .\CortexM0p\ARM_GCC_493\Debug\AnalogCoProcessor_Design.a(CSD_Tuner.o)
 .debug_aranges
                0x00000bc0       0xa0 .\CortexM0p\ARM_GCC_493\Debug\AnalogCoProcessor_Design.a(CSD_Filter.o)
 .debug_aranges
                0x00000c60       0x90 .\CortexM0p\ARM_GCC_493\Debug\AnalogCoProcessor_Design.a(CSD_Sensing.o)
 .debug_aranges
                0x00000cf0       0xe0 .\CortexM0p\ARM_GCC_493\Debug\AnalogCoProcessor_Design.a(CSD_SensingCSD_LL.o)
 .debug_aranges
                0x00000dd0       0x80 .\CortexM0p\ARM_GCC_493\Debug\AnalogCoProcessor_Design.a(CSD_ISR.o)
 .debug_aranges
                0x00000e50       0x20 .\CortexM0p\ARM_GCC_493\Debug\AnalogCoProcessor_Design.a(CyBootAsmGnu.o)
 .debug_aranges
                0x00000e70       0x40 .\CortexM0p\ARM_GCC_493\Debug\AnalogCoProcessor_Design.a(CyFlash.o)
 .debug_aranges
                0x00000eb0       0x30 .\CortexM0p\ARM_GCC_493\Debug\AnalogCoProcessor_Design.a(cyPm.o)
 .debug_aranges
                0x00000ee0       0x28 .\CortexM0p\ARM_GCC_493\Debug\AnalogCoProcessor_Design.a(CSD_INT.o)

.debug_pubnames
 *(.debug_pubnames)

.debug_info     0x00000000     0xb05a
 *(.debug_info .gnu.linkonce.wi.*)
 .debug_info    0x00000000      0x79a .\CortexM0p\ARM_GCC_493\Debug\main.o
 .debug_info    0x0000079a       0xfe .\CortexM0p\ARM_GCC_493\Debug\cymetadata.o
 .debug_info    0x00000898      0x399 .\CortexM0p\ARM_GCC_493\Debug\Cm0plusStart.o
 .debug_info    0x00000c31      0x18b .\CortexM0p\ARM_GCC_493\Debug\AnalogCoProcessor_Design.a(cyfitter_cfg.o)
 .debug_info    0x00000dbc      0x297 .\CortexM0p\ARM_GCC_493\Debug\AnalogCoProcessor_Design.a(EzI2C.o)
 .debug_info    0x00001053      0x347 .\CortexM0p\ARM_GCC_493\Debug\AnalogCoProcessor_Design.a(EzI2C_EZI2C.o)
 .debug_info    0x0000139a      0x1df .\CortexM0p\ARM_GCC_493\Debug\AnalogCoProcessor_Design.a(EzI2C_EZI2C_INT.o)
 .debug_info    0x00001579      0xa2b .\CortexM0p\ARM_GCC_493\Debug\AnalogCoProcessor_Design.a(ADC.o)
 .debug_info    0x00001fa4      0x1ac .\CortexM0p\ARM_GCC_493\Debug\AnalogCoProcessor_Design.a(ADC_INIT.o)
 .debug_info    0x00002150       0xc4 .\CortexM0p\ARM_GCC_493\Debug\AnalogCoProcessor_Design.a(ADC_INT.o)
 .debug_info    0x00002214      0x17c .\CortexM0p\ARM_GCC_493\Debug\AnalogCoProcessor_Design.a(RefBuffer.o)
 .debug_info    0x00002390      0x15e .\CortexM0p\ARM_GCC_493\Debug\AnalogCoProcessor_Design.a(PVref.o)
 .debug_info    0x000024ee      0x17c .\CortexM0p\ARM_GCC_493\Debug\AnalogCoProcessor_Design.a(PIRAmplifierStage1.o)
 .debug_info    0x0000266a      0x202 .\CortexM0p\ARM_GCC_493\Debug\AnalogCoProcessor_Design.a(PIRAmplifierStage2.o)
 .debug_info    0x0000286c      0x300 .\CortexM0p\ARM_GCC_493\Debug\AnalogCoProcessor_Design.a(isr_Timebase5s.o)
 .debug_info    0x00002b6c      0x906 .\CortexM0p\ARM_GCC_493\Debug\AnalogCoProcessor_Design.a(Timebase5s.o)
 .debug_info    0x00003472      0x166 .\CortexM0p\ARM_GCC_493\Debug\AnalogCoProcessor_Design.a(ADC_intSarClock.o)
 .debug_info    0x000035d8      0x300 .\CortexM0p\ARM_GCC_493\Debug\AnalogCoProcessor_Design.a(ADC_IRQ.o)
 .debug_info    0x000038d8      0xe21 .\CortexM0p\ARM_GCC_493\Debug\AnalogCoProcessor_Design.a(CyLib.o)
 .debug_info    0x000046f9      0xd04 .\CortexM0p\ARM_GCC_493\Debug\AnalogCoProcessor_Design.a(CyLFClk.o)
 .debug_info    0x000053fd      0x198 .\CortexM0p\ARM_GCC_493\Debug\AnalogCoProcessor_Design.a(Thermistor.o)
 .debug_info    0x00005595      0x17c .\CortexM0p\ARM_GCC_493\Debug\AnalogCoProcessor_Design.a(Opamp_1.o)
 .debug_info    0x00005711      0x9ea .\CortexM0p\ARM_GCC_493\Debug\AnalogCoProcessor_Design.a(CSD_Control.o)
 .debug_info    0x000060fb      0x9b2 .\CortexM0p\ARM_GCC_493\Debug\AnalogCoProcessor_Design.a(CSD_Processing.o)
 .debug_info    0x00006aad      0xa53 .\CortexM0p\ARM_GCC_493\Debug\AnalogCoProcessor_Design.a(CSD_Structure.o)
 .debug_info    0x00007500      0x594 .\CortexM0p\ARM_GCC_493\Debug\AnalogCoProcessor_Design.a(CSD_Tuner.o)
 .debug_info    0x00007a94      0xb69 .\CortexM0p\ARM_GCC_493\Debug\AnalogCoProcessor_Design.a(CSD_Filter.o)
 .debug_info    0x000085fd      0xaaf .\CortexM0p\ARM_GCC_493\Debug\AnalogCoProcessor_Design.a(CSD_Sensing.o)
 .debug_info    0x000090ac      0xfa1 .\CortexM0p\ARM_GCC_493\Debug\AnalogCoProcessor_Design.a(CSD_SensingCSD_LL.o)
 .debug_info    0x0000a04d      0x300 .\CortexM0p\ARM_GCC_493\Debug\AnalogCoProcessor_Design.a(CSD_ISR.o)
 .debug_info    0x0000a34d       0xde .\CortexM0p\ARM_GCC_493\Debug\AnalogCoProcessor_Design.a(CyBootAsmGnu.o)
 .debug_info    0x0000a42b      0x361 .\CortexM0p\ARM_GCC_493\Debug\AnalogCoProcessor_Design.a(CyFlash.o)
 .debug_info    0x0000a78c      0x17b .\CortexM0p\ARM_GCC_493\Debug\AnalogCoProcessor_Design.a(cyPm.o)
 .debug_info    0x0000a907      0x753 .\CortexM0p\ARM_GCC_493\Debug\AnalogCoProcessor_Design.a(CSD_INT.o)

.debug_abbrev   0x00000000     0x2f22
 *(.debug_abbrev)
 .debug_abbrev  0x00000000      0x1e2 .\CortexM0p\ARM_GCC_493\Debug\main.o
 .debug_abbrev  0x000001e2       0x5d .\CortexM0p\ARM_GCC_493\Debug\cymetadata.o
 .debug_abbrev  0x0000023f      0x1df .\CortexM0p\ARM_GCC_493\Debug\Cm0plusStart.o
 .debug_abbrev  0x0000041e       0xe8 .\CortexM0p\ARM_GCC_493\Debug\AnalogCoProcessor_Design.a(cyfitter_cfg.o)
 .debug_abbrev  0x00000506      0x143 .\CortexM0p\ARM_GCC_493\Debug\AnalogCoProcessor_Design.a(EzI2C.o)
 .debug_abbrev  0x00000649      0x170 .\CortexM0p\ARM_GCC_493\Debug\AnalogCoProcessor_Design.a(EzI2C_EZI2C.o)
 .debug_abbrev  0x000007b9       0xc6 .\CortexM0p\ARM_GCC_493\Debug\AnalogCoProcessor_Design.a(EzI2C_EZI2C_INT.o)
 .debug_abbrev  0x0000087f      0x219 .\CortexM0p\ARM_GCC_493\Debug\AnalogCoProcessor_Design.a(ADC.o)
 .debug_abbrev  0x00000a98       0x86 .\CortexM0p\ARM_GCC_493\Debug\AnalogCoProcessor_Design.a(ADC_INIT.o)
 .debug_abbrev  0x00000b1e       0x65 .\CortexM0p\ARM_GCC_493\Debug\AnalogCoProcessor_Design.a(ADC_INT.o)
 .debug_abbrev  0x00000b83       0xc8 .\CortexM0p\ARM_GCC_493\Debug\AnalogCoProcessor_Design.a(RefBuffer.o)
 .debug_abbrev  0x00000c4b       0xaa .\CortexM0p\ARM_GCC_493\Debug\AnalogCoProcessor_Design.a(PVref.o)
 .debug_abbrev  0x00000cf5       0xc8 .\CortexM0p\ARM_GCC_493\Debug\AnalogCoProcessor_Design.a(PIRAmplifierStage1.o)
 .debug_abbrev  0x00000dbd       0xe9 .\CortexM0p\ARM_GCC_493\Debug\AnalogCoProcessor_Design.a(PIRAmplifierStage2.o)
 .debug_abbrev  0x00000ea6      0x1b4 .\CortexM0p\ARM_GCC_493\Debug\AnalogCoProcessor_Design.a(isr_Timebase5s.o)
 .debug_abbrev  0x0000105a      0x133 .\CortexM0p\ARM_GCC_493\Debug\AnalogCoProcessor_Design.a(Timebase5s.o)
 .debug_abbrev  0x0000118d       0xb7 .\CortexM0p\ARM_GCC_493\Debug\AnalogCoProcessor_Design.a(ADC_intSarClock.o)
 .debug_abbrev  0x00001244      0x1b4 .\CortexM0p\ARM_GCC_493\Debug\AnalogCoProcessor_Design.a(ADC_IRQ.o)
 .debug_abbrev  0x000013f8      0x236 .\CortexM0p\ARM_GCC_493\Debug\AnalogCoProcessor_Design.a(CyLib.o)
 .debug_abbrev  0x0000162e      0x232 .\CortexM0p\ARM_GCC_493\Debug\AnalogCoProcessor_Design.a(CyLFClk.o)
 .debug_abbrev  0x00001860       0xc4 .\CortexM0p\ARM_GCC_493\Debug\AnalogCoProcessor_Design.a(Thermistor.o)
 .debug_abbrev  0x00001924       0xc8 .\CortexM0p\ARM_GCC_493\Debug\AnalogCoProcessor_Design.a(Opamp_1.o)
 .debug_abbrev  0x000019ec      0x24f .\CortexM0p\ARM_GCC_493\Debug\AnalogCoProcessor_Design.a(CSD_Control.o)
 .debug_abbrev  0x00001c3b      0x1e8 .\CortexM0p\ARM_GCC_493\Debug\AnalogCoProcessor_Design.a(CSD_Processing.o)
 .debug_abbrev  0x00001e23      0x228 .\CortexM0p\ARM_GCC_493\Debug\AnalogCoProcessor_Design.a(CSD_Structure.o)
 .debug_abbrev  0x0000204b      0x17e .\CortexM0p\ARM_GCC_493\Debug\AnalogCoProcessor_Design.a(CSD_Tuner.o)
 .debug_abbrev  0x000021c9      0x290 .\CortexM0p\ARM_GCC_493\Debug\AnalogCoProcessor_Design.a(CSD_Filter.o)
 .debug_abbrev  0x00002459      0x225 .\CortexM0p\ARM_GCC_493\Debug\AnalogCoProcessor_Design.a(CSD_Sensing.o)
 .debug_abbrev  0x0000267e      0x2c4 .\CortexM0p\ARM_GCC_493\Debug\AnalogCoProcessor_Design.a(CSD_SensingCSD_LL.o)
 .debug_abbrev  0x00002942      0x1b4 .\CortexM0p\ARM_GCC_493\Debug\AnalogCoProcessor_Design.a(CSD_ISR.o)
 .debug_abbrev  0x00002af6       0x14 .\CortexM0p\ARM_GCC_493\Debug\AnalogCoProcessor_Design.a(CyBootAsmGnu.o)
 .debug_abbrev  0x00002b0a      0x1c1 .\CortexM0p\ARM_GCC_493\Debug\AnalogCoProcessor_Design.a(CyFlash.o)
 .debug_abbrev  0x00002ccb       0xc6 .\CortexM0p\ARM_GCC_493\Debug\AnalogCoProcessor_Design.a(cyPm.o)
 .debug_abbrev  0x00002d91      0x191 .\CortexM0p\ARM_GCC_493\Debug\AnalogCoProcessor_Design.a(CSD_INT.o)

.debug_line     0x00000000     0x39f1
 *(.debug_line)
 .debug_line    0x00000000      0x220 .\CortexM0p\ARM_GCC_493\Debug\main.o
 .debug_line    0x00000220       0x51 .\CortexM0p\ARM_GCC_493\Debug\cymetadata.o
 .debug_line    0x00000271      0x260 .\CortexM0p\ARM_GCC_493\Debug\Cm0plusStart.o
 .debug_line    0x000004d1       0xe5 .\CortexM0p\ARM_GCC_493\Debug\AnalogCoProcessor_Design.a(cyfitter_cfg.o)
 .debug_line    0x000005b6      0x128 .\CortexM0p\ARM_GCC_493\Debug\AnalogCoProcessor_Design.a(EzI2C.o)
 .debug_line    0x000006de      0x103 .\CortexM0p\ARM_GCC_493\Debug\AnalogCoProcessor_Design.a(EzI2C_EZI2C.o)
 .debug_line    0x000007e1      0x137 .\CortexM0p\ARM_GCC_493\Debug\AnalogCoProcessor_Design.a(EzI2C_EZI2C_INT.o)
 .debug_line    0x00000918      0x3b2 .\CortexM0p\ARM_GCC_493\Debug\AnalogCoProcessor_Design.a(ADC.o)
 .debug_line    0x00000cca       0x58 .\CortexM0p\ARM_GCC_493\Debug\AnalogCoProcessor_Design.a(ADC_INIT.o)
 .debug_line    0x00000d22       0x62 .\CortexM0p\ARM_GCC_493\Debug\AnalogCoProcessor_Design.a(ADC_INT.o)
 .debug_line    0x00000d84       0xc5 .\CortexM0p\ARM_GCC_493\Debug\AnalogCoProcessor_Design.a(RefBuffer.o)
 .debug_line    0x00000e49       0xbf .\CortexM0p\ARM_GCC_493\Debug\AnalogCoProcessor_Design.a(PVref.o)
 .debug_line    0x00000f08       0xce .\CortexM0p\ARM_GCC_493\Debug\AnalogCoProcessor_Design.a(PIRAmplifierStage1.o)
 .debug_line    0x00000fd6       0xed .\CortexM0p\ARM_GCC_493\Debug\AnalogCoProcessor_Design.a(PIRAmplifierStage2.o)
 .debug_line    0x000010c3      0x15a .\CortexM0p\ARM_GCC_493\Debug\AnalogCoProcessor_Design.a(isr_Timebase5s.o)
 .debug_line    0x0000121d      0x37f .\CortexM0p\ARM_GCC_493\Debug\AnalogCoProcessor_Design.a(Timebase5s.o)
 .debug_line    0x0000159c       0xc4 .\CortexM0p\ARM_GCC_493\Debug\AnalogCoProcessor_Design.a(ADC_intSarClock.o)
 .debug_line    0x00001660      0x153 .\CortexM0p\ARM_GCC_493\Debug\AnalogCoProcessor_Design.a(ADC_IRQ.o)
 .debug_line    0x000017b3      0x5ca .\CortexM0p\ARM_GCC_493\Debug\AnalogCoProcessor_Design.a(CyLib.o)
 .debug_line    0x00001d7d      0x5c1 .\CortexM0p\ARM_GCC_493\Debug\AnalogCoProcessor_Design.a(CyLFClk.o)
 .debug_line    0x0000233e       0xbe .\CortexM0p\ARM_GCC_493\Debug\AnalogCoProcessor_Design.a(Thermistor.o)
 .debug_line    0x000023fc       0xc3 .\CortexM0p\ARM_GCC_493\Debug\AnalogCoProcessor_Design.a(Opamp_1.o)
 .debug_line    0x000024bf      0x20c .\CortexM0p\ARM_GCC_493\Debug\AnalogCoProcessor_Design.a(CSD_Control.o)
 .debug_line    0x000026cb      0x2d2 .\CortexM0p\ARM_GCC_493\Debug\AnalogCoProcessor_Design.a(CSD_Processing.o)
 .debug_line    0x0000299d      0x1ad .\CortexM0p\ARM_GCC_493\Debug\AnalogCoProcessor_Design.a(CSD_Structure.o)
 .debug_line    0x00002b4a       0xfa .\CortexM0p\ARM_GCC_493\Debug\AnalogCoProcessor_Design.a(CSD_Tuner.o)
 .debug_line    0x00002c44      0x27d .\CortexM0p\ARM_GCC_493\Debug\AnalogCoProcessor_Design.a(CSD_Filter.o)
 .debug_line    0x00002ec1      0x25e .\CortexM0p\ARM_GCC_493\Debug\AnalogCoProcessor_Design.a(CSD_Sensing.o)
 .debug_line    0x0000311f      0x3ff .\CortexM0p\ARM_GCC_493\Debug\AnalogCoProcessor_Design.a(CSD_SensingCSD_LL.o)
 .debug_line    0x0000351e      0x153 .\CortexM0p\ARM_GCC_493\Debug\AnalogCoProcessor_Design.a(CSD_ISR.o)
 .debug_line    0x00003671       0x68 .\CortexM0p\ARM_GCC_493\Debug\AnalogCoProcessor_Design.a(CyBootAsmGnu.o)
 .debug_line    0x000036d9      0x17c .\CortexM0p\ARM_GCC_493\Debug\AnalogCoProcessor_Design.a(CyFlash.o)
 .debug_line    0x00003855       0x98 .\CortexM0p\ARM_GCC_493\Debug\AnalogCoProcessor_Design.a(cyPm.o)
 .debug_line    0x000038ed      0x104 .\CortexM0p\ARM_GCC_493\Debug\AnalogCoProcessor_Design.a(CSD_INT.o)

.debug_frame    0x00000000     0x2840
 *(.debug_frame)
 .debug_frame   0x00000000       0xb8 .\CortexM0p\ARM_GCC_493\Debug\main.o
 .debug_frame   0x000000b8       0xbc .\CortexM0p\ARM_GCC_493\Debug\Cm0plusStart.o
 .debug_frame   0x00000174       0x74 .\CortexM0p\ARM_GCC_493\Debug\AnalogCoProcessor_Design.a(cyfitter_cfg.o)
 .debug_frame   0x000001e8       0xe8 .\CortexM0p\ARM_GCC_493\Debug\AnalogCoProcessor_Design.a(EzI2C.o)
 .debug_frame   0x000002d0       0xa8 .\CortexM0p\ARM_GCC_493\Debug\AnalogCoProcessor_Design.a(EzI2C_EZI2C.o)
 .debug_frame   0x00000378       0x30 .\CortexM0p\ARM_GCC_493\Debug\AnalogCoProcessor_Design.a(EzI2C_EZI2C_INT.o)
 .debug_frame   0x000003a8      0x298 .\CortexM0p\ARM_GCC_493\Debug\AnalogCoProcessor_Design.a(ADC.o)
 .debug_frame   0x00000640       0x20 .\CortexM0p\ARM_GCC_493\Debug\AnalogCoProcessor_Design.a(ADC_INT.o)
 .debug_frame   0x00000660       0x7c .\CortexM0p\ARM_GCC_493\Debug\AnalogCoProcessor_Design.a(RefBuffer.o)
 .debug_frame   0x000006dc       0x7c .\CortexM0p\ARM_GCC_493\Debug\AnalogCoProcessor_Design.a(PVref.o)
 .debug_frame   0x00000758       0x7c .\CortexM0p\ARM_GCC_493\Debug\AnalogCoProcessor_Design.a(PIRAmplifierStage1.o)
 .debug_frame   0x000007d4       0xc4 .\CortexM0p\ARM_GCC_493\Debug\AnalogCoProcessor_Design.a(PIRAmplifierStage2.o)
 .debug_frame   0x00000898      0x110 .\CortexM0p\ARM_GCC_493\Debug\AnalogCoProcessor_Design.a(isr_Timebase5s.o)
 .debug_frame   0x000009a8      0x390 .\CortexM0p\ARM_GCC_493\Debug\AnalogCoProcessor_Design.a(Timebase5s.o)
 .debug_frame   0x00000d38       0x6c .\CortexM0p\ARM_GCC_493\Debug\AnalogCoProcessor_Design.a(ADC_intSarClock.o)
 .debug_frame   0x00000da4      0x110 .\CortexM0p\ARM_GCC_493\Debug\AnalogCoProcessor_Design.a(ADC_IRQ.o)
 .debug_frame   0x00000eb4      0x4ec .\CortexM0p\ARM_GCC_493\Debug\AnalogCoProcessor_Design.a(CyLib.o)
 .debug_frame   0x000013a0      0x484 .\CortexM0p\ARM_GCC_493\Debug\AnalogCoProcessor_Design.a(CyLFClk.o)
 .debug_frame   0x00001824       0x48 .\CortexM0p\ARM_GCC_493\Debug\AnalogCoProcessor_Design.a(Thermistor.o)
 .debug_frame   0x0000186c       0x7c .\CortexM0p\ARM_GCC_493\Debug\AnalogCoProcessor_Design.a(Opamp_1.o)
 .debug_frame   0x000018e8      0x134 .\CortexM0p\ARM_GCC_493\Debug\AnalogCoProcessor_Design.a(CSD_Control.o)
 .debug_frame   0x00001a1c       0xd8 .\CortexM0p\ARM_GCC_493\Debug\AnalogCoProcessor_Design.a(CSD_Processing.o)
 .debug_frame   0x00001af4       0xbc .\CortexM0p\ARM_GCC_493\Debug\AnalogCoProcessor_Design.a(CSD_Structure.o)
 .debug_frame   0x00001bb0       0x40 .\CortexM0p\ARM_GCC_493\Debug\AnalogCoProcessor_Design.a(CSD_Tuner.o)
 .debug_frame   0x00001bf0      0x22c .\CortexM0p\ARM_GCC_493\Debug\AnalogCoProcessor_Design.a(CSD_Filter.o)
 .debug_frame   0x00001e1c      0x180 .\CortexM0p\ARM_GCC_493\Debug\AnalogCoProcessor_Design.a(CSD_Sensing.o)
 .debug_frame   0x00001f9c      0x2d4 .\CortexM0p\ARM_GCC_493\Debug\AnalogCoProcessor_Design.a(CSD_SensingCSD_LL.o)
 .debug_frame   0x00002270      0x110 .\CortexM0p\ARM_GCC_493\Debug\AnalogCoProcessor_Design.a(CSD_ISR.o)
 .debug_frame   0x00002380       0x88 .\CortexM0p\ARM_GCC_493\Debug\AnalogCoProcessor_Design.a(CyFlash.o)
 .debug_frame   0x00002408       0x58 .\CortexM0p\ARM_GCC_493\Debug\AnalogCoProcessor_Design.a(cyPm.o)
 .debug_frame   0x00002460       0x40 .\CortexM0p\ARM_GCC_493\Debug\AnalogCoProcessor_Design.a(CSD_INT.o)
 .debug_frame   0x000024a0       0x20 c:/program files (x86)/cypress/psoc creator/4.0/psoc creator/import/gnu/arm/4.9.3/bin/../lib/gcc/arm-none-eabi/4.9.3/armv6-m\libgcc.a(_udivsi3.o)
 .debug_frame   0x000024c0       0x20 c:/program files (x86)/cypress/psoc creator/4.0/psoc creator/import/gnu/arm/4.9.3/bin/../lib/gcc/arm-none-eabi/4.9.3/armv6-m\libgcc.a(_divsi3.o)
 .debug_frame   0x000024e0       0x34 c:/program files (x86)/cypress/psoc creator/4.0/psoc creator/import/gnu/arm/4.9.3/bin/../lib/gcc/arm-none-eabi/4.9.3/armv6-m\libgcc.a(_muldi3.o)
 .debug_frame   0x00002514       0x28 c:/program files (x86)/cypress/psoc creator/4.0/psoc creator/import/gnu/arm/4.9.3/bin/../lib/gcc/arm-none-eabi/4.9.3/armv6-m\libgcc.a(_fixunssfsi.o)
 .debug_frame   0x0000253c       0x50 c:/program files (x86)/cypress/psoc creator/4.0/psoc creator/import/gnu/arm/4.9.3/bin/../lib/gcc/arm-none-eabi/4.9.3/armv6-m\libgcc.a(bpabi.o)
 .debug_frame   0x0000258c       0x3c c:/program files (x86)/cypress/psoc creator/4.0/psoc creator/import/gnu/arm/4.9.3/bin/../lib/gcc/arm-none-eabi/4.9.3/armv6-m\libgcc.a(divsf3.o)
 .debug_frame   0x000025c8       0x3c c:/program files (x86)/cypress/psoc creator/4.0/psoc creator/import/gnu/arm/4.9.3/bin/../lib/gcc/arm-none-eabi/4.9.3/armv6-m\libgcc.a(mulsf3.o)
 .debug_frame   0x00002604       0x30 c:/program files (x86)/cypress/psoc creator/4.0/psoc creator/import/gnu/arm/4.9.3/bin/../lib/gcc/arm-none-eabi/4.9.3/armv6-m\libgcc.a(subsf3.o)
 .debug_frame   0x00002634       0x20 c:/program files (x86)/cypress/psoc creator/4.0/psoc creator/import/gnu/arm/4.9.3/bin/../lib/gcc/arm-none-eabi/4.9.3/armv6-m\libgcc.a(fixsfsi.o)
 .debug_frame   0x00002654       0x2c c:/program files (x86)/cypress/psoc creator/4.0/psoc creator/import/gnu/arm/4.9.3/bin/../lib/gcc/arm-none-eabi/4.9.3/armv6-m\libgcc.a(floatsisf.o)
 .debug_frame   0x00002680       0x3c c:/program files (x86)/cypress/psoc creator/4.0/psoc creator/import/gnu/arm/4.9.3/bin/../lib/gcc/arm-none-eabi/4.9.3/armv6-m\libgcc.a(_divdi3.o)
 .debug_frame   0x000026bc       0x3c c:/program files (x86)/cypress/psoc creator/4.0/psoc creator/import/gnu/arm/4.9.3/bin/../lib/gcc/arm-none-eabi/4.9.3/armv6-m\libgcc.a(_udivdi3.o)
 .debug_frame   0x000026f8       0x2c c:/program files (x86)/cypress/psoc creator/4.0/psoc creator/import/gnu/arm/4.9.3/bin/../lib/gcc/arm-none-eabi/4.9.3/armv6-m\libgcc.a(eqsf2.o)
 .debug_frame   0x00002724       0x30 c:/program files (x86)/cypress/psoc creator/4.0/psoc creator/import/gnu/arm/4.9.3/bin/../lib/gcc/arm-none-eabi/4.9.3/armv6-m\libgcc.a(gesf2.o)
 .debug_frame   0x00002754       0x30 c:/program files (x86)/cypress/psoc creator/4.0/psoc creator/import/gnu/arm/4.9.3/bin/../lib/gcc/arm-none-eabi/4.9.3/armv6-m\libgcc.a(lesf2.o)
 .debug_frame   0x00002784       0x20 c:/program files (x86)/cypress/psoc creator/4.0/psoc creator/import/gnu/arm/4.9.3/bin/../lib/gcc/arm-none-eabi/4.9.3/../../../../arm-none-eabi/lib/armv6-m\libg_nano.a(lib_a-errno.o)
 .debug_frame   0x000027a4       0x28 c:/program files (x86)/cypress/psoc creator/4.0/psoc creator/import/gnu/arm/4.9.3/bin/../lib/gcc/arm-none-eabi/4.9.3/../../../../arm-none-eabi/lib/armv6-m\libg_nano.a(lib_a-exit.o)
 .debug_frame   0x000027cc       0x2c c:/program files (x86)/cypress/psoc creator/4.0/psoc creator/import/gnu/arm/4.9.3/bin/../lib/gcc/arm-none-eabi/4.9.3/../../../../arm-none-eabi/lib/armv6-m\libg_nano.a(lib_a-init.o)
 .debug_frame   0x000027f8       0x28 c:/program files (x86)/cypress/psoc creator/4.0/psoc creator/import/gnu/arm/4.9.3/bin/../lib/gcc/arm-none-eabi/4.9.3/../../../../arm-none-eabi/lib/armv6-m\libg_nano.a(lib_a-memcpy.o)
 .debug_frame   0x00002820       0x20 c:/program files (x86)/cypress/psoc creator/4.0/psoc creator/import/gnu/arm/4.9.3/bin/../lib/gcc/arm-none-eabi/4.9.3/../../../../arm-none-eabi/lib/armv6-m\libg_nano.a(lib_a-memset.o)

.debug_str      0x00000000     0x3b5c
 *(.debug_str)
 .debug_str     0x00000000      0x53a .\CortexM0p\ARM_GCC_493\Debug\main.o
                                0x5a0 (size before relaxing)
 .debug_str     0x0000053a       0x59 .\CortexM0p\ARM_GCC_493\Debug\cymetadata.o
                                0x220 (size before relaxing)
 .debug_str     0x00000593      0x15b .\CortexM0p\ARM_GCC_493\Debug\Cm0plusStart.o
                                0x355 (size before relaxing)
 .debug_str     0x000006ee       0x9b .\CortexM0p\ARM_GCC_493\Debug\AnalogCoProcessor_Design.a(cyfitter_cfg.o)
                                0x276 (size before relaxing)
 .debug_str     0x00000789      0x144 .\CortexM0p\ARM_GCC_493\Debug\AnalogCoProcessor_Design.a(EzI2C.o)
                                0x324 (size before relaxing)
 .debug_str     0x000008cd      0x12e .\CortexM0p\ARM_GCC_493\Debug\AnalogCoProcessor_Design.a(EzI2C_EZI2C.o)
                                0x38b (size before relaxing)
 .debug_str     0x000009fb       0x97 .\CortexM0p\ARM_GCC_493\Debug\AnalogCoProcessor_Design.a(EzI2C_EZI2C_INT.o)
                                0x314 (size before relaxing)
 .debug_str     0x00000a92      0x413 .\CortexM0p\ARM_GCC_493\Debug\AnalogCoProcessor_Design.a(ADC.o)
                                0x686 (size before relaxing)
 .debug_str     0x00000ea5       0x22 .\CortexM0p\ARM_GCC_493\Debug\AnalogCoProcessor_Design.a(ADC_INIT.o)
                                0x2c4 (size before relaxing)
 .debug_str     0x00000ec7       0x35 .\CortexM0p\ARM_GCC_493\Debug\AnalogCoProcessor_Design.a(ADC_INT.o)
                                0x203 (size before relaxing)
 .debug_str     0x00000efc       0xb1 .\CortexM0p\ARM_GCC_493\Debug\AnalogCoProcessor_Design.a(RefBuffer.o)
                                0x28c (size before relaxing)
 .debug_str     0x00000fad       0x76 .\CortexM0p\ARM_GCC_493\Debug\AnalogCoProcessor_Design.a(PVref.o)
                                0x25a (size before relaxing)
 .debug_str     0x00001023       0xed .\CortexM0p\ARM_GCC_493\Debug\AnalogCoProcessor_Design.a(PIRAmplifierStage1.o)
                                0x2dd (size before relaxing)
 .debug_str     0x00001110      0x128 .\CortexM0p\ARM_GCC_493\Debug\AnalogCoProcessor_Design.a(PIRAmplifierStage2.o)
                                0x336 (size before relaxing)
 .debug_str     0x00001238      0x150 .\CortexM0p\ARM_GCC_493\Debug\AnalogCoProcessor_Design.a(isr_Timebase5s.o)
                                0x3ae (size before relaxing)
 .debug_str     0x00001388      0x46d .\CortexM0p\ARM_GCC_493\Debug\AnalogCoProcessor_Design.a(Timebase5s.o)
                                0x6c9 (size before relaxing)
 .debug_str     0x000017f5       0xcf .\CortexM0p\ARM_GCC_493\Debug\AnalogCoProcessor_Design.a(ADC_intSarClock.o)
                                0x2d9 (size before relaxing)
 .debug_str     0x000018c4       0xf2 .\CortexM0p\ARM_GCC_493\Debug\AnalogCoProcessor_Design.a(ADC_IRQ.o)
                                0x34c (size before relaxing)
 .debug_str     0x000019b6      0x651 .\CortexM0p\ARM_GCC_493\Debug\AnalogCoProcessor_Design.a(CyLib.o)
                                0x913 (size before relaxing)
 .debug_str     0x00002007      0x634 .\CortexM0p\ARM_GCC_493\Debug\AnalogCoProcessor_Design.a(CyLFClk.o)
                                0x8df (size before relaxing)
 .debug_str     0x0000263b       0x61 .\CortexM0p\ARM_GCC_493\Debug\AnalogCoProcessor_Design.a(Thermistor.o)
                                0x274 (size before relaxing)
 .debug_str     0x0000269c       0x95 .\CortexM0p\ARM_GCC_493\Debug\AnalogCoProcessor_Design.a(Opamp_1.o)
                                0x27a (size before relaxing)
 .debug_str     0x00002731      0x5d2 .\CortexM0p\ARM_GCC_493\Debug\AnalogCoProcessor_Design.a(CSD_Control.o)
                                0x820 (size before relaxing)
 .debug_str     0x00002d03      0x130 .\CortexM0p\ARM_GCC_493\Debug\AnalogCoProcessor_Design.a(CSD_Processing.o)
                                0x761 (size before relaxing)
 .debug_str     0x00002e33      0x198 .\CortexM0p\ARM_GCC_493\Debug\AnalogCoProcessor_Design.a(CSD_Structure.o)
                                0x75e (size before relaxing)
 .debug_str     0x00002fcb       0xee .\CortexM0p\ARM_GCC_493\Debug\AnalogCoProcessor_Design.a(CSD_Tuner.o)
                                0x5cf (size before relaxing)
 .debug_str     0x000030b9      0x1eb .\CortexM0p\ARM_GCC_493\Debug\AnalogCoProcessor_Design.a(CSD_Filter.o)
                                0x6d7 (size before relaxing)
 .debug_str     0x000032a4      0x299 .\CortexM0p\ARM_GCC_493\Debug\AnalogCoProcessor_Design.a(CSD_Sensing.o)
                                0x867 (size before relaxing)
 .debug_str     0x0000353d      0x341 .\CortexM0p\ARM_GCC_493\Debug\AnalogCoProcessor_Design.a(CSD_SensingCSD_LL.o)
                                0xa44 (size before relaxing)
 .debug_str     0x0000387e       0xf2 .\CortexM0p\ARM_GCC_493\Debug\AnalogCoProcessor_Design.a(CSD_ISR.o)
                                0x34c (size before relaxing)
 .debug_str     0x00003970      0x105 .\CortexM0p\ARM_GCC_493\Debug\AnalogCoProcessor_Design.a(CyFlash.o)
                                0x350 (size before relaxing)
 .debug_str     0x00003a75       0x5f .\CortexM0p\ARM_GCC_493\Debug\AnalogCoProcessor_Design.a(cyPm.o)
                                0x283 (size before relaxing)
 .debug_str     0x00003ad4       0x88 .\CortexM0p\ARM_GCC_493\Debug\AnalogCoProcessor_Design.a(CSD_INT.o)
                                0x64c (size before relaxing)

.debug_loc      0x00000000     0x52fc
 *(.debug_loc)
 .debug_loc     0x00000000      0x3c5 .\CortexM0p\ARM_GCC_493\Debug\main.o
 .debug_loc     0x000003c5      0x14f .\CortexM0p\ARM_GCC_493\Debug\Cm0plusStart.o
 .debug_loc     0x00000514       0x1e .\CortexM0p\ARM_GCC_493\Debug\AnalogCoProcessor_Design.a(cyfitter_cfg.o)
 .debug_loc     0x00000532       0x7e .\CortexM0p\ARM_GCC_493\Debug\AnalogCoProcessor_Design.a(EzI2C.o)
 .debug_loc     0x000005b0       0xe1 .\CortexM0p\ARM_GCC_493\Debug\AnalogCoProcessor_Design.a(EzI2C_EZI2C.o)
 .debug_loc     0x00000691      0x132 .\CortexM0p\ARM_GCC_493\Debug\AnalogCoProcessor_Design.a(EzI2C_EZI2C_INT.o)
 .debug_loc     0x000007c3      0x882 .\CortexM0p\ARM_GCC_493\Debug\AnalogCoProcessor_Design.a(ADC.o)
 .debug_loc     0x00001045       0x21 .\CortexM0p\ARM_GCC_493\Debug\AnalogCoProcessor_Design.a(RefBuffer.o)
 .debug_loc     0x00001066       0x21 .\CortexM0p\ARM_GCC_493\Debug\AnalogCoProcessor_Design.a(PVref.o)
 .debug_loc     0x00001087       0x21 .\CortexM0p\ARM_GCC_493\Debug\AnalogCoProcessor_Design.a(PIRAmplifierStage1.o)
 .debug_loc     0x000010a8       0x68 .\CortexM0p\ARM_GCC_493\Debug\AnalogCoProcessor_Design.a(PIRAmplifierStage2.o)
 .debug_loc     0x00001110       0x82 .\CortexM0p\ARM_GCC_493\Debug\AnalogCoProcessor_Design.a(isr_Timebase5s.o)
 .debug_loc     0x00001192      0x547 .\CortexM0p\ARM_GCC_493\Debug\AnalogCoProcessor_Design.a(Timebase5s.o)
 .debug_loc     0x000016d9       0x76 .\CortexM0p\ARM_GCC_493\Debug\AnalogCoProcessor_Design.a(ADC_intSarClock.o)
 .debug_loc     0x0000174f       0x82 .\CortexM0p\ARM_GCC_493\Debug\AnalogCoProcessor_Design.a(ADC_IRQ.o)
 .debug_loc     0x000017d1      0x872 .\CortexM0p\ARM_GCC_493\Debug\AnalogCoProcessor_Design.a(CyLib.o)
 .debug_loc     0x00002043      0xa81 .\CortexM0p\ARM_GCC_493\Debug\AnalogCoProcessor_Design.a(CyLFClk.o)
 .debug_loc     0x00002ac4      0x15a .\CortexM0p\ARM_GCC_493\Debug\AnalogCoProcessor_Design.a(Thermistor.o)
 .debug_loc     0x00002c1e       0x21 .\CortexM0p\ARM_GCC_493\Debug\AnalogCoProcessor_Design.a(Opamp_1.o)
 .debug_loc     0x00002c3f      0x3d5 .\CortexM0p\ARM_GCC_493\Debug\AnalogCoProcessor_Design.a(CSD_Control.o)
 .debug_loc     0x00003014      0x4a8 .\CortexM0p\ARM_GCC_493\Debug\AnalogCoProcessor_Design.a(CSD_Processing.o)
 .debug_loc     0x000034bc      0x3ba .\CortexM0p\ARM_GCC_493\Debug\AnalogCoProcessor_Design.a(CSD_Structure.o)
 .debug_loc     0x00003876      0x13d .\CortexM0p\ARM_GCC_493\Debug\AnalogCoProcessor_Design.a(CSD_Tuner.o)
 .debug_loc     0x000039b3      0xa04 .\CortexM0p\ARM_GCC_493\Debug\AnalogCoProcessor_Design.a(CSD_Filter.o)
 .debug_loc     0x000043b7      0x3cc .\CortexM0p\ARM_GCC_493\Debug\AnalogCoProcessor_Design.a(CSD_Sensing.o)
 .debug_loc     0x00004783      0x886 .\CortexM0p\ARM_GCC_493\Debug\AnalogCoProcessor_Design.a(CSD_SensingCSD_LL.o)
 .debug_loc     0x00005009       0x82 .\CortexM0p\ARM_GCC_493\Debug\AnalogCoProcessor_Design.a(CSD_ISR.o)
 .debug_loc     0x0000508b      0x144 .\CortexM0p\ARM_GCC_493\Debug\AnalogCoProcessor_Design.a(CyFlash.o)
 .debug_loc     0x000051cf       0x47 .\CortexM0p\ARM_GCC_493\Debug\AnalogCoProcessor_Design.a(cyPm.o)
 .debug_loc     0x00005216       0xe6 .\CortexM0p\ARM_GCC_493\Debug\AnalogCoProcessor_Design.a(CSD_INT.o)

.debug_macinfo
 *(.debug_macinfo)

.debug_ranges   0x00000000      0xcc8
 *(.debug_ranges)
 .debug_ranges  0x00000000       0x30 .\CortexM0p\ARM_GCC_493\Debug\main.o
 .debug_ranges  0x00000030       0x38 .\CortexM0p\ARM_GCC_493\Debug\Cm0plusStart.o
 .debug_ranges  0x00000068       0x28 .\CortexM0p\ARM_GCC_493\Debug\AnalogCoProcessor_Design.a(cyfitter_cfg.o)
 .debug_ranges  0x00000090       0x50 .\CortexM0p\ARM_GCC_493\Debug\AnalogCoProcessor_Design.a(EzI2C.o)
 .debug_ranges  0x000000e0       0x40 .\CortexM0p\ARM_GCC_493\Debug\AnalogCoProcessor_Design.a(EzI2C_EZI2C.o)
 .debug_ranges  0x00000120       0x10 .\CortexM0p\ARM_GCC_493\Debug\AnalogCoProcessor_Design.a(EzI2C_EZI2C_INT.o)
 .debug_ranges  0x00000130       0xd8 .\CortexM0p\ARM_GCC_493\Debug\AnalogCoProcessor_Design.a(ADC.o)
 .debug_ranges  0x00000208       0x10 .\CortexM0p\ARM_GCC_493\Debug\AnalogCoProcessor_Design.a(ADC_INT.o)
 .debug_ranges  0x00000218       0x38 .\CortexM0p\ARM_GCC_493\Debug\AnalogCoProcessor_Design.a(RefBuffer.o)
 .debug_ranges  0x00000250       0x38 .\CortexM0p\ARM_GCC_493\Debug\AnalogCoProcessor_Design.a(PVref.o)
 .debug_ranges  0x00000288       0x38 .\CortexM0p\ARM_GCC_493\Debug\AnalogCoProcessor_Design.a(PIRAmplifierStage1.o)
 .debug_ranges  0x000002c0       0x40 .\CortexM0p\ARM_GCC_493\Debug\AnalogCoProcessor_Design.a(PIRAmplifierStage2.o)
 .debug_ranges  0x00000300       0x70 .\CortexM0p\ARM_GCC_493\Debug\AnalogCoProcessor_Design.a(isr_Timebase5s.o)
 .debug_ranges  0x00000370      0x148 .\CortexM0p\ARM_GCC_493\Debug\AnalogCoProcessor_Design.a(Timebase5s.o)
 .debug_ranges  0x000004b8       0x30 .\CortexM0p\ARM_GCC_493\Debug\AnalogCoProcessor_Design.a(ADC_intSarClock.o)
 .debug_ranges  0x000004e8       0x70 .\CortexM0p\ARM_GCC_493\Debug\AnalogCoProcessor_Design.a(ADC_IRQ.o)
 .debug_ranges  0x00000558      0x1e8 .\CortexM0p\ARM_GCC_493\Debug\AnalogCoProcessor_Design.a(CyLib.o)
 .debug_ranges  0x00000740      0x198 .\CortexM0p\ARM_GCC_493\Debug\AnalogCoProcessor_Design.a(CyLFClk.o)
 .debug_ranges  0x000008d8       0x18 .\CortexM0p\ARM_GCC_493\Debug\AnalogCoProcessor_Design.a(Thermistor.o)
 .debug_ranges  0x000008f0       0x38 .\CortexM0p\ARM_GCC_493\Debug\AnalogCoProcessor_Design.a(Opamp_1.o)
 .debug_ranges  0x00000928       0x58 .\CortexM0p\ARM_GCC_493\Debug\AnalogCoProcessor_Design.a(CSD_Control.o)
 .debug_ranges  0x00000980       0x38 .\CortexM0p\ARM_GCC_493\Debug\AnalogCoProcessor_Design.a(CSD_Processing.o)
 .debug_ranges  0x000009b8       0x40 .\CortexM0p\ARM_GCC_493\Debug\AnalogCoProcessor_Design.a(CSD_Structure.o)
 .debug_ranges  0x000009f8       0x18 .\CortexM0p\ARM_GCC_493\Debug\AnalogCoProcessor_Design.a(CSD_Tuner.o)
 .debug_ranges  0x00000a10       0x90 .\CortexM0p\ARM_GCC_493\Debug\AnalogCoProcessor_Design.a(CSD_Filter.o)
 .debug_ranges  0x00000aa0       0x80 .\CortexM0p\ARM_GCC_493\Debug\AnalogCoProcessor_Design.a(CSD_Sensing.o)
 .debug_ranges  0x00000b20       0xd0 .\CortexM0p\ARM_GCC_493\Debug\AnalogCoProcessor_Design.a(CSD_SensingCSD_LL.o)
 .debug_ranges  0x00000bf0       0x70 .\CortexM0p\ARM_GCC_493\Debug\AnalogCoProcessor_Design.a(CSD_ISR.o)
 .debug_ranges  0x00000c60       0x30 .\CortexM0p\ARM_GCC_493\Debug\AnalogCoProcessor_Design.a(CyFlash.o)
 .debug_ranges  0x00000c90       0x20 .\CortexM0p\ARM_GCC_493\Debug\AnalogCoProcessor_Design.a(cyPm.o)
 .debug_ranges  0x00000cb0       0x18 .\CortexM0p\ARM_GCC_493\Debug\AnalogCoProcessor_Design.a(CSD_INT.o)

.comment        0x00000000       0x70
 .comment       0x00000000       0x70 .\CortexM0p\ARM_GCC_493\Debug\main.o
                                 0x71 (size before relaxing)
 .comment       0x00000000       0x71 .\CortexM0p\ARM_GCC_493\Debug\cymetadata.o
 .comment       0x00000000       0x71 .\CortexM0p\ARM_GCC_493\Debug\Cm0plusStart.o
 .comment       0x00000000       0x71 .\CortexM0p\ARM_GCC_493\Debug\AnalogCoProcessor_Design.a(cyfitter_cfg.o)
 .comment       0x00000000       0x71 .\CortexM0p\ARM_GCC_493\Debug\AnalogCoProcessor_Design.a(EzI2C.o)
 .comment       0x00000000       0x71 .\CortexM0p\ARM_GCC_493\Debug\AnalogCoProcessor_Design.a(EzI2C_EZI2C.o)
 .comment       0x00000000       0x71 .\CortexM0p\ARM_GCC_493\Debug\AnalogCoProcessor_Design.a(EzI2C_EZI2C_INT.o)
 .comment       0x00000000       0x71 .\CortexM0p\ARM_GCC_493\Debug\AnalogCoProcessor_Design.a(ADC.o)
 .comment       0x00000000       0x71 .\CortexM0p\ARM_GCC_493\Debug\AnalogCoProcessor_Design.a(ADC_INIT.o)
 .comment       0x00000000       0x71 .\CortexM0p\ARM_GCC_493\Debug\AnalogCoProcessor_Design.a(ADC_INT.o)
 .comment       0x00000000       0x71 .\CortexM0p\ARM_GCC_493\Debug\AnalogCoProcessor_Design.a(RefBuffer.o)
 .comment       0x00000000       0x71 .\CortexM0p\ARM_GCC_493\Debug\AnalogCoProcessor_Design.a(PVref.o)
 .comment       0x00000000       0x71 .\CortexM0p\ARM_GCC_493\Debug\AnalogCoProcessor_Design.a(PIRAmplifierStage1.o)
 .comment       0x00000000       0x71 .\CortexM0p\ARM_GCC_493\Debug\AnalogCoProcessor_Design.a(PIRAmplifierStage2.o)
 .comment       0x00000000       0x71 .\CortexM0p\ARM_GCC_493\Debug\AnalogCoProcessor_Design.a(isr_Timebase5s.o)
 .comment       0x00000000       0x71 .\CortexM0p\ARM_GCC_493\Debug\AnalogCoProcessor_Design.a(Timebase5s.o)
 .comment       0x00000000       0x71 .\CortexM0p\ARM_GCC_493\Debug\AnalogCoProcessor_Design.a(ADC_intSarClock.o)
 .comment       0x00000000       0x71 .\CortexM0p\ARM_GCC_493\Debug\AnalogCoProcessor_Design.a(ADC_IRQ.o)
 .comment       0x00000000       0x71 .\CortexM0p\ARM_GCC_493\Debug\AnalogCoProcessor_Design.a(CyLib.o)
 .comment       0x00000000       0x71 .\CortexM0p\ARM_GCC_493\Debug\AnalogCoProcessor_Design.a(CyLFClk.o)
 .comment       0x00000000       0x71 .\CortexM0p\ARM_GCC_493\Debug\AnalogCoProcessor_Design.a(Thermistor.o)
 .comment       0x00000000       0x71 .\CortexM0p\ARM_GCC_493\Debug\AnalogCoProcessor_Design.a(Opamp_1.o)
 .comment       0x00000000       0x71 .\CortexM0p\ARM_GCC_493\Debug\AnalogCoProcessor_Design.a(CSD_Control.o)
 .comment       0x00000000       0x71 .\CortexM0p\ARM_GCC_493\Debug\AnalogCoProcessor_Design.a(CSD_Processing.o)
 .comment       0x00000000       0x71 .\CortexM0p\ARM_GCC_493\Debug\AnalogCoProcessor_Design.a(CSD_Structure.o)
 .comment       0x00000000       0x71 .\CortexM0p\ARM_GCC_493\Debug\AnalogCoProcessor_Design.a(CSD_Tuner.o)
 .comment       0x00000000       0x71 .\CortexM0p\ARM_GCC_493\Debug\AnalogCoProcessor_Design.a(CSD_Filter.o)
 .comment       0x00000000       0x71 .\CortexM0p\ARM_GCC_493\Debug\AnalogCoProcessor_Design.a(CSD_Sensing.o)
 .comment       0x00000000       0x71 .\CortexM0p\ARM_GCC_493\Debug\AnalogCoProcessor_Design.a(CSD_SensingCSD_LL.o)
 .comment       0x00000000       0x71 .\CortexM0p\ARM_GCC_493\Debug\AnalogCoProcessor_Design.a(CSD_ISR.o)
 .comment       0x00000000       0x71 .\CortexM0p\ARM_GCC_493\Debug\AnalogCoProcessor_Design.a(CyFlash.o)
 .comment       0x00000000       0x71 .\CortexM0p\ARM_GCC_493\Debug\AnalogCoProcessor_Design.a(cyPm.o)
 .comment       0x00000000       0x71 .\CortexM0p\ARM_GCC_493\Debug\AnalogCoProcessor_Design.a(CSD_INT.o)

.debug_weaknames
 *(.debug_weaknames)

.debug_funcnames
 *(.debug_funcnames)

.debug_typenames
 *(.debug_typenames)

.debug_varnames
 *(.debug_varnames)

.note.gnu.arm.ident
 *(.note.gnu.arm.ident)

.ARM.attributes
                0x00000000       0x28
 *(.ARM.attributes)
 .ARM.attributes
                0x00000000       0x1e c:/program files (x86)/cypress/psoc creator/4.0/psoc creator/import/gnu/arm/4.9.3/bin/../lib/gcc/arm-none-eabi/4.9.3/armv6-m/crti.o
 .ARM.attributes
                0x0000001e       0x2c c:/program files (x86)/cypress/psoc creator/4.0/psoc creator/import/gnu/arm/4.9.3/bin/../lib/gcc/arm-none-eabi/4.9.3/armv6-m/crtbegin.o
 .ARM.attributes
                0x0000004a       0x1b c:/program files (x86)/cypress/psoc creator/4.0/psoc creator/import/gnu/arm/4.9.3/bin/../lib/gcc/arm-none-eabi/4.9.3/../../../../arm-none-eabi/lib/armv6-m/crt0.o
 .ARM.attributes
                0x00000065       0x32 .\CortexM0p\ARM_GCC_493\Debug\main.o
 .ARM.attributes
                0x00000097       0x32 .\CortexM0p\ARM_GCC_493\Debug\cymetadata.o
 .ARM.attributes
                0x000000c9       0x32 .\CortexM0p\ARM_GCC_493\Debug\Cm0plusStart.o
 .ARM.attributes
                0x000000fb       0x32 .\CortexM0p\ARM_GCC_493\Debug\AnalogCoProcessor_Design.a(cyfitter_cfg.o)
 .ARM.attributes
                0x0000012d       0x32 .\CortexM0p\ARM_GCC_493\Debug\AnalogCoProcessor_Design.a(EzI2C.o)
 .ARM.attributes
                0x0000015f       0x32 .\CortexM0p\ARM_GCC_493\Debug\AnalogCoProcessor_Design.a(EzI2C_EZI2C.o)
 .ARM.attributes
                0x00000191       0x32 .\CortexM0p\ARM_GCC_493\Debug\AnalogCoProcessor_Design.a(EzI2C_EZI2C_INT.o)
 .ARM.attributes
                0x000001c3       0x32 .\CortexM0p\ARM_GCC_493\Debug\AnalogCoProcessor_Design.a(ADC.o)
 .ARM.attributes
                0x000001f5       0x32 .\CortexM0p\ARM_GCC_493\Debug\AnalogCoProcessor_Design.a(ADC_INIT.o)
 .ARM.attributes
                0x00000227       0x32 .\CortexM0p\ARM_GCC_493\Debug\AnalogCoProcessor_Design.a(ADC_INT.o)
 .ARM.attributes
                0x00000259       0x32 .\CortexM0p\ARM_GCC_493\Debug\AnalogCoProcessor_Design.a(RefBuffer.o)
 .ARM.attributes
                0x0000028b       0x32 .\CortexM0p\ARM_GCC_493\Debug\AnalogCoProcessor_Design.a(PVref.o)
 .ARM.attributes
                0x000002bd       0x32 .\CortexM0p\ARM_GCC_493\Debug\AnalogCoProcessor_Design.a(PIRAmplifierStage1.o)
 .ARM.attributes
                0x000002ef       0x32 .\CortexM0p\ARM_GCC_493\Debug\AnalogCoProcessor_Design.a(PIRAmplifierStage2.o)
 .ARM.attributes
                0x00000321       0x32 .\CortexM0p\ARM_GCC_493\Debug\AnalogCoProcessor_Design.a(isr_Timebase5s.o)
 .ARM.attributes
                0x00000353       0x32 .\CortexM0p\ARM_GCC_493\Debug\AnalogCoProcessor_Design.a(Timebase5s.o)
 .ARM.attributes
                0x00000385       0x32 .\CortexM0p\ARM_GCC_493\Debug\AnalogCoProcessor_Design.a(ADC_intSarClock.o)
 .ARM.attributes
                0x000003b7       0x32 .\CortexM0p\ARM_GCC_493\Debug\AnalogCoProcessor_Design.a(ADC_IRQ.o)
 .ARM.attributes
                0x000003e9       0x32 .\CortexM0p\ARM_GCC_493\Debug\AnalogCoProcessor_Design.a(CyLib.o)
 .ARM.attributes
                0x0000041b       0x32 .\CortexM0p\ARM_GCC_493\Debug\AnalogCoProcessor_Design.a(CyLFClk.o)
 .ARM.attributes
                0x0000044d       0x32 .\CortexM0p\ARM_GCC_493\Debug\AnalogCoProcessor_Design.a(Thermistor.o)
 .ARM.attributes
                0x0000047f       0x32 .\CortexM0p\ARM_GCC_493\Debug\AnalogCoProcessor_Design.a(Opamp_1.o)
 .ARM.attributes
                0x000004b1       0x32 .\CortexM0p\ARM_GCC_493\Debug\AnalogCoProcessor_Design.a(CSD_Control.o)
 .ARM.attributes
                0x000004e3       0x32 .\CortexM0p\ARM_GCC_493\Debug\AnalogCoProcessor_Design.a(CSD_Processing.o)
 .ARM.attributes
                0x00000515       0x32 .\CortexM0p\ARM_GCC_493\Debug\AnalogCoProcessor_Design.a(CSD_Structure.o)
 .ARM.attributes
                0x00000547       0x32 .\CortexM0p\ARM_GCC_493\Debug\AnalogCoProcessor_Design.a(CSD_Tuner.o)
 .ARM.attributes