ARM GAS  C:\Users\raymond\AppData\Local\Temp\cct6N7Rs.s 			page 1


   1              		.cpu cortex-m0plus
   2              		.fpu softvfp
   3              		.eabi_attribute 20, 1
   4              		.eabi_attribute 21, 1
   5              		.eabi_attribute 23, 3
   6              		.eabi_attribute 24, 1
   7              		.eabi_attribute 25, 1
   8              		.eabi_attribute 26, 1
   9              		.eabi_attribute 30, 1
  10              		.eabi_attribute 34, 0
  11              		.eabi_attribute 18, 4
  12              		.code	16
  13              		.file	"cyfitter_cfg.c"
  14              		.text
  15              	.Ltext0:
  16              		.cfi_sections	.debug_frame
  17              		.section	.psocinit,"ax",%progbits
  18              		.align	2
  19              		.code	16
  20              		.thumb_func
  21              		.type	ClockSetup, %function
  22              	ClockSetup:
  23              	.LFB4:
  24              		.file 1 "Generated_Source\\PSoC4\\cyfitter_cfg.c"
   1:Generated_Source\PSoC4/cyfitter_cfg.c **** /*******************************************************************************
   2:Generated_Source\PSoC4/cyfitter_cfg.c **** * File Name: cyfitter_cfg.c
   3:Generated_Source\PSoC4/cyfitter_cfg.c **** * 
   4:Generated_Source\PSoC4/cyfitter_cfg.c **** * PSoC Creator  4.0 Update 1
   5:Generated_Source\PSoC4/cyfitter_cfg.c **** *
   6:Generated_Source\PSoC4/cyfitter_cfg.c **** * Description:
   7:Generated_Source\PSoC4/cyfitter_cfg.c **** * This file contains device initialization code.
   8:Generated_Source\PSoC4/cyfitter_cfg.c **** * Except for the user defined sections in CyClockStartupError(), this file should not be modified.
   9:Generated_Source\PSoC4/cyfitter_cfg.c **** * This file is automatically generated by PSoC Creator.
  10:Generated_Source\PSoC4/cyfitter_cfg.c **** *
  11:Generated_Source\PSoC4/cyfitter_cfg.c **** ********************************************************************************
  12:Generated_Source\PSoC4/cyfitter_cfg.c **** * Copyright (c) 2007-2016 Cypress Semiconductor.  All rights reserved.
  13:Generated_Source\PSoC4/cyfitter_cfg.c **** * You may use this file only in accordance with the license, terms, conditions, 
  14:Generated_Source\PSoC4/cyfitter_cfg.c **** * disclaimers, and limitations in the end user license agreement accompanying 
  15:Generated_Source\PSoC4/cyfitter_cfg.c **** * the software package with which this file was provided.
  16:Generated_Source\PSoC4/cyfitter_cfg.c **** ********************************************************************************/
  17:Generated_Source\PSoC4/cyfitter_cfg.c **** 
  18:Generated_Source\PSoC4/cyfitter_cfg.c **** #include <string.h>
  19:Generated_Source\PSoC4/cyfitter_cfg.c **** #include "cytypes.h"
  20:Generated_Source\PSoC4/cyfitter_cfg.c **** #include "cydevice_trm.h"
  21:Generated_Source\PSoC4/cyfitter_cfg.c **** #include "cyfitter.h"
  22:Generated_Source\PSoC4/cyfitter_cfg.c **** #include "CyLib.h"
  23:Generated_Source\PSoC4/cyfitter_cfg.c **** #include "cyfitter_cfg.h"
  24:Generated_Source\PSoC4/cyfitter_cfg.c **** 
  25:Generated_Source\PSoC4/cyfitter_cfg.c **** 
  26:Generated_Source\PSoC4/cyfitter_cfg.c **** #if defined(__GNUC__) || defined(__ARMCC_VERSION)
  27:Generated_Source\PSoC4/cyfitter_cfg.c ****     #define CYPACKED 
  28:Generated_Source\PSoC4/cyfitter_cfg.c ****     #define CYPACKED_ATTR __attribute__ ((packed))
  29:Generated_Source\PSoC4/cyfitter_cfg.c ****     #define CYALIGNED __attribute__ ((aligned))
  30:Generated_Source\PSoC4/cyfitter_cfg.c ****     #define CY_CFG_UNUSED __attribute__ ((unused))
  31:Generated_Source\PSoC4/cyfitter_cfg.c ****     #ifndef CY_CFG_SECTION
  32:Generated_Source\PSoC4/cyfitter_cfg.c ****         #define CY_CFG_SECTION __attribute__ ((section(".psocinit")))
  33:Generated_Source\PSoC4/cyfitter_cfg.c ****     #endif
ARM GAS  C:\Users\raymond\AppData\Local\Temp\cct6N7Rs.s 			page 2


  34:Generated_Source\PSoC4/cyfitter_cfg.c ****     
  35:Generated_Source\PSoC4/cyfitter_cfg.c ****     #if defined(__ARMCC_VERSION)
  36:Generated_Source\PSoC4/cyfitter_cfg.c ****         #define CY_CFG_MEMORY_BARRIER() __memory_changed()
  37:Generated_Source\PSoC4/cyfitter_cfg.c ****     #else
  38:Generated_Source\PSoC4/cyfitter_cfg.c ****         #define CY_CFG_MEMORY_BARRIER() __sync_synchronize()
  39:Generated_Source\PSoC4/cyfitter_cfg.c ****     #endif
  40:Generated_Source\PSoC4/cyfitter_cfg.c ****     
  41:Generated_Source\PSoC4/cyfitter_cfg.c **** #elif defined(__ICCARM__)
  42:Generated_Source\PSoC4/cyfitter_cfg.c ****     #include <intrinsics.h>
  43:Generated_Source\PSoC4/cyfitter_cfg.c **** 
  44:Generated_Source\PSoC4/cyfitter_cfg.c ****     #define CYPACKED __packed
  45:Generated_Source\PSoC4/cyfitter_cfg.c ****     #define CYPACKED_ATTR 
  46:Generated_Source\PSoC4/cyfitter_cfg.c ****     #define CYALIGNED _Pragma("data_alignment=4")
  47:Generated_Source\PSoC4/cyfitter_cfg.c ****     #define CY_CFG_UNUSED _Pragma("diag_suppress=Pe177")
  48:Generated_Source\PSoC4/cyfitter_cfg.c ****     #define CY_CFG_SECTION _Pragma("location=\".psocinit\"")
  49:Generated_Source\PSoC4/cyfitter_cfg.c ****     
  50:Generated_Source\PSoC4/cyfitter_cfg.c ****     #define CY_CFG_MEMORY_BARRIER() __DMB()
  51:Generated_Source\PSoC4/cyfitter_cfg.c ****     
  52:Generated_Source\PSoC4/cyfitter_cfg.c **** #else
  53:Generated_Source\PSoC4/cyfitter_cfg.c ****     #error Unsupported toolchain
  54:Generated_Source\PSoC4/cyfitter_cfg.c **** #endif
  55:Generated_Source\PSoC4/cyfitter_cfg.c **** 
  56:Generated_Source\PSoC4/cyfitter_cfg.c **** 
  57:Generated_Source\PSoC4/cyfitter_cfg.c **** CY_CFG_UNUSED
  58:Generated_Source\PSoC4/cyfitter_cfg.c **** static void CYMEMZERO(void *s, size_t n);
  59:Generated_Source\PSoC4/cyfitter_cfg.c **** CY_CFG_UNUSED
  60:Generated_Source\PSoC4/cyfitter_cfg.c **** static void CYMEMZERO(void *s, size_t n)
  61:Generated_Source\PSoC4/cyfitter_cfg.c **** {
  62:Generated_Source\PSoC4/cyfitter_cfg.c **** 	(void)memset(s, 0, n);
  63:Generated_Source\PSoC4/cyfitter_cfg.c **** }
  64:Generated_Source\PSoC4/cyfitter_cfg.c **** CY_CFG_UNUSED
  65:Generated_Source\PSoC4/cyfitter_cfg.c **** static void CYCONFIGCPY(void *dest, const void *src, size_t n);
  66:Generated_Source\PSoC4/cyfitter_cfg.c **** CY_CFG_UNUSED
  67:Generated_Source\PSoC4/cyfitter_cfg.c **** static void CYCONFIGCPY(void *dest, const void *src, size_t n)
  68:Generated_Source\PSoC4/cyfitter_cfg.c **** {
  69:Generated_Source\PSoC4/cyfitter_cfg.c **** 	(void)memcpy(dest, src, n);
  70:Generated_Source\PSoC4/cyfitter_cfg.c **** }
  71:Generated_Source\PSoC4/cyfitter_cfg.c **** CY_CFG_UNUSED
  72:Generated_Source\PSoC4/cyfitter_cfg.c **** static void CYCONFIGCPYCODE(void *dest, const void *src, size_t n);
  73:Generated_Source\PSoC4/cyfitter_cfg.c **** CY_CFG_UNUSED
  74:Generated_Source\PSoC4/cyfitter_cfg.c **** static void CYCONFIGCPYCODE(void *dest, const void *src, size_t n)
  75:Generated_Source\PSoC4/cyfitter_cfg.c **** {
  76:Generated_Source\PSoC4/cyfitter_cfg.c **** 	(void)memcpy(dest, src, n);
  77:Generated_Source\PSoC4/cyfitter_cfg.c **** }
  78:Generated_Source\PSoC4/cyfitter_cfg.c **** 
  79:Generated_Source\PSoC4/cyfitter_cfg.c **** 
  80:Generated_Source\PSoC4/cyfitter_cfg.c **** 
  81:Generated_Source\PSoC4/cyfitter_cfg.c **** 
  82:Generated_Source\PSoC4/cyfitter_cfg.c **** /* Clock startup error codes                                                   */
  83:Generated_Source\PSoC4/cyfitter_cfg.c **** #define CYCLOCKSTART_NO_ERROR    0u
  84:Generated_Source\PSoC4/cyfitter_cfg.c **** #define CYCLOCKSTART_XTAL_ERROR  1u
  85:Generated_Source\PSoC4/cyfitter_cfg.c **** #define CYCLOCKSTART_32KHZ_ERROR 2u
  86:Generated_Source\PSoC4/cyfitter_cfg.c **** #define CYCLOCKSTART_PLL_ERROR   3u
  87:Generated_Source\PSoC4/cyfitter_cfg.c **** 
  88:Generated_Source\PSoC4/cyfitter_cfg.c **** 
  89:Generated_Source\PSoC4/cyfitter_cfg.c **** #ifdef CY_NEED_CYCLOCKSTARTUPERROR
  90:Generated_Source\PSoC4/cyfitter_cfg.c **** /*******************************************************************************
ARM GAS  C:\Users\raymond\AppData\Local\Temp\cct6N7Rs.s 			page 3


  91:Generated_Source\PSoC4/cyfitter_cfg.c **** * Function Name: CyClockStartupError
  92:Generated_Source\PSoC4/cyfitter_cfg.c **** ********************************************************************************
  93:Generated_Source\PSoC4/cyfitter_cfg.c **** * Summary:
  94:Generated_Source\PSoC4/cyfitter_cfg.c **** *  If an error is encountered during clock configuration (crystal startup error,
  95:Generated_Source\PSoC4/cyfitter_cfg.c **** *  PLL lock error, etc.), the system will end up here.  Unless reimplemented by
  96:Generated_Source\PSoC4/cyfitter_cfg.c **** *  the customer, this function will stop in an infinite loop.
  97:Generated_Source\PSoC4/cyfitter_cfg.c **** *
  98:Generated_Source\PSoC4/cyfitter_cfg.c **** * Parameters:
  99:Generated_Source\PSoC4/cyfitter_cfg.c **** *   void
 100:Generated_Source\PSoC4/cyfitter_cfg.c **** *
 101:Generated_Source\PSoC4/cyfitter_cfg.c **** * Return:
 102:Generated_Source\PSoC4/cyfitter_cfg.c **** *   void
 103:Generated_Source\PSoC4/cyfitter_cfg.c **** *
 104:Generated_Source\PSoC4/cyfitter_cfg.c **** *******************************************************************************/
 105:Generated_Source\PSoC4/cyfitter_cfg.c **** CY_CFG_UNUSED
 106:Generated_Source\PSoC4/cyfitter_cfg.c **** static void CyClockStartupError(uint8 errorCode);
 107:Generated_Source\PSoC4/cyfitter_cfg.c **** CY_CFG_UNUSED
 108:Generated_Source\PSoC4/cyfitter_cfg.c **** static void CyClockStartupError(uint8 errorCode)
 109:Generated_Source\PSoC4/cyfitter_cfg.c **** {
 110:Generated_Source\PSoC4/cyfitter_cfg.c ****     /* To remove the compiler warning if errorCode not used.                */
 111:Generated_Source\PSoC4/cyfitter_cfg.c ****     errorCode = errorCode;
 112:Generated_Source\PSoC4/cyfitter_cfg.c **** 
 113:Generated_Source\PSoC4/cyfitter_cfg.c ****     /* If we have a clock startup error (bad MHz crystal, PLL lock, etc.),  */
 114:Generated_Source\PSoC4/cyfitter_cfg.c ****     /* we will end up here to allow the customer to implement something to  */
 115:Generated_Source\PSoC4/cyfitter_cfg.c ****     /* deal with the clock condition.                                       */
 116:Generated_Source\PSoC4/cyfitter_cfg.c **** 
 117:Generated_Source\PSoC4/cyfitter_cfg.c **** #ifdef CY_CFG_CLOCK_STARTUP_ERROR_CALLBACK
 118:Generated_Source\PSoC4/cyfitter_cfg.c **** 	CY_CFG_Clock_Startup_ErrorCallback();
 119:Generated_Source\PSoC4/cyfitter_cfg.c **** #else
 120:Generated_Source\PSoC4/cyfitter_cfg.c **** 	/*  If not using CY_CFG_CLOCK_STARTUP_ERROR_CALLBACK, place your clock startup code here. */
 121:Generated_Source\PSoC4/cyfitter_cfg.c ****     /* `#START CyClockStartupError` */
 122:Generated_Source\PSoC4/cyfitter_cfg.c **** 
 123:Generated_Source\PSoC4/cyfitter_cfg.c **** 
 124:Generated_Source\PSoC4/cyfitter_cfg.c **** 
 125:Generated_Source\PSoC4/cyfitter_cfg.c ****     /* `#END` */
 126:Generated_Source\PSoC4/cyfitter_cfg.c **** 
 127:Generated_Source\PSoC4/cyfitter_cfg.c ****     /* If nothing else, stop here since the clocks have not started         */
 128:Generated_Source\PSoC4/cyfitter_cfg.c ****     /* correctly.                                                           */
 129:Generated_Source\PSoC4/cyfitter_cfg.c ****     while(1) {}
 130:Generated_Source\PSoC4/cyfitter_cfg.c **** #endif /* CY_CFG_CLOCK_STARTUP_ERROR_CALLBACK */ 
 131:Generated_Source\PSoC4/cyfitter_cfg.c **** }
 132:Generated_Source\PSoC4/cyfitter_cfg.c **** #endif
 133:Generated_Source\PSoC4/cyfitter_cfg.c **** 
 134:Generated_Source\PSoC4/cyfitter_cfg.c **** 
 135:Generated_Source\PSoC4/cyfitter_cfg.c **** 
 136:Generated_Source\PSoC4/cyfitter_cfg.c **** /*******************************************************************************
 137:Generated_Source\PSoC4/cyfitter_cfg.c **** * Function Name: ClockSetup
 138:Generated_Source\PSoC4/cyfitter_cfg.c **** ********************************************************************************
 139:Generated_Source\PSoC4/cyfitter_cfg.c **** *
 140:Generated_Source\PSoC4/cyfitter_cfg.c **** * Summary:
 141:Generated_Source\PSoC4/cyfitter_cfg.c **** *   Performs the initialization of all of the clocks in the device based on the
 142:Generated_Source\PSoC4/cyfitter_cfg.c **** *   settings in the Clock tab of the DWR.  This includes enabling the requested
 143:Generated_Source\PSoC4/cyfitter_cfg.c **** *   clocks and setting the necessary dividers to produce the desired frequency. 
 144:Generated_Source\PSoC4/cyfitter_cfg.c **** *
 145:Generated_Source\PSoC4/cyfitter_cfg.c **** * Parameters:
 146:Generated_Source\PSoC4/cyfitter_cfg.c **** *   void
 147:Generated_Source\PSoC4/cyfitter_cfg.c **** *
ARM GAS  C:\Users\raymond\AppData\Local\Temp\cct6N7Rs.s 			page 4


 148:Generated_Source\PSoC4/cyfitter_cfg.c **** * Return:
 149:Generated_Source\PSoC4/cyfitter_cfg.c **** *   void
 150:Generated_Source\PSoC4/cyfitter_cfg.c **** *
 151:Generated_Source\PSoC4/cyfitter_cfg.c **** *******************************************************************************/
 152:Generated_Source\PSoC4/cyfitter_cfg.c **** static void ClockSetup(void);
 153:Generated_Source\PSoC4/cyfitter_cfg.c **** CY_CFG_SECTION
 154:Generated_Source\PSoC4/cyfitter_cfg.c **** static void ClockSetup(void)
 155:Generated_Source\PSoC4/cyfitter_cfg.c **** {
  25              		.loc 1 155 0
  26              		.cfi_startproc
  27 0000 10B5     		push	{r4, lr}
  28              		.cfi_def_cfa_offset 8
  29              		.cfi_offset 4, -8
  30              		.cfi_offset 14, -4
 156:Generated_Source\PSoC4/cyfitter_cfg.c **** 
 157:Generated_Source\PSoC4/cyfitter_cfg.c **** 	/* Set Flash Cycles based on max possible frequency in case a glitch occurs during ClockSetup(). *
 158:Generated_Source\PSoC4/cyfitter_cfg.c **** 	CY_SET_REG32((void CYXDATA *)(CYREG_CPUSS_FLASH_CTL), (0x0012u));
  31              		.loc 1 158 0
  32 0002 1D4C     		ldr	r4, .L2
  33 0004 1223     		mov	r3, #18
  34 0006 2360     		str	r3, [r4]
 159:Generated_Source\PSoC4/cyfitter_cfg.c **** 	/* Update IMO to new clock speed. */
 160:Generated_Source\PSoC4/cyfitter_cfg.c **** 	CySysClkWriteImoFreq(48u);
  35              		.loc 1 160 0
  36 0008 3020     		mov	r0, #48
  37 000a FFF7FEFF 		bl	CySysClkWriteImoFreq
  38              	.LVL0:
 161:Generated_Source\PSoC4/cyfitter_cfg.c **** 
 162:Generated_Source\PSoC4/cyfitter_cfg.c **** 	/* Setup phase aligned clocks */
 163:Generated_Source\PSoC4/cyfitter_cfg.c **** 	CY_SET_REG32((void *)CYREG_PERI_DIV_16_CTL1, 0x00000100u);
  39              		.loc 1 163 0
  40 000e 8022     		mov	r2, #128
  41 0010 5200     		lsl	r2, r2, #1
  42 0012 1A4B     		ldr	r3, .L2+4
  43 0014 1A60     		str	r2, [r3]
 164:Generated_Source\PSoC4/cyfitter_cfg.c **** 	CY_SET_REG32((void *)CYREG_PERI_DIV_CMD, 0x8000FF41u);
  44              		.loc 1 164 0
  45 0016 8023     		mov	r3, #128
  46 0018 DB05     		lsl	r3, r3, #23
  47 001a 1949     		ldr	r1, .L2+8
  48 001c 1960     		str	r1, [r3]
 165:Generated_Source\PSoC4/cyfitter_cfg.c **** 	CY_SET_REG32((void *)CYREG_PERI_DIV_16_CTL2, 0x00000100u);
  49              		.loc 1 165 0
  50 001e 1949     		ldr	r1, .L2+12
  51 0020 0A60     		str	r2, [r1]
 166:Generated_Source\PSoC4/cyfitter_cfg.c **** 	CY_SET_REG32((void *)CYREG_PERI_DIV_CMD, 0x8000FF42u);
  52              		.loc 1 166 0
  53 0022 194A     		ldr	r2, .L2+16
  54 0024 1A60     		str	r2, [r3]
 167:Generated_Source\PSoC4/cyfitter_cfg.c **** 	CY_SET_REG32((void *)CYREG_PERI_DIV_16_CTL4, 0x005DBF00u);
  55              		.loc 1 167 0
  56 0026 1949     		ldr	r1, .L2+20
  57 0028 194A     		ldr	r2, .L2+24
  58 002a 1160     		str	r1, [r2]
 168:Generated_Source\PSoC4/cyfitter_cfg.c **** 	CY_SET_REG32((void *)CYREG_PERI_DIV_CMD, 0x8000FF44u);
  59              		.loc 1 168 0
  60 002c 194A     		ldr	r2, .L2+28
ARM GAS  C:\Users\raymond\AppData\Local\Temp\cct6N7Rs.s 			page 5


  61 002e 1A60     		str	r2, [r3]
 169:Generated_Source\PSoC4/cyfitter_cfg.c **** 	CY_SET_REG32((void *)CYREG_PERI_DIV_16_CTL0, 0x0000FE00u);
  62              		.loc 1 169 0
  63 0030 FE21     		mov	r1, #254
  64 0032 0902     		lsl	r1, r1, #8
  65 0034 184A     		ldr	r2, .L2+32
  66 0036 1160     		str	r1, [r2]
 170:Generated_Source\PSoC4/cyfitter_cfg.c **** 	CY_SET_REG32((void *)CYREG_PERI_DIV_CMD, 0x8000FF40u);
  67              		.loc 1 170 0
  68 0038 184A     		ldr	r2, .L2+36
  69 003a 1A60     		str	r2, [r3]
 171:Generated_Source\PSoC4/cyfitter_cfg.c **** 	CY_SET_REG32((void *)CYREG_PERI_DIV_16_CTL3, 0x00000E00u);
  70              		.loc 1 171 0
  71 003c E021     		mov	r1, #224
  72 003e 0901     		lsl	r1, r1, #4
  73 0040 174A     		ldr	r2, .L2+40
  74 0042 1160     		str	r1, [r2]
 172:Generated_Source\PSoC4/cyfitter_cfg.c **** 	CY_SET_REG32((void *)CYREG_PERI_DIV_CMD, 0x8000FF43u);
  75              		.loc 1 172 0
  76 0044 174A     		ldr	r2, .L2+44
  77 0046 1A60     		str	r2, [r3]
 173:Generated_Source\PSoC4/cyfitter_cfg.c **** 
 174:Generated_Source\PSoC4/cyfitter_cfg.c **** 	/* CYDEV_CLK_SELECT Starting address: CYDEV_CLK_SELECT */
 175:Generated_Source\PSoC4/cyfitter_cfg.c **** 	CY_SET_XTND_REG32((void CYFAR *)(CYREG_CLK_SELECT), 0x00000024u);
  78              		.loc 1 175 0
  79 0048 2422     		mov	r2, #36
  80 004a 174B     		ldr	r3, .L2+48
  81 004c 1A60     		str	r2, [r3]
 176:Generated_Source\PSoC4/cyfitter_cfg.c **** 
 177:Generated_Source\PSoC4/cyfitter_cfg.c **** 	/* CYDEV_PERI_PCLK_CTL12 Starting address: CYDEV_PERI_PCLK_CTL12 */
 178:Generated_Source\PSoC4/cyfitter_cfg.c **** 	CY_SET_XTND_REG32((void CYFAR *)(CYREG_PERI_PCLK_CTL12), 0x00000042u);
  82              		.loc 1 178 0
  83 004e 1E32     		add	r2, r2, #30
  84 0050 164B     		ldr	r3, .L2+52
  85 0052 1A60     		str	r2, [r3]
 179:Generated_Source\PSoC4/cyfitter_cfg.c **** 
 180:Generated_Source\PSoC4/cyfitter_cfg.c **** 	/* CYDEV_PERI_PCLK_CTL4 Starting address: CYDEV_PERI_PCLK_CTL4 */
 181:Generated_Source\PSoC4/cyfitter_cfg.c **** 	CY_SET_XTND_REG32((void CYFAR *)(CYREG_PERI_PCLK_CTL4), 0x00000044u);
  86              		.loc 1 181 0
  87 0054 0232     		add	r2, r2, #2
  88 0056 164B     		ldr	r3, .L2+56
  89 0058 1A60     		str	r2, [r3]
 182:Generated_Source\PSoC4/cyfitter_cfg.c **** 
 183:Generated_Source\PSoC4/cyfitter_cfg.c **** 	/* CYDEV_PERI_PCLK_CTL3 Starting address: CYDEV_PERI_PCLK_CTL3 */
 184:Generated_Source\PSoC4/cyfitter_cfg.c **** 	CY_SET_XTND_REG32((void CYFAR *)(CYREG_PERI_PCLK_CTL3), 0x00000040u);
  90              		.loc 1 184 0
  91 005a 043A     		sub	r2, r2, #4
  92 005c 154B     		ldr	r3, .L2+60
  93 005e 1A60     		str	r2, [r3]
 185:Generated_Source\PSoC4/cyfitter_cfg.c **** 
 186:Generated_Source\PSoC4/cyfitter_cfg.c **** 	/* CYDEV_PERI_PCLK_CTL2 Starting address: CYDEV_PERI_PCLK_CTL2 */
 187:Generated_Source\PSoC4/cyfitter_cfg.c **** 	CY_SET_XTND_REG32((void CYFAR *)(CYREG_PERI_PCLK_CTL2), 0x00000043u);
  94              		.loc 1 187 0
  95 0060 0332     		add	r2, r2, #3
  96 0062 154B     		ldr	r3, .L2+64
  97 0064 1A60     		str	r2, [r3]
 188:Generated_Source\PSoC4/cyfitter_cfg.c **** 
ARM GAS  C:\Users\raymond\AppData\Local\Temp\cct6N7Rs.s 			page 6


 189:Generated_Source\PSoC4/cyfitter_cfg.c **** 	CY_SET_XTND_REG32((void CYFAR *)(CYREG_WCO_WDT_CONFIG), 0x00000000u);
  98              		.loc 1 189 0
  99 0066 0022     		mov	r2, #0
 100 0068 144B     		ldr	r3, .L2+68
 101 006a 1A60     		str	r2, [r3]
 190:Generated_Source\PSoC4/cyfitter_cfg.c **** 	CySysClkSetTimerSource(CY_SYS_CLK_TIMER_SRC_ILO);
 102              		.loc 1 190 0
 103 006c 0020     		mov	r0, #0
 104 006e FFF7FEFF 		bl	CySysClkSetTimerSource
 105              	.LVL1:
 191:Generated_Source\PSoC4/cyfitter_cfg.c **** 	/* Set Flash Cycles based on newly configured 24.00MHz HFCLK. */
 192:Generated_Source\PSoC4/cyfitter_cfg.c **** 	CY_SET_REG32((void CYXDATA *)(CYREG_CPUSS_FLASH_CTL), (0x0011u));
 106              		.loc 1 192 0
 107 0072 1123     		mov	r3, #17
 108 0074 2360     		str	r3, [r4]
 193:Generated_Source\PSoC4/cyfitter_cfg.c **** }
 109              		.loc 1 193 0
 110              		@ sp needed
 111 0076 10BD     		pop	{r4, pc}
 112              	.L3:
 113              		.align	2
 114              	.L2:
 115 0078 30001040 		.word	1074790448
 116 007c 04030040 		.word	1073742596
 117 0080 41FF0080 		.word	-2147418303
 118 0084 08030040 		.word	1073742600
 119 0088 42FF0080 		.word	-2147418302
 120 008c 00BF5D00 		.word	6143744
 121 0090 10030040 		.word	1073742608
 122 0094 44FF0080 		.word	-2147418300
 123 0098 00030040 		.word	1073742592
 124 009c 40FF0080 		.word	-2147418304
 125 00a0 0C030040 		.word	1073742604
 126 00a4 43FF0080 		.word	-2147418301
 127 00a8 28000340 		.word	1073938472
 128 00ac 30010040 		.word	1073742128
 129 00b0 10010040 		.word	1073742096
 130 00b4 0C010040 		.word	1073742092
 131 00b8 08010040 		.word	1073742088
 132 00bc 0C020640 		.word	1074135564
 133              		.cfi_endproc
 134              	.LFE4:
 135              		.size	ClockSetup, .-ClockSetup
 136              		.section	.text.SetAnalogRoutingPumps,"ax",%progbits
 137              		.align	2
 138              		.global	SetAnalogRoutingPumps
 139              		.code	16
 140              		.thumb_func
 141              		.type	SetAnalogRoutingPumps, %function
 142              	SetAnalogRoutingPumps:
 143              	.LFB6:
 194:Generated_Source\PSoC4/cyfitter_cfg.c **** 
 195:Generated_Source\PSoC4/cyfitter_cfg.c **** 
 196:Generated_Source\PSoC4/cyfitter_cfg.c **** /* Analog API Functions */
 197:Generated_Source\PSoC4/cyfitter_cfg.c **** 
 198:Generated_Source\PSoC4/cyfitter_cfg.c **** 
 199:Generated_Source\PSoC4/cyfitter_cfg.c **** /*******************************************************************************
ARM GAS  C:\Users\raymond\AppData\Local\Temp\cct6N7Rs.s 			page 7


 200:Generated_Source\PSoC4/cyfitter_cfg.c **** * Function Name: AnalogSetDefault
 201:Generated_Source\PSoC4/cyfitter_cfg.c **** ********************************************************************************
 202:Generated_Source\PSoC4/cyfitter_cfg.c **** *
 203:Generated_Source\PSoC4/cyfitter_cfg.c **** * Summary:
 204:Generated_Source\PSoC4/cyfitter_cfg.c **** *  Sets up the analog portions of the chip to default values based on chip
 205:Generated_Source\PSoC4/cyfitter_cfg.c **** *  configuration options from the project.
 206:Generated_Source\PSoC4/cyfitter_cfg.c **** *
 207:Generated_Source\PSoC4/cyfitter_cfg.c **** * Parameters:
 208:Generated_Source\PSoC4/cyfitter_cfg.c **** *  void
 209:Generated_Source\PSoC4/cyfitter_cfg.c **** *
 210:Generated_Source\PSoC4/cyfitter_cfg.c **** * Return:
 211:Generated_Source\PSoC4/cyfitter_cfg.c **** *  void
 212:Generated_Source\PSoC4/cyfitter_cfg.c **** *
 213:Generated_Source\PSoC4/cyfitter_cfg.c **** *******************************************************************************/
 214:Generated_Source\PSoC4/cyfitter_cfg.c **** static void AnalogSetDefault(void);
 215:Generated_Source\PSoC4/cyfitter_cfg.c **** static void AnalogSetDefault(void)
 216:Generated_Source\PSoC4/cyfitter_cfg.c **** {
 217:Generated_Source\PSoC4/cyfitter_cfg.c **** 	CY_SET_XTND_REG32((void CYFAR *)CYREG_HSIOM_AMUX_SPLIT_CTL2, 0x00000003u);
 218:Generated_Source\PSoC4/cyfitter_cfg.c **** 	CY_SET_XTND_REG32((void CYFAR *)CYREG_CTB0_CTB_CTRL, 0x80000000u);
 219:Generated_Source\PSoC4/cyfitter_cfg.c **** 	CY_SET_XTND_REG32((void CYFAR *)CYREG_CTB0_OA0_SW, 0x00000804u);
 220:Generated_Source\PSoC4/cyfitter_cfg.c **** 	CY_SET_XTND_REG32((void CYFAR *)CYREG_CTB0_OA1_SW, 0x01001040u);
 221:Generated_Source\PSoC4/cyfitter_cfg.c **** 	CY_SET_XTND_REG32((void CYFAR *)CYREG_CTB0_CTBBUS_SW, 0x00800000u);
 222:Generated_Source\PSoC4/cyfitter_cfg.c **** 	CY_SET_XTND_REG32((void CYFAR *)CYREG_CTB1_CTB_CTRL, 0x80000000u);
 223:Generated_Source\PSoC4/cyfitter_cfg.c **** 	CY_SET_XTND_REG32((void CYFAR *)CYREG_CTB1_OA0_SW, 0x22000004u);
 224:Generated_Source\PSoC4/cyfitter_cfg.c **** 	CY_SET_XTND_REG32((void CYFAR *)CYREG_CTB1_OA1_SW, 0x01080080u);
 225:Generated_Source\PSoC4/cyfitter_cfg.c **** 	CY_SET_XTND_REG32((void CYFAR *)CYREG_CTB1_CTBBUS_SW, 0x00020000u);
 226:Generated_Source\PSoC4/cyfitter_cfg.c **** 	CY_SET_XTND_REG32((void CYFAR *)CYREG_ART_CTRL, 0x80000000u);
 227:Generated_Source\PSoC4/cyfitter_cfg.c **** 	CY_SET_XTND_REG32((void CYFAR *)CYREG_ART_SARMUXVPLUS_SW, 0x01000012u);
 228:Generated_Source\PSoC4/cyfitter_cfg.c **** 	CY_SET_XTND_REG32((void CYFAR *)CYREG_ART_SARMUXVMINUS_SW, 0x02000020u);
 229:Generated_Source\PSoC4/cyfitter_cfg.c **** 	CY_SET_XTND_REG32((void CYFAR *)CYREG_ART_SARMUX_SW_HW_CTRL, 0x00000032u);
 230:Generated_Source\PSoC4/cyfitter_cfg.c **** 	CY_SET_XTND_REG32((void CYFAR *)CYREG_ART_CTB1VREF_SW, 0x00020000u);
 231:Generated_Source\PSoC4/cyfitter_cfg.c **** 	CY_SET_XTND_REG32((void CYFAR *)CYREG_SAR_CTRL, 0x80000000u);
 232:Generated_Source\PSoC4/cyfitter_cfg.c **** 	CY_SET_XTND_REG32((void CYFAR *)CYREG_SAR_MUX_SWITCH0, 0x000060A0u);
 233:Generated_Source\PSoC4/cyfitter_cfg.c **** 	CY_SET_XTND_REG32((void CYFAR *)CYREG_SAR_MUX_SWITCH_HW_CTRL, 0x000000E0u);
 234:Generated_Source\PSoC4/cyfitter_cfg.c **** 	CY_SET_XTND_REG32((void CYFAR *)CYREG_PASS_PASS_CTRL, 0x00000003u);
 235:Generated_Source\PSoC4/cyfitter_cfg.c **** 	CY_SET_XTND_REG32((void CYFAR *)CYREG_PASS_PRB_CTRL, 0x80000001u);
 236:Generated_Source\PSoC4/cyfitter_cfg.c **** 	CY_SET_XTND_REG32((void CYFAR *)CYREG_PASS_PRB_REF0, 0x000000F1u);
 237:Generated_Source\PSoC4/cyfitter_cfg.c **** 	CY_SET_XTND_REG32((void CYFAR *)CYREG_PASS_DSAB_DSAB_CTRL, 0x00000000u);
 238:Generated_Source\PSoC4/cyfitter_cfg.c **** 	SetAnalogRoutingPumps(1);
 239:Generated_Source\PSoC4/cyfitter_cfg.c **** }
 240:Generated_Source\PSoC4/cyfitter_cfg.c **** 
 241:Generated_Source\PSoC4/cyfitter_cfg.c **** 
 242:Generated_Source\PSoC4/cyfitter_cfg.c **** /*******************************************************************************
 243:Generated_Source\PSoC4/cyfitter_cfg.c **** * Function Name: SetAnalogRoutingPumps
 244:Generated_Source\PSoC4/cyfitter_cfg.c **** ********************************************************************************
 245:Generated_Source\PSoC4/cyfitter_cfg.c **** *
 246:Generated_Source\PSoC4/cyfitter_cfg.c **** * Summary:
 247:Generated_Source\PSoC4/cyfitter_cfg.c **** * Enables or disables the analog pumps feeding analog routing switches.
 248:Generated_Source\PSoC4/cyfitter_cfg.c **** * Intended to be called at startup, based on the Vdda system configuration;
 249:Generated_Source\PSoC4/cyfitter_cfg.c **** * may be called during operation when the user informs us that the Vdda voltage crossed the pump th
 250:Generated_Source\PSoC4/cyfitter_cfg.c **** *
 251:Generated_Source\PSoC4/cyfitter_cfg.c **** * Parameters:
 252:Generated_Source\PSoC4/cyfitter_cfg.c **** *  enabled - 1 to enable the pumps, 0 to disable the pumps
 253:Generated_Source\PSoC4/cyfitter_cfg.c **** *
 254:Generated_Source\PSoC4/cyfitter_cfg.c **** * Return:
 255:Generated_Source\PSoC4/cyfitter_cfg.c **** *  void
 256:Generated_Source\PSoC4/cyfitter_cfg.c **** *
ARM GAS  C:\Users\raymond\AppData\Local\Temp\cct6N7Rs.s 			page 8


 257:Generated_Source\PSoC4/cyfitter_cfg.c **** *******************************************************************************/
 258:Generated_Source\PSoC4/cyfitter_cfg.c **** void SetAnalogRoutingPumps(uint8 enabled)
 259:Generated_Source\PSoC4/cyfitter_cfg.c **** {
 144              		.loc 1 259 0
 145              		.cfi_startproc
 146              	.LVL2:
 260:Generated_Source\PSoC4/cyfitter_cfg.c **** 	uint32 regValue = CY_GET_XTND_REG32((void *)(CYREG_SAR_PUMP_CTRL));
 147              		.loc 1 260 0
 148 0000 064B     		ldr	r3, .L7
 149 0002 1B68     		ldr	r3, [r3]
 150              	.LVL3:
 261:Generated_Source\PSoC4/cyfitter_cfg.c **** 	if (enabled != 0u)
 151              		.loc 1 261 0
 152 0004 0028     		cmp	r0, #0
 153 0006 03D0     		beq	.L5
 262:Generated_Source\PSoC4/cyfitter_cfg.c **** 	{
 263:Generated_Source\PSoC4/cyfitter_cfg.c **** 		regValue |= 0x80000000u;
 154              		.loc 1 263 0
 155 0008 8022     		mov	r2, #128
 156 000a 1206     		lsl	r2, r2, #24
 157 000c 1343     		orr	r3, r2
 158              	.LVL4:
 159 000e 01E0     		b	.L6
 160              	.L5:
 264:Generated_Source\PSoC4/cyfitter_cfg.c **** 	}
 265:Generated_Source\PSoC4/cyfitter_cfg.c **** 	else
 266:Generated_Source\PSoC4/cyfitter_cfg.c **** 	{
 267:Generated_Source\PSoC4/cyfitter_cfg.c **** 		regValue &= ~0x80000000u;
 161              		.loc 1 267 0
 162 0010 5B00     		lsl	r3, r3, #1
 163              	.LVL5:
 164 0012 5B08     		lsr	r3, r3, #1
 165              	.LVL6:
 166              	.L6:
 268:Generated_Source\PSoC4/cyfitter_cfg.c **** 	}
 269:Generated_Source\PSoC4/cyfitter_cfg.c **** 	CY_SET_XTND_REG32((void *)(CYREG_SAR_PUMP_CTRL), regValue);
 167              		.loc 1 269 0
 168 0014 014A     		ldr	r2, .L7
 169 0016 1360     		str	r3, [r2]
 270:Generated_Source\PSoC4/cyfitter_cfg.c **** }
 170              		.loc 1 270 0
 171              		@ sp needed
 172 0018 7047     		bx	lr
 173              	.L8:
 174 001a C046     		.align	2
 175              	.L7:
 176 001c 80033A40 		.word	1077543808
 177              		.cfi_endproc
 178              	.LFE6:
 179              		.size	SetAnalogRoutingPumps, .-SetAnalogRoutingPumps
 180              		.section	.text.AnalogSetDefault,"ax",%progbits
 181              		.align	2
 182              		.code	16
 183              		.thumb_func
 184              		.type	AnalogSetDefault, %function
 185              	AnalogSetDefault:
 186              	.LFB5:
ARM GAS  C:\Users\raymond\AppData\Local\Temp\cct6N7Rs.s 			page 9


 216:Generated_Source\PSoC4/cyfitter_cfg.c **** 	CY_SET_XTND_REG32((void CYFAR *)CYREG_HSIOM_AMUX_SPLIT_CTL2, 0x00000003u);
 187              		.loc 1 216 0
 188              		.cfi_startproc
 189 0000 10B5     		push	{r4, lr}
 190              		.cfi_def_cfa_offset 8
 191              		.cfi_offset 4, -8
 192              		.cfi_offset 14, -4
 217:Generated_Source\PSoC4/cyfitter_cfg.c **** 	CY_SET_XTND_REG32((void CYFAR *)CYREG_CTB0_CTB_CTRL, 0x80000000u);
 193              		.loc 1 217 0
 194 0002 0322     		mov	r2, #3
 195 0004 1F4B     		ldr	r3, .L10
 196 0006 1A60     		str	r2, [r3]
 218:Generated_Source\PSoC4/cyfitter_cfg.c **** 	CY_SET_XTND_REG32((void CYFAR *)CYREG_CTB0_OA0_SW, 0x00000804u);
 197              		.loc 1 218 0
 198 0008 8023     		mov	r3, #128
 199 000a 1B06     		lsl	r3, r3, #24
 200 000c 1E49     		ldr	r1, .L10+4
 201 000e 0B60     		str	r3, [r1]
 219:Generated_Source\PSoC4/cyfitter_cfg.c **** 	CY_SET_XTND_REG32((void CYFAR *)CYREG_CTB0_OA1_SW, 0x01001040u);
 202              		.loc 1 219 0
 203 0010 1E48     		ldr	r0, .L10+8
 204 0012 1F49     		ldr	r1, .L10+12
 205 0014 0860     		str	r0, [r1]
 220:Generated_Source\PSoC4/cyfitter_cfg.c **** 	CY_SET_XTND_REG32((void CYFAR *)CYREG_CTB0_CTBBUS_SW, 0x00800000u);
 206              		.loc 1 220 0
 207 0016 1F48     		ldr	r0, .L10+16
 208 0018 1F49     		ldr	r1, .L10+20
 209 001a 0860     		str	r0, [r1]
 221:Generated_Source\PSoC4/cyfitter_cfg.c **** 	CY_SET_XTND_REG32((void CYFAR *)CYREG_CTB1_CTB_CTRL, 0x80000000u);
 210              		.loc 1 221 0
 211 001c 8020     		mov	r0, #128
 212 001e 0004     		lsl	r0, r0, #16
 213 0020 1E49     		ldr	r1, .L10+24
 214 0022 0860     		str	r0, [r1]
 222:Generated_Source\PSoC4/cyfitter_cfg.c **** 	CY_SET_XTND_REG32((void CYFAR *)CYREG_CTB1_OA0_SW, 0x22000004u);
 215              		.loc 1 222 0
 216 0024 1E49     		ldr	r1, .L10+28
 217 0026 0B60     		str	r3, [r1]
 223:Generated_Source\PSoC4/cyfitter_cfg.c **** 	CY_SET_XTND_REG32((void CYFAR *)CYREG_CTB1_OA1_SW, 0x01080080u);
 218              		.loc 1 223 0
 219 0028 1E48     		ldr	r0, .L10+32
 220 002a 1F49     		ldr	r1, .L10+36
 221 002c 0860     		str	r0, [r1]
 224:Generated_Source\PSoC4/cyfitter_cfg.c **** 	CY_SET_XTND_REG32((void CYFAR *)CYREG_CTB1_CTBBUS_SW, 0x00020000u);
 222              		.loc 1 224 0
 223 002e 1F48     		ldr	r0, .L10+40
 224 0030 1F49     		ldr	r1, .L10+44
 225 0032 0860     		str	r0, [r1]
 225:Generated_Source\PSoC4/cyfitter_cfg.c **** 	CY_SET_XTND_REG32((void CYFAR *)CYREG_ART_CTRL, 0x80000000u);
 226              		.loc 1 225 0
 227 0034 8021     		mov	r1, #128
 228 0036 8902     		lsl	r1, r1, #10
 229 0038 1E48     		ldr	r0, .L10+48
 230 003a 0160     		str	r1, [r0]
 226:Generated_Source\PSoC4/cyfitter_cfg.c **** 	CY_SET_XTND_REG32((void CYFAR *)CYREG_ART_SARMUXVPLUS_SW, 0x01000012u);
 231              		.loc 1 226 0
 232 003c 1E48     		ldr	r0, .L10+52
ARM GAS  C:\Users\raymond\AppData\Local\Temp\cct6N7Rs.s 			page 10


 233 003e 0360     		str	r3, [r0]
 227:Generated_Source\PSoC4/cyfitter_cfg.c **** 	CY_SET_XTND_REG32((void CYFAR *)CYREG_ART_SARMUXVMINUS_SW, 0x02000020u);
 234              		.loc 1 227 0
 235 0040 1E4C     		ldr	r4, .L10+56
 236 0042 1F48     		ldr	r0, .L10+60
 237 0044 0460     		str	r4, [r0]
 228:Generated_Source\PSoC4/cyfitter_cfg.c **** 	CY_SET_XTND_REG32((void CYFAR *)CYREG_ART_SARMUX_SW_HW_CTRL, 0x00000032u);
 238              		.loc 1 228 0
 239 0046 1F4C     		ldr	r4, .L10+64
 240 0048 1F48     		ldr	r0, .L10+68
 241 004a 0460     		str	r4, [r0]
 229:Generated_Source\PSoC4/cyfitter_cfg.c **** 	CY_SET_XTND_REG32((void CYFAR *)CYREG_ART_CTB1VREF_SW, 0x00020000u);
 242              		.loc 1 229 0
 243 004c 3224     		mov	r4, #50
 244 004e 1F48     		ldr	r0, .L10+72
 245 0050 0460     		str	r4, [r0]
 230:Generated_Source\PSoC4/cyfitter_cfg.c **** 	CY_SET_XTND_REG32((void CYFAR *)CYREG_SAR_CTRL, 0x80000000u);
 246              		.loc 1 230 0
 247 0052 1F48     		ldr	r0, .L10+76
 248 0054 0160     		str	r1, [r0]
 231:Generated_Source\PSoC4/cyfitter_cfg.c **** 	CY_SET_XTND_REG32((void CYFAR *)CYREG_SAR_MUX_SWITCH0, 0x000060A0u);
 249              		.loc 1 231 0
 250 0056 1F49     		ldr	r1, .L10+80
 251 0058 0B60     		str	r3, [r1]
 232:Generated_Source\PSoC4/cyfitter_cfg.c **** 	CY_SET_XTND_REG32((void CYFAR *)CYREG_SAR_MUX_SWITCH_HW_CTRL, 0x000000E0u);
 252              		.loc 1 232 0
 253 005a 1F49     		ldr	r1, .L10+84
 254 005c 1F4B     		ldr	r3, .L10+88
 255 005e 1960     		str	r1, [r3]
 233:Generated_Source\PSoC4/cyfitter_cfg.c **** 	CY_SET_XTND_REG32((void CYFAR *)CYREG_PASS_PASS_CTRL, 0x00000003u);
 256              		.loc 1 233 0
 257 0060 E021     		mov	r1, #224
 258 0062 1F4B     		ldr	r3, .L10+92
 259 0064 1960     		str	r1, [r3]
 234:Generated_Source\PSoC4/cyfitter_cfg.c **** 	CY_SET_XTND_REG32((void CYFAR *)CYREG_PASS_PRB_CTRL, 0x80000001u);
 260              		.loc 1 234 0
 261 0066 1F4B     		ldr	r3, .L10+96
 262 0068 1A60     		str	r2, [r3]
 235:Generated_Source\PSoC4/cyfitter_cfg.c **** 	CY_SET_XTND_REG32((void CYFAR *)CYREG_PASS_PRB_REF0, 0x000000F1u);
 263              		.loc 1 235 0
 264 006a 1F4A     		ldr	r2, .L10+100
 265 006c 1F4B     		ldr	r3, .L10+104
 266 006e 1A60     		str	r2, [r3]
 236:Generated_Source\PSoC4/cyfitter_cfg.c **** 	CY_SET_XTND_REG32((void CYFAR *)CYREG_PASS_DSAB_DSAB_CTRL, 0x00000000u);
 267              		.loc 1 236 0
 268 0070 F122     		mov	r2, #241
 269 0072 1F4B     		ldr	r3, .L10+108
 270 0074 1A60     		str	r2, [r3]
 237:Generated_Source\PSoC4/cyfitter_cfg.c **** 	SetAnalogRoutingPumps(1);
 271              		.loc 1 237 0
 272 0076 0022     		mov	r2, #0
 273 0078 1E4B     		ldr	r3, .L10+112
 274 007a 1A60     		str	r2, [r3]
 238:Generated_Source\PSoC4/cyfitter_cfg.c **** }
 275              		.loc 1 238 0
 276 007c 0120     		mov	r0, #1
 277 007e FFF7FEFF 		bl	SetAnalogRoutingPumps
ARM GAS  C:\Users\raymond\AppData\Local\Temp\cct6N7Rs.s 			page 11


 278              	.LVL7:
 239:Generated_Source\PSoC4/cyfitter_cfg.c **** 
 279              		.loc 1 239 0
 280              		@ sp needed
 281 0082 10BD     		pop	{r4, pc}
 282              	.L11:
 283              		.align	2
 284              	.L10:
 285 0084 08210240 		.word	1073881352
 286 0088 00003040 		.word	1076887552
 287 008c 04080000 		.word	2052
 288 0090 80003040 		.word	1076887680
 289 0094 40100001 		.word	16781376
 290 0098 88003040 		.word	1076887688
 291 009c 90003040 		.word	1076887696
 292 00a0 00003140 		.word	1076953088
 293 00a4 04000022 		.word	570425348
 294 00a8 80003140 		.word	1076953216
 295 00ac 80000801 		.word	17301632
 296 00b0 88003140 		.word	1076953224
 297 00b4 90003140 		.word	1076953232
 298 00b8 00003840 		.word	1077411840
 299 00bc 12000001 		.word	16777234
 300 00c0 10003840 		.word	1077411856
 301 00c4 20000002 		.word	33554464
 302 00c8 18003840 		.word	1077411864
 303 00cc 60003840 		.word	1077411936
 304 00d0 C0013840 		.word	1077412288
 305 00d4 00003A40 		.word	1077542912
 306 00d8 A0600000 		.word	24736
 307 00dc 00033A40 		.word	1077543680
 308 00e0 40033A40 		.word	1077543744
 309 00e4 08013F40 		.word	1077870856
 310 00e8 01000080 		.word	-2147483647
 311 00ec 00023F40 		.word	1077871104
 312 00f0 04023F40 		.word	1077871108
 313 00f4 000E3F40 		.word	1077874176
 314              		.cfi_endproc
 315              	.LFE5:
 316              		.size	AnalogSetDefault, .-AnalogSetDefault
 317              		.section	.psocinit
 318              		.align	2
 319              		.global	cyfitter_cfg
 320              		.code	16
 321              		.thumb_func
 322              		.type	cyfitter_cfg, %function
 323              	cyfitter_cfg:
 324              	.LFB7:
 271:Generated_Source\PSoC4/cyfitter_cfg.c **** 
 272:Generated_Source\PSoC4/cyfitter_cfg.c **** #define CY_AMUX_UNUSED CYREG_CM0P_ROM_DWT
 273:Generated_Source\PSoC4/cyfitter_cfg.c **** 
 274:Generated_Source\PSoC4/cyfitter_cfg.c **** 
 275:Generated_Source\PSoC4/cyfitter_cfg.c **** /*******************************************************************************
 276:Generated_Source\PSoC4/cyfitter_cfg.c **** * Function Name: cyfitter_cfg
 277:Generated_Source\PSoC4/cyfitter_cfg.c **** ********************************************************************************
 278:Generated_Source\PSoC4/cyfitter_cfg.c **** * Summary:
 279:Generated_Source\PSoC4/cyfitter_cfg.c **** *  This function is called by the start-up code for the selected device. It
ARM GAS  C:\Users\raymond\AppData\Local\Temp\cct6N7Rs.s 			page 12


 280:Generated_Source\PSoC4/cyfitter_cfg.c **** *  performs all of the necessary device configuration based on the design
 281:Generated_Source\PSoC4/cyfitter_cfg.c **** *  settings.  This includes settings from the Design Wide Resources (DWR) such
 282:Generated_Source\PSoC4/cyfitter_cfg.c **** *  as Clocks and Pins as well as any component configuration that is necessary.
 283:Generated_Source\PSoC4/cyfitter_cfg.c **** *
 284:Generated_Source\PSoC4/cyfitter_cfg.c **** * Parameters:  
 285:Generated_Source\PSoC4/cyfitter_cfg.c **** *   void
 286:Generated_Source\PSoC4/cyfitter_cfg.c **** *
 287:Generated_Source\PSoC4/cyfitter_cfg.c **** * Return:
 288:Generated_Source\PSoC4/cyfitter_cfg.c **** *   void
 289:Generated_Source\PSoC4/cyfitter_cfg.c **** *
 290:Generated_Source\PSoC4/cyfitter_cfg.c **** *******************************************************************************/
 291:Generated_Source\PSoC4/cyfitter_cfg.c **** CY_CFG_SECTION
 292:Generated_Source\PSoC4/cyfitter_cfg.c **** void cyfitter_cfg(void)
 293:Generated_Source\PSoC4/cyfitter_cfg.c **** {
 325              		.loc 1 293 0
 326              		.cfi_startproc
 327 00c0 08B5     		push	{r3, lr}
 328              		.cfi_def_cfa_offset 8
 329              		.cfi_offset 3, -8
 330              		.cfi_offset 14, -4
 294:Generated_Source\PSoC4/cyfitter_cfg.c **** 	/* Disable interrupts by default. Let user enable if/when they want. */
 295:Generated_Source\PSoC4/cyfitter_cfg.c **** 	CyGlobalIntDisable;
 331              		.loc 1 295 0
 332              	@ 295 "Generated_Source\PSoC4\cyfitter_cfg.c" 1
 333 00c2 72B6     		CPSID   i
 334              	@ 0 "" 2
 296:Generated_Source\PSoC4/cyfitter_cfg.c **** 
 297:Generated_Source\PSoC4/cyfitter_cfg.c **** 	{
 298:Generated_Source\PSoC4/cyfitter_cfg.c **** 		/* HSIOM Starting address: CYDEV_HSIOM_BASE */
 299:Generated_Source\PSoC4/cyfitter_cfg.c **** 		CY_SET_XTND_REG32((void CYFAR *)(CYDEV_HSIOM_BASE), 0x000000EEu);
 335              		.loc 1 299 0
 336              		.code	16
 337 00c4 EE23     		mov	r3, #238
 338 00c6 144A     		ldr	r2, .L13
 339 00c8 1360     		str	r3, [r2]
 300:Generated_Source\PSoC4/cyfitter_cfg.c **** 		CY_SET_XTND_REG32((void CYFAR *)(CYREG_HSIOM_PORT_SEL4), 0x000000EEu);
 340              		.loc 1 300 0
 341 00ca 144A     		ldr	r2, .L13+4
 342 00cc 1360     		str	r3, [r2]
 301:Generated_Source\PSoC4/cyfitter_cfg.c **** 
 302:Generated_Source\PSoC4/cyfitter_cfg.c **** 		/* PASS_SAR_TRIG_SEL Starting address: CYDEV_PASS_SAR_TRIG_SEL */
 303:Generated_Source\PSoC4/cyfitter_cfg.c **** 		CY_SET_XTND_REG32((void CYFAR *)(CYREG_PASS_SAR_TRIG_SEL), 0x00000000u);
 343              		.loc 1 303 0
 344 00ce 0022     		mov	r2, #0
 345 00d0 134B     		ldr	r3, .L13+8
 346 00d2 1A60     		str	r2, [r3]
 304:Generated_Source\PSoC4/cyfitter_cfg.c **** 
 305:Generated_Source\PSoC4/cyfitter_cfg.c **** 	}
 306:Generated_Source\PSoC4/cyfitter_cfg.c **** 
 307:Generated_Source\PSoC4/cyfitter_cfg.c **** 	/* Perform second pass device configuration. These items must be configured in specific order afte
 308:Generated_Source\PSoC4/cyfitter_cfg.c **** 	/* IOPINS0_0 Starting address: CYDEV_GPIO_PRT0_BASE */
 309:Generated_Source\PSoC4/cyfitter_cfg.c **** 	CY_SET_XTND_REG32((void CYFAR *)(CYREG_GPIO_PRT0_PC), 0x00000036u);
 347              		.loc 1 309 0
 348 00d4 3632     		add	r2, r2, #54
 349 00d6 134B     		ldr	r3, .L13+12
 350 00d8 1A60     		str	r2, [r3]
 310:Generated_Source\PSoC4/cyfitter_cfg.c **** 
ARM GAS  C:\Users\raymond\AppData\Local\Temp\cct6N7Rs.s 			page 13


 311:Generated_Source\PSoC4/cyfitter_cfg.c **** 	/* IOPINS0_1 Starting address: CYDEV_GPIO_PRT1_BASE */
 312:Generated_Source\PSoC4/cyfitter_cfg.c **** 	CY_SET_XTND_REG32((void CYFAR *)(CYDEV_GPIO_PRT1_BASE), 0x000000A9u);
 351              		.loc 1 312 0
 352 00da A923     		mov	r3, #169
 353 00dc 124A     		ldr	r2, .L13+16
 354 00de 1360     		str	r3, [r2]
 313:Generated_Source\PSoC4/cyfitter_cfg.c **** 	CY_SET_XTND_REG32((void CYFAR *)(CYREG_GPIO_PRT1_PC2), 0x000000A9u);
 355              		.loc 1 313 0
 356 00e0 124A     		ldr	r2, .L13+20
 357 00e2 1360     		str	r3, [r2]
 314:Generated_Source\PSoC4/cyfitter_cfg.c **** 
 315:Generated_Source\PSoC4/cyfitter_cfg.c **** 	/* IOPINS0_2 Starting address: CYDEV_GPIO_PRT2_BASE */
 316:Generated_Source\PSoC4/cyfitter_cfg.c **** 	CY_SET_XTND_REG32((void CYFAR *)(CYDEV_GPIO_PRT2_BASE), 0x0000001Fu);
 358              		.loc 1 316 0
 359 00e4 8A3B     		sub	r3, r3, #138
 360 00e6 124A     		ldr	r2, .L13+24
 361 00e8 1360     		str	r3, [r2]
 317:Generated_Source\PSoC4/cyfitter_cfg.c **** 	CY_SET_XTND_REG32((void CYFAR *)(CYREG_GPIO_PRT2_PC2), 0x0000001Fu);
 362              		.loc 1 317 0
 363 00ea 124A     		ldr	r2, .L13+28
 364 00ec 1360     		str	r3, [r2]
 318:Generated_Source\PSoC4/cyfitter_cfg.c **** 
 319:Generated_Source\PSoC4/cyfitter_cfg.c **** 	/* IOPINS0_3 Starting address: CYDEV_GPIO_PRT3_BASE */
 320:Generated_Source\PSoC4/cyfitter_cfg.c **** 	CY_SET_XTND_REG32((void CYFAR *)(CYDEV_GPIO_PRT3_BASE), 0x000000E0u);
 365              		.loc 1 320 0
 366 00ee C133     		add	r3, r3, #193
 367 00f0 114A     		ldr	r2, .L13+32
 368 00f2 1360     		str	r3, [r2]
 321:Generated_Source\PSoC4/cyfitter_cfg.c **** 	CY_SET_XTND_REG32((void CYFAR *)(CYREG_GPIO_PRT3_PC2), 0x000000E0u);
 369              		.loc 1 321 0
 370 00f4 114A     		ldr	r2, .L13+36
 371 00f6 1360     		str	r3, [r2]
 322:Generated_Source\PSoC4/cyfitter_cfg.c **** 
 323:Generated_Source\PSoC4/cyfitter_cfg.c **** 	/* IOPINS0_4 Starting address: CYDEV_GPIO_PRT4_BASE */
 324:Generated_Source\PSoC4/cyfitter_cfg.c **** 	CY_SET_XTND_REG32((void CYFAR *)(CYDEV_GPIO_PRT4_BASE), 0x00000003u);
 372              		.loc 1 324 0
 373 00f8 0322     		mov	r2, #3
 374 00fa 114B     		ldr	r3, .L13+40
 375 00fc 1A60     		str	r2, [r3]
 325:Generated_Source\PSoC4/cyfitter_cfg.c **** 	CY_SET_XTND_REG32((void CYFAR *)(CYREG_GPIO_PRT4_PC), 0x00000024u);
 376              		.loc 1 325 0
 377 00fe 2132     		add	r2, r2, #33
 378 0100 104B     		ldr	r3, .L13+44
 379 0102 1A60     		str	r2, [r3]
 326:Generated_Source\PSoC4/cyfitter_cfg.c **** 
 327:Generated_Source\PSoC4/cyfitter_cfg.c **** 	/* IOPINS0_5 Starting address: CYDEV_GPIO_PRT5_BASE */
 328:Generated_Source\PSoC4/cyfitter_cfg.c **** 	CY_SET_XTND_REG32((void CYFAR *)(CYDEV_GPIO_PRT5_BASE), 0x00000001u);
 380              		.loc 1 328 0
 381 0104 0123     		mov	r3, #1
 382 0106 104A     		ldr	r2, .L13+48
 383 0108 1360     		str	r3, [r2]
 329:Generated_Source\PSoC4/cyfitter_cfg.c **** 	CY_SET_XTND_REG32((void CYFAR *)(CYREG_GPIO_PRT5_PC2), 0x00000001u);
 384              		.loc 1 329 0
 385 010a 104A     		ldr	r2, .L13+52
 386 010c 1360     		str	r3, [r2]
 330:Generated_Source\PSoC4/cyfitter_cfg.c **** 
 331:Generated_Source\PSoC4/cyfitter_cfg.c **** 
ARM GAS  C:\Users\raymond\AppData\Local\Temp\cct6N7Rs.s 			page 14


 332:Generated_Source\PSoC4/cyfitter_cfg.c **** 	/* Setup clocks based on selections from Clock DWR */
 333:Generated_Source\PSoC4/cyfitter_cfg.c **** 	ClockSetup();
 387              		.loc 1 333 0
 388 010e FFF777FF 		bl	ClockSetup
 389              	.LVL8:
 334:Generated_Source\PSoC4/cyfitter_cfg.c **** 
 335:Generated_Source\PSoC4/cyfitter_cfg.c **** 	/* Perform basic analog initialization to defaults */
 336:Generated_Source\PSoC4/cyfitter_cfg.c **** 	AnalogSetDefault();
 390              		.loc 1 336 0
 391 0112 FFF7FEFF 		bl	AnalogSetDefault
 392              	.LVL9:
 337:Generated_Source\PSoC4/cyfitter_cfg.c **** 
 338:Generated_Source\PSoC4/cyfitter_cfg.c **** }
 393              		.loc 1 338 0
 394              		@ sp needed
 395 0116 08BD     		pop	{r3, pc}
 396              	.L14:
 397              		.align	2
 398              	.L13:
 399 0118 00000240 		.word	1073872896
 400 011c 00040240 		.word	1073873920
 401 0120 04013F40 		.word	1077870852
 402 0124 08000440 		.word	1074003976
 403 0128 00010440 		.word	1074004224
 404 012c 18010440 		.word	1074004248
 405 0130 00020440 		.word	1074004480
 406 0134 18020440 		.word	1074004504
 407 0138 00030440 		.word	1074004736
 408 013c 18030440 		.word	1074004760
 409 0140 00040440 		.word	1074004992
 410 0144 08040440 		.word	1074005000
 411 0148 00050440 		.word	1074005248
 412 014c 18050440 		.word	1074005272
 413              		.cfi_endproc
 414              	.LFE7:
 415              		.size	cyfitter_cfg, .-cyfitter_cfg
 416              		.text
 417              	.Letext0:
 418              		.file 2 "Generated_Source\\PSoC4\\cytypes.h"
 419              		.file 3 "Generated_Source\\PSoC4\\CyLib.h"
 420              		.file 4 "Generated_Source\\PSoC4\\CyLFClk.h"
 421              		.section	.debug_info,"",%progbits
 422              	.Ldebug_info0:
 423 0000 87010000 		.4byte	0x187
 424 0004 0400     		.2byte	0x4
 425 0006 00000000 		.4byte	.Ldebug_abbrev0
 426 000a 04       		.byte	0x4
 427 000b 01       		.uleb128 0x1
 428 000c B7010000 		.4byte	.LASF20
 429 0010 01       		.byte	0x1
 430 0011 15000000 		.4byte	.LASF21
 431 0015 48000000 		.4byte	.LASF22
 432 0019 00000000 		.4byte	.Ldebug_ranges0+0
 433 001d 00000000 		.4byte	0
 434 0021 00000000 		.4byte	.Ldebug_line0
 435 0025 02       		.uleb128 0x2
 436 0026 04       		.byte	0x4
ARM GAS  C:\Users\raymond\AppData\Local\Temp\cct6N7Rs.s 			page 15


 437 0027 05       		.byte	0x5
 438 0028 696E7400 		.ascii	"int\000"
 439 002c 03       		.uleb128 0x3
 440 002d 04       		.byte	0x4
 441 002e 07       		.byte	0x7
 442 002f 3B000000 		.4byte	.LASF0
 443 0033 03       		.uleb128 0x3
 444 0034 01       		.byte	0x1
 445 0035 06       		.byte	0x6
 446 0036 AB010000 		.4byte	.LASF1
 447 003a 03       		.uleb128 0x3
 448 003b 01       		.byte	0x1
 449 003c 08       		.byte	0x8
 450 003d 3C010000 		.4byte	.LASF2
 451 0041 03       		.uleb128 0x3
 452 0042 02       		.byte	0x2
 453 0043 05       		.byte	0x5
 454 0044 5A020000 		.4byte	.LASF3
 455 0048 03       		.uleb128 0x3
 456 0049 02       		.byte	0x2
 457 004a 07       		.byte	0x7
 458 004b 98010000 		.4byte	.LASF4
 459 004f 03       		.uleb128 0x3
 460 0050 04       		.byte	0x4
 461 0051 05       		.byte	0x5
 462 0052 4F010000 		.4byte	.LASF5
 463 0056 03       		.uleb128 0x3
 464 0057 04       		.byte	0x4
 465 0058 07       		.byte	0x7
 466 0059 D5000000 		.4byte	.LASF6
 467 005d 03       		.uleb128 0x3
 468 005e 08       		.byte	0x8
 469 005f 05       		.byte	0x5
 470 0060 00000000 		.4byte	.LASF7
 471 0064 03       		.uleb128 0x3
 472 0065 08       		.byte	0x8
 473 0066 07       		.byte	0x7
 474 0067 F4000000 		.4byte	.LASF8
 475 006b 03       		.uleb128 0x3
 476 006c 04       		.byte	0x4
 477 006d 07       		.byte	0x7
 478 006e 64020000 		.4byte	.LASF9
 479 0072 03       		.uleb128 0x3
 480 0073 01       		.byte	0x1
 481 0074 08       		.byte	0x8
 482 0075 4A010000 		.4byte	.LASF10
 483 0079 04       		.uleb128 0x4
 484 007a CF000000 		.4byte	.LASF11
 485 007e 02       		.byte	0x2
 486 007f B901     		.2byte	0x1b9
 487 0081 3A000000 		.4byte	0x3a
 488 0085 04       		.uleb128 0x4
 489 0086 0E000000 		.4byte	.LASF12
 490 008a 02       		.byte	0x2
 491 008b BB01     		.2byte	0x1bb
 492 008d 56000000 		.4byte	0x56
 493 0091 03       		.uleb128 0x3
ARM GAS  C:\Users\raymond\AppData\Local\Temp\cct6N7Rs.s 			page 16


 494 0092 04       		.byte	0x4
 495 0093 04       		.byte	0x4
 496 0094 0B010000 		.4byte	.LASF13
 497 0098 03       		.uleb128 0x3
 498 0099 08       		.byte	0x8
 499 009a 04       		.byte	0x4
 500 009b 8B010000 		.4byte	.LASF14
 501 009f 04       		.uleb128 0x4
 502 00a0 92010000 		.4byte	.LASF15
 503 00a4 02       		.byte	0x2
 504 00a5 6502     		.2byte	0x265
 505 00a7 AB000000 		.4byte	0xab
 506 00ab 05       		.uleb128 0x5
 507 00ac 85000000 		.4byte	0x85
 508 00b0 06       		.uleb128 0x6
 509 00b1 69010000 		.4byte	.LASF16
 510 00b5 01       		.byte	0x1
 511 00b6 9A       		.byte	0x9a
 512 00b7 00000000 		.4byte	.LFB4
 513 00bb C0000000 		.4byte	.LFE4-.LFB4
 514 00bf 01       		.uleb128 0x1
 515 00c0 9C       		.byte	0x9c
 516 00c1 E9000000 		.4byte	0xe9
 517 00c5 07       		.uleb128 0x7
 518 00c6 0E000000 		.4byte	.LVL0
 519 00ca 6C010000 		.4byte	0x16c
 520 00ce D9000000 		.4byte	0xd9
 521 00d2 08       		.uleb128 0x8
 522 00d3 01       		.uleb128 0x1
 523 00d4 50       		.byte	0x50
 524 00d5 02       		.uleb128 0x2
 525 00d6 08       		.byte	0x8
 526 00d7 30       		.byte	0x30
 527 00d8 00       		.byte	0
 528 00d9 09       		.uleb128 0x9
 529 00da 72000000 		.4byte	.LVL1
 530 00de 7D010000 		.4byte	0x17d
 531 00e2 08       		.uleb128 0x8
 532 00e3 01       		.uleb128 0x1
 533 00e4 50       		.byte	0x50
 534 00e5 01       		.uleb128 0x1
 535 00e6 30       		.byte	0x30
 536 00e7 00       		.byte	0
 537 00e8 00       		.byte	0
 538 00e9 0A       		.uleb128 0xa
 539 00ea 11010000 		.4byte	.LASF18
 540 00ee 01       		.byte	0x1
 541 00ef 0201     		.2byte	0x102
 542 00f1 00000000 		.4byte	.LFB6
 543 00f5 20000000 		.4byte	.LFE6-.LFB6
 544 00f9 01       		.uleb128 0x1
 545 00fa 9C       		.byte	0x9c
 546 00fb 1E010000 		.4byte	0x11e
 547 00ff 0B       		.uleb128 0xb
 548 0100 49020000 		.4byte	.LASF23
 549 0104 01       		.byte	0x1
 550 0105 0201     		.2byte	0x102
ARM GAS  C:\Users\raymond\AppData\Local\Temp\cct6N7Rs.s 			page 17


 551 0107 79000000 		.4byte	0x79
 552 010b 01       		.uleb128 0x1
 553 010c 50       		.byte	0x50
 554 010d 0C       		.uleb128 0xc
 555 010e 51020000 		.4byte	.LASF24
 556 0112 01       		.byte	0x1
 557 0113 0401     		.2byte	0x104
 558 0115 85000000 		.4byte	0x85
 559 0119 00000000 		.4byte	.LLST0
 560 011d 00       		.byte	0
 561 011e 06       		.uleb128 0x6
 562 011f 58010000 		.4byte	.LASF17
 563 0123 01       		.byte	0x1
 564 0124 D7       		.byte	0xd7
 565 0125 00000000 		.4byte	.LFB5
 566 0129 F8000000 		.4byte	.LFE5-.LFB5
 567 012d 01       		.uleb128 0x1
 568 012e 9C       		.byte	0x9c
 569 012f 43010000 		.4byte	0x143
 570 0133 09       		.uleb128 0x9
 571 0134 82000000 		.4byte	.LVL7
 572 0138 E9000000 		.4byte	0xe9
 573 013c 08       		.uleb128 0x8
 574 013d 01       		.uleb128 0x1
 575 013e 50       		.byte	0x50
 576 013f 01       		.uleb128 0x1
 577 0140 31       		.byte	0x31
 578 0141 00       		.byte	0
 579 0142 00       		.byte	0
 580 0143 0A       		.uleb128 0xa
 581 0144 E7000000 		.4byte	.LASF19
 582 0148 01       		.byte	0x1
 583 0149 2401     		.2byte	0x124
 584 014b C0000000 		.4byte	.LFB7
 585 014f 90000000 		.4byte	.LFE7-.LFB7
 586 0153 01       		.uleb128 0x1
 587 0154 9C       		.byte	0x9c
 588 0155 6C010000 		.4byte	0x16c
 589 0159 0D       		.uleb128 0xd
 590 015a 12010000 		.4byte	.LVL8
 591 015e B0000000 		.4byte	0xb0
 592 0162 0D       		.uleb128 0xd
 593 0163 16010000 		.4byte	.LVL9
 594 0167 1E010000 		.4byte	0x11e
 595 016b 00       		.byte	0
 596 016c 0E       		.uleb128 0xe
 597 016d 27010000 		.4byte	.LASF25
 598 0171 03       		.byte	0x3
 599 0172 6C       		.byte	0x6c
 600 0173 7D010000 		.4byte	0x17d
 601 0177 0F       		.uleb128 0xf
 602 0178 85000000 		.4byte	0x85
 603 017c 00       		.byte	0
 604 017d 10       		.uleb128 0x10
 605 017e 74010000 		.4byte	.LASF26
 606 0182 04       		.byte	0x4
 607 0183 9F       		.byte	0x9f
ARM GAS  C:\Users\raymond\AppData\Local\Temp\cct6N7Rs.s 			page 18


 608 0184 0F       		.uleb128 0xf
 609 0185 85000000 		.4byte	0x85
 610 0189 00       		.byte	0
 611 018a 00       		.byte	0
 612              		.section	.debug_abbrev,"",%progbits
 613              	.Ldebug_abbrev0:
 614 0000 01       		.uleb128 0x1
 615 0001 11       		.uleb128 0x11
 616 0002 01       		.byte	0x1
 617 0003 25       		.uleb128 0x25
 618 0004 0E       		.uleb128 0xe
 619 0005 13       		.uleb128 0x13
 620 0006 0B       		.uleb128 0xb
 621 0007 03       		.uleb128 0x3
 622 0008 0E       		.uleb128 0xe
 623 0009 1B       		.uleb128 0x1b
 624 000a 0E       		.uleb128 0xe
 625 000b 55       		.uleb128 0x55
 626 000c 17       		.uleb128 0x17
 627 000d 11       		.uleb128 0x11
 628 000e 01       		.uleb128 0x1
 629 000f 10       		.uleb128 0x10
 630 0010 17       		.uleb128 0x17
 631 0011 00       		.byte	0
 632 0012 00       		.byte	0
 633 0013 02       		.uleb128 0x2
 634 0014 24       		.uleb128 0x24
 635 0015 00       		.byte	0
 636 0016 0B       		.uleb128 0xb
 637 0017 0B       		.uleb128 0xb
 638 0018 3E       		.uleb128 0x3e
 639 0019 0B       		.uleb128 0xb
 640 001a 03       		.uleb128 0x3
 641 001b 08       		.uleb128 0x8
 642 001c 00       		.byte	0
 643 001d 00       		.byte	0
 644 001e 03       		.uleb128 0x3
 645 001f 24       		.uleb128 0x24
 646 0020 00       		.byte	0
 647 0021 0B       		.uleb128 0xb
 648 0022 0B       		.uleb128 0xb
 649 0023 3E       		.uleb128 0x3e
 650 0024 0B       		.uleb128 0xb
 651 0025 03       		.uleb128 0x3
 652 0026 0E       		.uleb128 0xe
 653 0027 00       		.byte	0
 654 0028 00       		.byte	0
 655 0029 04       		.uleb128 0x4
 656 002a 16       		.uleb128 0x16
 657 002b 00       		.byte	0
 658 002c 03       		.uleb128 0x3
 659 002d 0E       		.uleb128 0xe
 660 002e 3A       		.uleb128 0x3a
 661 002f 0B       		.uleb128 0xb
 662 0030 3B       		.uleb128 0x3b
 663 0031 05       		.uleb128 0x5
 664 0032 49       		.uleb128 0x49
ARM GAS  C:\Users\raymond\AppData\Local\Temp\cct6N7Rs.s 			page 19


 665 0033 13       		.uleb128 0x13
 666 0034 00       		.byte	0
 667 0035 00       		.byte	0
 668 0036 05       		.uleb128 0x5
 669 0037 35       		.uleb128 0x35
 670 0038 00       		.byte	0
 671 0039 49       		.uleb128 0x49
 672 003a 13       		.uleb128 0x13
 673 003b 00       		.byte	0
 674 003c 00       		.byte	0
 675 003d 06       		.uleb128 0x6
 676 003e 2E       		.uleb128 0x2e
 677 003f 01       		.byte	0x1
 678 0040 03       		.uleb128 0x3
 679 0041 0E       		.uleb128 0xe
 680 0042 3A       		.uleb128 0x3a
 681 0043 0B       		.uleb128 0xb
 682 0044 3B       		.uleb128 0x3b
 683 0045 0B       		.uleb128 0xb
 684 0046 27       		.uleb128 0x27
 685 0047 19       		.uleb128 0x19
 686 0048 11       		.uleb128 0x11
 687 0049 01       		.uleb128 0x1
 688 004a 12       		.uleb128 0x12
 689 004b 06       		.uleb128 0x6
 690 004c 40       		.uleb128 0x40
 691 004d 18       		.uleb128 0x18
 692 004e 9742     		.uleb128 0x2117
 693 0050 19       		.uleb128 0x19
 694 0051 01       		.uleb128 0x1
 695 0052 13       		.uleb128 0x13
 696 0053 00       		.byte	0
 697 0054 00       		.byte	0
 698 0055 07       		.uleb128 0x7
 699 0056 898201   		.uleb128 0x4109
 700 0059 01       		.byte	0x1
 701 005a 11       		.uleb128 0x11
 702 005b 01       		.uleb128 0x1
 703 005c 31       		.uleb128 0x31
 704 005d 13       		.uleb128 0x13
 705 005e 01       		.uleb128 0x1
 706 005f 13       		.uleb128 0x13
 707 0060 00       		.byte	0
 708 0061 00       		.byte	0
 709 0062 08       		.uleb128 0x8
 710 0063 8A8201   		.uleb128 0x410a
 711 0066 00       		.byte	0
 712 0067 02       		.uleb128 0x2
 713 0068 18       		.uleb128 0x18
 714 0069 9142     		.uleb128 0x2111
 715 006b 18       		.uleb128 0x18
 716 006c 00       		.byte	0
 717 006d 00       		.byte	0
 718 006e 09       		.uleb128 0x9
 719 006f 898201   		.uleb128 0x4109
 720 0072 01       		.byte	0x1
 721 0073 11       		.uleb128 0x11
ARM GAS  C:\Users\raymond\AppData\Local\Temp\cct6N7Rs.s 			page 20


 722 0074 01       		.uleb128 0x1
 723 0075 31       		.uleb128 0x31
 724 0076 13       		.uleb128 0x13
 725 0077 00       		.byte	0
 726 0078 00       		.byte	0
 727 0079 0A       		.uleb128 0xa
 728 007a 2E       		.uleb128 0x2e
 729 007b 01       		.byte	0x1
 730 007c 3F       		.uleb128 0x3f
 731 007d 19       		.uleb128 0x19
 732 007e 03       		.uleb128 0x3
 733 007f 0E       		.uleb128 0xe
 734 0080 3A       		.uleb128 0x3a
 735 0081 0B       		.uleb128 0xb
 736 0082 3B       		.uleb128 0x3b
 737 0083 05       		.uleb128 0x5
 738 0084 27       		.uleb128 0x27
 739 0085 19       		.uleb128 0x19
 740 0086 11       		.uleb128 0x11
 741 0087 01       		.uleb128 0x1
 742 0088 12       		.uleb128 0x12
 743 0089 06       		.uleb128 0x6
 744 008a 40       		.uleb128 0x40
 745 008b 18       		.uleb128 0x18
 746 008c 9742     		.uleb128 0x2117
 747 008e 19       		.uleb128 0x19
 748 008f 01       		.uleb128 0x1
 749 0090 13       		.uleb128 0x13
 750 0091 00       		.byte	0
 751 0092 00       		.byte	0
 752 0093 0B       		.uleb128 0xb
 753 0094 05       		.uleb128 0x5
 754 0095 00       		.byte	0
 755 0096 03       		.uleb128 0x3
 756 0097 0E       		.uleb128 0xe
 757 0098 3A       		.uleb128 0x3a
 758 0099 0B       		.uleb128 0xb
 759 009a 3B       		.uleb128 0x3b
 760 009b 05       		.uleb128 0x5
 761 009c 49       		.uleb128 0x49
 762 009d 13       		.uleb128 0x13
 763 009e 02       		.uleb128 0x2
 764 009f 18       		.uleb128 0x18
 765 00a0 00       		.byte	0
 766 00a1 00       		.byte	0
 767 00a2 0C       		.uleb128 0xc
 768 00a3 34       		.uleb128 0x34
 769 00a4 00       		.byte	0
 770 00a5 03       		.uleb128 0x3
 771 00a6 0E       		.uleb128 0xe
 772 00a7 3A       		.uleb128 0x3a
 773 00a8 0B       		.uleb128 0xb
 774 00a9 3B       		.uleb128 0x3b
 775 00aa 05       		.uleb128 0x5
 776 00ab 49       		.uleb128 0x49
 777 00ac 13       		.uleb128 0x13
 778 00ad 02       		.uleb128 0x2
ARM GAS  C:\Users\raymond\AppData\Local\Temp\cct6N7Rs.s 			page 21


 779 00ae 17       		.uleb128 0x17
 780 00af 00       		.byte	0
 781 00b0 00       		.byte	0
 782 00b1 0D       		.uleb128 0xd
 783 00b2 898201   		.uleb128 0x4109
 784 00b5 00       		.byte	0
 785 00b6 11       		.uleb128 0x11
 786 00b7 01       		.uleb128 0x1
 787 00b8 31       		.uleb128 0x31
 788 00b9 13       		.uleb128 0x13
 789 00ba 00       		.byte	0
 790 00bb 00       		.byte	0
 791 00bc 0E       		.uleb128 0xe
 792 00bd 2E       		.uleb128 0x2e
 793 00be 01       		.byte	0x1
 794 00bf 3F       		.uleb128 0x3f
 795 00c0 19       		.uleb128 0x19
 796 00c1 03       		.uleb128 0x3
 797 00c2 0E       		.uleb128 0xe
 798 00c3 3A       		.uleb128 0x3a
 799 00c4 0B       		.uleb128 0xb
 800 00c5 3B       		.uleb128 0x3b
 801 00c6 0B       		.uleb128 0xb
 802 00c7 27       		.uleb128 0x27
 803 00c8 19       		.uleb128 0x19
 804 00c9 3C       		.uleb128 0x3c
 805 00ca 19       		.uleb128 0x19
 806 00cb 01       		.uleb128 0x1
 807 00cc 13       		.uleb128 0x13
 808 00cd 00       		.byte	0
 809 00ce 00       		.byte	0
 810 00cf 0F       		.uleb128 0xf
 811 00d0 05       		.uleb128 0x5
 812 00d1 00       		.byte	0
 813 00d2 49       		.uleb128 0x49
 814 00d3 13       		.uleb128 0x13
 815 00d4 00       		.byte	0
 816 00d5 00       		.byte	0
 817 00d6 10       		.uleb128 0x10
 818 00d7 2E       		.uleb128 0x2e
 819 00d8 01       		.byte	0x1
 820 00d9 3F       		.uleb128 0x3f
 821 00da 19       		.uleb128 0x19
 822 00db 03       		.uleb128 0x3
 823 00dc 0E       		.uleb128 0xe
 824 00dd 3A       		.uleb128 0x3a
 825 00de 0B       		.uleb128 0xb
 826 00df 3B       		.uleb128 0x3b
 827 00e0 0B       		.uleb128 0xb
 828 00e1 27       		.uleb128 0x27
 829 00e2 19       		.uleb128 0x19
 830 00e3 3C       		.uleb128 0x3c
 831 00e4 19       		.uleb128 0x19
 832 00e5 00       		.byte	0
 833 00e6 00       		.byte	0
 834 00e7 00       		.byte	0
 835              		.section	.debug_loc,"",%progbits
ARM GAS  C:\Users\raymond\AppData\Local\Temp\cct6N7Rs.s 			page 22


 836              	.Ldebug_loc0:
 837              	.LLST0:
 838 0000 04000000 		.4byte	.LVL3
 839 0004 12000000 		.4byte	.LVL5
 840 0008 0100     		.2byte	0x1
 841 000a 53       		.byte	0x53
 842 000b 14000000 		.4byte	.LVL6
 843 000f 20000000 		.4byte	.LFE6
 844 0013 0100     		.2byte	0x1
 845 0015 53       		.byte	0x53
 846 0016 00000000 		.4byte	0
 847 001a 00000000 		.4byte	0
 848              		.section	.debug_aranges,"",%progbits
 849 0000 34000000 		.4byte	0x34
 850 0004 0200     		.2byte	0x2
 851 0006 00000000 		.4byte	.Ldebug_info0
 852 000a 04       		.byte	0x4
 853 000b 00       		.byte	0
 854 000c 0000     		.2byte	0
 855 000e 0000     		.2byte	0
 856 0010 00000000 		.4byte	.LFB4
 857 0014 C0000000 		.4byte	.LFE4-.LFB4
 858 0018 00000000 		.4byte	.LFB6
 859 001c 20000000 		.4byte	.LFE6-.LFB6
 860 0020 00000000 		.4byte	.LFB5
 861 0024 F8000000 		.4byte	.LFE5-.LFB5
 862 0028 C0000000 		.4byte	.LFB7
 863 002c 90000000 		.4byte	.LFE7-.LFB7
 864 0030 00000000 		.4byte	0
 865 0034 00000000 		.4byte	0
 866              		.section	.debug_ranges,"",%progbits
 867              	.Ldebug_ranges0:
 868 0000 00000000 		.4byte	.LFB4
 869 0004 C0000000 		.4byte	.LFE4
 870 0008 00000000 		.4byte	.LFB6
 871 000c 20000000 		.4byte	.LFE6
 872 0010 00000000 		.4byte	.LFB5
 873 0014 F8000000 		.4byte	.LFE5
 874 0018 C0000000 		.4byte	.LFB7
 875 001c 50010000 		.4byte	.LFE7
 876 0020 00000000 		.4byte	0
 877 0024 00000000 		.4byte	0
 878              		.section	.debug_line,"",%progbits
 879              	.Ldebug_line0:
 880 0000 E1000000 		.section	.debug_str,"MS",%progbits,1
 880      02006100 
 880      00000201 
 880      FB0E0D00 
 880      01010101 
 881              	.LASF7:
 882 0000 6C6F6E67 		.ascii	"long long int\000"
 882      206C6F6E 
 882      6720696E 
 882      7400
 883              	.LASF12:
 884 000e 75696E74 		.ascii	"uint32\000"
 884      333200
ARM GAS  C:\Users\raymond\AppData\Local\Temp\cct6N7Rs.s 			page 23


 885              	.LASF21:
 886 0015 47656E65 		.ascii	"Generated_Source\\PSoC4\\cyfitter_cfg.c\000"
 886      72617465 
 886      645F536F 
 886      75726365 
 886      5C50536F 
 887              	.LASF0:
 888 003b 756E7369 		.ascii	"unsigned int\000"
 888      676E6564 
 888      20696E74 
 888      00
 889              	.LASF22:
 890 0048 5C5C4D61 		.ascii	"\\\\Mac\\Home\\Documents\\IUSB\\IU\\Spring-2017\\CS"
 890      635C486F 
 890      6D655C44 
 890      6F63756D 
 890      656E7473 
 891 0073 43492D42 		.ascii	"CI-B541\\project\\Project 2\\Project-WhileYouWereOu"
 891      3534315C 
 891      70726F6A 
 891      6563745C 
 891      50726F6A 
 892 00a3 742D6D61 		.ascii	"t-master\\PSOCFirmware\\BabyRoomWatcher.cydsn\000"
 892      73746572 
 892      5C50534F 
 892      43466972 
 892      6D776172 
 893              	.LASF11:
 894 00cf 75696E74 		.ascii	"uint8\000"
 894      3800
 895              	.LASF6:
 896 00d5 6C6F6E67 		.ascii	"long unsigned int\000"
 896      20756E73 
 896      69676E65 
 896      6420696E 
 896      7400
 897              	.LASF19:
 898 00e7 63796669 		.ascii	"cyfitter_cfg\000"
 898      74746572 
 898      5F636667 
 898      00
 899              	.LASF8:
 900 00f4 6C6F6E67 		.ascii	"long long unsigned int\000"
 900      206C6F6E 
 900      6720756E 
 900      7369676E 
 900      65642069 
 901              	.LASF13:
 902 010b 666C6F61 		.ascii	"float\000"
 902      7400
 903              	.LASF18:
 904 0111 53657441 		.ascii	"SetAnalogRoutingPumps\000"
 904      6E616C6F 
 904      67526F75 
 904      74696E67 
 904      50756D70 
 905              	.LASF25:
ARM GAS  C:\Users\raymond\AppData\Local\Temp\cct6N7Rs.s 			page 24


 906 0127 43795379 		.ascii	"CySysClkWriteImoFreq\000"
 906      73436C6B 
 906      57726974 
 906      65496D6F 
 906      46726571 
 907              	.LASF2:
 908 013c 756E7369 		.ascii	"unsigned char\000"
 908      676E6564 
 908      20636861 
 908      7200
 909              	.LASF10:
 910 014a 63686172 		.ascii	"char\000"
 910      00
 911              	.LASF5:
 912 014f 6C6F6E67 		.ascii	"long int\000"
 912      20696E74 
 912      00
 913              	.LASF17:
 914 0158 416E616C 		.ascii	"AnalogSetDefault\000"
 914      6F675365 
 914      74446566 
 914      61756C74 
 914      00
 915              	.LASF16:
 916 0169 436C6F63 		.ascii	"ClockSetup\000"
 916      6B536574 
 916      757000
 917              	.LASF26:
 918 0174 43795379 		.ascii	"CySysClkSetTimerSource\000"
 918      73436C6B 
 918      53657454 
 918      696D6572 
 918      536F7572 
 919              	.LASF14:
 920 018b 646F7562 		.ascii	"double\000"
 920      6C6500
 921              	.LASF15:
 922 0192 72656733 		.ascii	"reg32\000"
 922      3200
 923              	.LASF4:
 924 0198 73686F72 		.ascii	"short unsigned int\000"
 924      7420756E 
 924      7369676E 
 924      65642069 
 924      6E7400
 925              	.LASF1:
 926 01ab 7369676E 		.ascii	"signed char\000"
 926      65642063 
 926      68617200 
 927              	.LASF20:
 928 01b7 474E5520 		.ascii	"GNU C 4.9.3 20150303 (release) [ARM/embedded-4_9-br"
 928      4320342E 
 928      392E3320 
 928      32303135 
 928      30333033 
 929 01ea 616E6368 		.ascii	"anch revision 221220] -mcpu=cortex-m0plus -mthumb -"
 929      20726576 
ARM GAS  C:\Users\raymond\AppData\Local\Temp\cct6N7Rs.s 			page 25


 929      6973696F 
 929      6E203232 
 929      31323230 
 930 021d 67202D4F 		.ascii	"g -Og -ffunction-sections -ffat-lto-objects\000"
 930      67202D66 
 930      66756E63 
 930      74696F6E 
 930      2D736563 
 931              	.LASF23:
 932 0249 656E6162 		.ascii	"enabled\000"
 932      6C656400 
 933              	.LASF24:
 934 0251 72656756 		.ascii	"regValue\000"
 934      616C7565 
 934      00
 935              	.LASF3:
 936 025a 73686F72 		.ascii	"short int\000"
 936      7420696E 
 936      7400
 937              	.LASF9:
 938 0264 73697A65 		.ascii	"sizetype\000"
 938      74797065 
 938      00
 939              		.ident	"GCC: (GNU Tools for ARM Embedded Processors) 4.9.3 20150303 (release) [ARM/embedded-4_9-br
